Component: ARM Compiler 5.06 update 7 (build 960) Tool: armlink [4d3601]

==============================================================================

Section Cross References

    adc.o(i.ADCIntRegister) refers to adc.o(i._ADCIntNumberGet) for _ADCIntNumberGet
    adc.o(i.ADCIntRegister) refers to interrupt.o(i.IntRegister) for IntRegister
    adc.o(i.ADCIntRegister) refers to interrupt.o(i.IntEnable) for IntEnable
    adc.o(i.ADCIntUnregister) refers to adc.o(i._ADCIntNumberGet) for _ADCIntNumberGet
    adc.o(i.ADCIntUnregister) refers to interrupt.o(i.IntDisable) for IntDisable
    adc.o(i.ADCIntUnregister) refers to interrupt.o(i.IntUnregister) for IntUnregister
    adc.o(i.ADCSoftwareOversampleConfigure) refers to adc.o(.data) for .data
    adc.o(i.ADCSoftwareOversampleDataGet) refers to adc.o(.data) for .data
    adc.o(i.ADCSoftwareOversampleStepConfigure) refers to adc.o(.data) for .data
    aes.o(i.AESDataAuth) refers to aes.o(i.AESLengthSet) for AESLengthSet
    aes.o(i.AESDataAuth) refers to aes.o(i.AESDataWrite) for AESDataWrite
    aes.o(i.AESDataAuth) refers to aes.o(i.AESTagRead) for AESTagRead
    aes.o(i.AESDataProcess) refers to aes.o(i.AESLengthSet) for AESLengthSet
    aes.o(i.AESDataProcess) refers to aes.o(i.AESDataWrite) for AESDataWrite
    aes.o(i.AESDataProcess) refers to aes.o(i.AESDataRead) for AESDataRead
    aes.o(i.AESDataProcessAuth) refers to aes.o(i.AESLengthSet) for AESLengthSet
    aes.o(i.AESDataProcessAuth) refers to aes.o(i.AESDataWrite) for AESDataWrite
    aes.o(i.AESDataProcessAuth) refers to aes.o(i.AESDataRead) for AESDataRead
    aes.o(i.AESDataProcessAuth) refers to aes.o(i.AESTagRead) for AESTagRead
    aes.o(i.AESIntRegister) refers to interrupt.o(i.IntRegister) for IntRegister
    aes.o(i.AESIntRegister) refers to interrupt.o(i.IntEnable) for IntEnable
    aes.o(i.AESIntUnregister) refers to interrupt.o(i.IntDisable) for IntDisable
    aes.o(i.AESIntUnregister) refers to interrupt.o(i.IntUnregister) for IntUnregister
    can.o(i.CANBitRateSet) refers to can.o(.constdata) for .constdata
    can.o(i.CANIntRegister) refers to can.o(i._CANIntNumberGet) for _CANIntNumberGet
    can.o(i.CANIntRegister) refers to interrupt.o(i.IntRegister) for IntRegister
    can.o(i.CANIntRegister) refers to interrupt.o(i.IntEnable) for IntEnable
    can.o(i.CANIntUnregister) refers to can.o(i._CANIntNumberGet) for _CANIntNumberGet
    can.o(i.CANIntUnregister) refers to interrupt.o(i.IntDisable) for IntDisable
    can.o(i.CANIntUnregister) refers to interrupt.o(i.IntUnregister) for IntUnregister
    comp.o(i.ComparatorIntRegister) refers to interrupt.o(i.IntRegister) for IntRegister
    comp.o(i.ComparatorIntRegister) refers to interrupt.o(i.IntEnable) for IntEnable
    comp.o(i.ComparatorIntUnregister) refers to interrupt.o(i.IntDisable) for IntDisable
    comp.o(i.ComparatorIntUnregister) refers to interrupt.o(i.IntUnregister) for IntUnregister
    crc.o(i.CRCDataProcess) refers to crc.o(i.CRCResultRead) for CRCResultRead
    des.o(i.DESDataProcess) refers to des.o(i.DESDataWriteNonBlocking) for DESDataWriteNonBlocking
    des.o(i.DESDataProcess) refers to des.o(i.DESDataReadNonBlocking) for DESDataReadNonBlocking
    des.o(i.DESIntRegister) refers to interrupt.o(i.IntRegister) for IntRegister
    des.o(i.DESIntRegister) refers to interrupt.o(i.IntEnable) for IntEnable
    des.o(i.DESIntUnregister) refers to interrupt.o(i.IntDisable) for IntDisable
    des.o(i.DESIntUnregister) refers to interrupt.o(i.IntUnregister) for IntUnregister
    eeprom.o(i.EEPROMInit) refers to sysctl.o(.emb_text) for SysCtlDelay
    eeprom.o(i.EEPROMInit) refers to eeprom.o(i._EEPROMWaitForDone) for _EEPROMWaitForDone
    eeprom.o(i.EEPROMInit) refers to sysctl.o(i.SysCtlPeripheralReset) for SysCtlPeripheralReset
    eeprom.o(i.EEPROMIntClear) refers to eeprom.o(i._EEPROMSectorMaskClear) for _EEPROMSectorMaskClear
    eeprom.o(i.EEPROMMassErase) refers to eeprom.o(i._EEPROMSectorMaskClear) for _EEPROMSectorMaskClear
    eeprom.o(i.EEPROMMassErase) refers to eeprom.o(i._EEPROMWaitForDone) for _EEPROMWaitForDone
    eeprom.o(i.EEPROMMassErase) refers to sysctl.o(i.SysCtlPeripheralReset) for SysCtlPeripheralReset
    eeprom.o(i.EEPROMMassErase) refers to sysctl.o(.emb_text) for SysCtlDelay
    eeprom.o(i.EEPROMProgram) refers to eeprom.o(i._EEPROMSectorMaskSet) for _EEPROMSectorMaskSet
    eeprom.o(i.EEPROMProgram) refers to sysctl.o(.emb_text) for SysCtlDelay
    eeprom.o(i.EEPROMProgram) refers to eeprom.o(i._EEPROMSectorMaskClear) for _EEPROMSectorMaskClear
    eeprom.o(i.EEPROMProgramNonBlocking) refers to eeprom.o(i._EEPROMSectorMaskSet) for _EEPROMSectorMaskSet
    eeprom.o(i._EEPROMSectorMaskClear) refers to sysctl.o(.emb_text) for SysCtlDelay
    eeprom.o(i._EEPROMSectorMaskSet) refers to sysctl.o(.emb_text) for SysCtlDelay
    emac.o(i.EMACHashFilterBitCalculate) refers to sw_crc.o(i.Crc32) for Crc32
    emac.o(i.EMACInit) refers to emac.o(.constdata) for .constdata
[...]
    u8x8_d_ssd1306_sh1106_generic            0x000029a1   Thumb Code   194  u8x8_d_ssd1306_128x64_noname.o(i.u8x8_d_ssd1306_sh1106_generic)
    i.u8x8_dummy_cb                          0x00002a68   Section        0  u8x8_setup.o(i.u8x8_dummy_cb)
    i.u8x8_gpio_and_delay                    0x00002a6c   Section        0  oled.o(i.u8x8_gpio_and_delay)
    i.u8x8_gpio_call                         0x00002ab8   Section        0  u8x8_gpio.o(i.u8x8_gpio_call)
    i.u8x8_i2c_data_transfer                 0x00002ac4   Section        0  u8x8_cad.o(i.u8x8_i2c_data_transfer)
    u8x8_i2c_data_transfer                   0x00002ac5   Thumb Code    44  u8x8_cad.o(i.u8x8_i2c_data_transfer)
    i.u8x8_utf8_init                         0x00002af0   Section        0  u8x8_8x8.o(i.u8x8_utf8_init)
    x$fpl$d2f                                0x00002af8   Section       98  d2f.o(x$fpl$d2f)
    $v0                                      0x00002af8   Number         0  d2f.o(x$fpl$d2f)
    x$fpl$dadd                               0x00002b5c   Section      336  daddsub_clz.o(x$fpl$dadd)
    $v0                                      0x00002b5c   Number         0  daddsub_clz.o(x$fpl$dadd)
    _dadd1                                   0x00002b6d   Thumb Code     0  daddsub_clz.o(x$fpl$dadd)
    x$fpl$dcmpinf                            0x00002cac   Section       24  dcmpi.o(x$fpl$dcmpinf)
    $v0                                      0x00002cac   Number         0  dcmpi.o(x$fpl$dcmpinf)
    x$fpl$ddiv                               0x00002cc4   Section      688  ddiv.o(x$fpl$ddiv)
    $v0                                      0x00002cc4   Number         0  ddiv.o(x$fpl$ddiv)
    ddiv_entry                               0x00002ccb   Thumb Code     0  ddiv.o(x$fpl$ddiv)
    x$fpl$dfix                               0x00002f74   Section       94  dfix.o(x$fpl$dfix)
    $v0                                      0x00002f74   Number         0  dfix.o(x$fpl$dfix)
    x$fpl$dflt                               0x00002fd2   Section       46  dflt_clz.o(x$fpl$dflt)
    $v0                                      0x00002fd2   Number         0  dflt_clz.o(x$fpl$dflt)
    x$fpl$dleqf                              0x00003000   Section      120  dleqf.o(x$fpl$dleqf)
    $v0                                      0x00003000   Number         0  dleqf.o(x$fpl$dleqf)
    x$fpl$dmul                               0x00003078   Section      340  dmul.o(x$fpl$dmul)
    $v0                                      0x00003078   Number         0  dmul.o(x$fpl$dmul)
    x$fpl$dnaninf                            0x000031cc   Section      156  dnaninf.o(x$fpl$dnaninf)
    $v0                                      0x000031cc   Number         0  dnaninf.o(x$fpl$dnaninf)
    x$fpl$dretinf                            0x00003268   Section       12  dretinf.o(x$fpl$dretinf)
    $v0                                      0x00003268   Number         0  dretinf.o(x$fpl$dretinf)
    x$fpl$drleqf                             0x00003274   Section      108  drleqf.o(x$fpl$drleqf)
    $v0                                      0x00003274   Number         0  drleqf.o(x$fpl$drleqf)
    x$fpl$drsb                               0x000032e0   Section       22  daddsub_clz.o(x$fpl$drsb)
    $v0                                      0x000032e0   Number         0  daddsub_clz.o(x$fpl$drsb)
    x$fpl$dsub                               0x000032f8   Section      468  daddsub_clz.o(x$fpl$dsub)
    $v0                                      0x000032f8   Number         0  daddsub_clz.o(x$fpl$dsub)
    _dsub1                                   0x00003309   Thumb Code     0  daddsub_clz.o(x$fpl$dsub)
    x$fpl$f2d                                0x000034cc   Section       86  f2d.o(x$fpl$f2d)
    $v0                                      0x000034cc   Number         0  f2d.o(x$fpl$f2d)
    x$fpl$fnaninf                            0x00003522   Section      140  fnaninf.o(x$fpl$fnaninf)
    $v0                                      0x00003522   Number         0  fnaninf.o(x$fpl$fnaninf)
    x$fpl$fpinit                             0x000035ae   Section       10  fpinit.o(x$fpl$fpinit)
    $v0                                      0x000035ae   Number         0  fpinit.o(x$fpl$fpinit)
    x$fpl$fretinf                            0x000035b8   Section       10  fretinf.o(x$fpl$fretinf)
    $v0                                      0x000035b8   Number         0  fretinf.o(x$fpl$fretinf)
    x$fpl$usenofp                            0x000035c2   Section        0  usenofp.o(x$fpl$usenofp)
    .constdata                               0x000035c4   Section      552  gpio.o(.constdata)
    g_ppui32GPIOIntMapBlizzard               0x000035c4   Data         192  gpio.o(.constdata)
    g_ppui32GPIOIntMapSnowflake              0x00003684   Data         216  gpio.o(.constdata)
    g_pui32GPIOBaseAddrs                     0x0000375c   Data         144  gpio.o(.constdata)
    .constdata                               0x000037ec   Section      268  interrupt.o(.constdata)
    g_pui32Priority                          0x000037ec   Data          32  interrupt.o(.constdata)
    g_pui32Regs                              0x0000380c   Data         156  interrupt.o(.constdata)
    g_pui32EnRegs                            0x000038a8   Data          20  interrupt.o(.constdata)
    g_pui32Dii16Regs                         0x000038bc   Data          20  interrupt.o(.constdata)
    g_pui32PendRegs                          0x000038d0   Data          20  interrupt.o(.constdata)
    g_pui32UnpendRegs                        0x000038e4   Data          20  interrupt.o(.constdata)
    .constdata                               0x000038f8   Section      596  sysctl.o(.constdata)
    g_pui32VCOFrequencies                    0x000038f8   Data           8  sysctl.o(.constdata)
    g_pui32Xtals                             0x00003900   Data         108  sysctl.o(.constdata)
    g_pppui32XTALtoVCO                       0x0000396c   Data         432  sysctl.o(.constdata)
    g_sXTALtoMEMTIM                          0x00003b1c   Data          48  sysctl.o(.constdata)
    .constdata                               0x00003b4c   Section      160  timer.o(.constdata)
    g_ppui32TimerIntMap                      0x00003b4c   Data          96  timer.o(.constdata)
    g_ppui32TimerIntMapSnowflake             0x00003bac   Data          64  timer.o(.constdata)
    .constdata                               0x00003bec   Section     2451  u8g2_fonts.o(.constdata)
    .constdata                               0x00004580   Section       12  u8g2_setup.o(.constdata)
    .constdata                               0x0000458c   Section      344  u8x8_d_ssd1306_128x64_noname.o(.constdata)
    u8x8_d_ssd1306_128x64_noname_powersave0_seq 0x0000458c   Data           5  u8x8_d_ssd1306_128x64_noname.o(.constdata)
    u8x8_d_ssd1306_128x64_noname_powersave1_seq 0x00004591   Data           5  u8x8_d_ssd1306_128x64_noname.o(.constdata)
    u8x8_d_ssd1306_128x64_noname_flip0_seq   0x00004596   Data           7  u8x8_d_ssd1306_128x64_noname.o(.constdata)
    u8x8_d_ssd1306_128x64_noname_flip1_seq   0x0000459d   Data           7  u8x8_d_ssd1306_128x64_noname.o(.constdata)
    u8x8_d_ssd1312_128x64_noname_flip0_seq   0x000045a4   Data           7  u8x8_d_ssd1306_128x64_noname.o(.constdata)
    u8x8_d_ssd1312_128x64_noname_flip1_seq   0x000045ab   Data           7  u8x8_d_ssd1306_128x64_noname.o(.constdata)
    u8x8_d_ssd1306_128x64_noname_init_seq    0x000045b2   Data          53  u8x8_d_ssd1306_128x64_noname.o(.constdata)
    u8x8_d_ssd1306_128x64_vcomh0_init_seq    0x000045e7   Data          53  u8x8_d_ssd1306_128x64_noname.o(.constdata)
    u8x8_d_ssd1306_128x64_alt0_init_seq      0x0000461c   Data          53  u8x8_d_ssd1306_128x64_noname.o(.constdata)
    u8x8_d_sh1106_128x64_winstar_init_seq    0x00004651   Data          45  u8x8_d_ssd1306_128x64_noname.o(.constdata)
    u8x8_d_ssd1312_128x64_noname_init_seq    0x0000467e   Data          53  u8x8_d_ssd1306_128x64_noname.o(.constdata)
    u8x8_ssd1306_128x64_noname_display_info  0x000046b4   Data          24  u8x8_d_ssd1306_128x64_noname.o(.constdata)
    u8x8_sh1106_128x64_noname_display_info   0x000046cc   Data          24  u8x8_d_ssd1306_128x64_noname.o(.constdata)
    .data                                    0x20000000   Section        2  main.o(.data)
    .data                                    0x20000002   Section        2  main.o(.data)
    .data                                    0x20000004   Section        1  main.o(.data)
    .data                                    0x20000005   Section        1  oled.o(.data)
    buf_idx                                  0x20000005   Data           1  oled.o(.data)
    .data                                    0x20000008   Section       12  bsp_qei.o(.data)
    .data                                    0x20000014   Section       52  control.o(.data)
    .data                                    0x20000048   Section       12  bsp_sensor.o(.data)
    .data                                    0x20000054   Section        6  u8x8_cad.o(.data)
    in_transfer                              0x20000054   Data           1  u8x8_cad.o(.data)
    in_transfer                              0x20000055   Data           1  u8x8_cad.o(.data)
    in_transfer                              0x20000056   Data           1  u8x8_cad.o(.data)
    is_data                                  0x20000057   Data           1  u8x8_cad.o(.data)
    in_transfer                              0x20000058   Data           1  u8x8_cad.o(.data)
    is_data                                  0x20000059   Data           1  u8x8_cad.o(.data)
    vtable                                   0x20000400   Section      620  interrupt.o(vtable)
    g_pfnRAMVectors                          0x20000400   Data         620  interrupt.o(vtable)
    .bss                                     0x2000066c   Section      198  main.o(.bss)
    .bss                                     0x20000732   Section      128  oled.o(.bss)
    buffer                                   0x20000732   Data         128  oled.o(.bss)
    .bss                                     0x200007b8   Section      160  data_pid.o(.bss)
    .bss                                     0x20000858   Section     1024  u8g2_d_memory.o(.bss)
    buf                                      0x20000858   Data        1024  u8g2_d_memory.o(.bss)
    .bss                                     0x20000c58   Section       96  libspace.o(.bss)
    HEAP                                     0x20000cb8   Section        0  startup_tm4c123.o(HEAP)
    STACK                                    0x20000cb8   Section      512  startup_tm4c123.o(STACK)
    Heap_Mem                                 0x20000cb8   Data           0  startup_tm4c123.o(HEAP)
    Stack_Mem                                0x20000cb8   Data         512  startup_tm4c123.o(STACK)
    __initial_sp                             0x20000eb8   Data           0  startup_tm4c123.o(STACK)

    Global Symbols

    Symbol Name                              Value     Ov Type        Size  Object(Section)

    BuildAttributes$$THM_ISAv4$E$P$D$K$B$S$7EM$VFPi3$EXTD16$VFPS$VFMA$PE$A:L22UL41UL21$X:L11$S22US41US21$IEEE1$IW$USESV6$~STKCKD$USESV7$~SHL$OSPACE$ROPI$EBA8$UX$STANDARDLIB$REQ8$PRES8$EABIv2 0x00000000   Number         0  anon$$obj.o ABSOLUTE
    __ARM_use_no_argv                        0x00000000   Number         0  main.o ABSOLUTE
    __Vectors                                0x00000000   Data           4  startup_tm4c123.o(RESET)
    __ARM_exceptions_init                     - Undefined Weak Reference
    __alloca_initialize                       - Undefined Weak Reference
    __arm_fini_                               - Undefined Weak Reference
    __arm_preinit_                            - Undefined Weak Reference
    __cpp_initialize__aeabi_                  - Undefined Weak Reference
    __cxa_finalize                            - Undefined Weak Reference
    __rt_locale                               - Undefined Weak Reference
    __sigvec_lookup                           - Undefined Weak Reference
    _atexit_init                              - Undefined Weak Reference
    _call_atexit_fns                          - Undefined Weak Reference
    _clock_init                               - Undefined Weak Reference
    _fp_trap_init                             - Undefined Weak Reference
    _fp_trap_shutdown                         - Undefined Weak Reference
    _get_lc_collate                           - Undefined Weak Reference
    _get_lc_ctype                             - Undefined Weak Reference
    _get_lc_monetary                          - Undefined Weak Reference
    _get_lc_numeric                           - Undefined Weak Reference
    _get_lc_time                              - Undefined Weak Reference
    _getenv_init                              - Undefined Weak Reference
    _handle_redirection                       - Undefined Weak Reference
    _init_alloc                               - Undefined Weak Reference
    _init_user_alloc                          - Undefined Weak Reference
    _initio                                   - Undefined Weak Reference
    _printf_post_padding                      - Undefined Weak Reference
    _printf_pre_padding                       - Undefined Weak Reference
    _printf_truncate_signed                   - Undefined Weak Reference
    _printf_truncate_unsigned                 - Undefined Weak Reference
    _rand_init                                - Undefined Weak Reference
    _signal_finish                            - Undefined Weak Reference
    _signal_init                              - Undefined Weak Reference
    _terminate_alloc                          - Undefined Weak Reference
    _terminate_user_alloc                     - Undefined Weak Reference
    _terminateio                              - Undefined Weak Reference
    __Vectors_End                            0x0000026c   Data           0  startup_tm4c123.o(RESET)
    __Vectors_Size                           0x0000026c   Number         0  startup_tm4c123.o ABSOLUTE
    __main                                   0x0000026d   Thumb Code     8  __main.o(!!!main)
    __scatterload                            0x00000275   Thumb Code     0  __scatter.o(!!!scatter)
    __scatterload_rt2                        0x00000275   Thumb Code    44  __scatter.o(!!!scatter)
    __scatterload_rt2_thumb_only             0x00000275   Thumb Code     0  __scatter.o(!!!scatter)
    __scatterload_null                       0x00000283   Thumb Code     0  __scatter.o(!!!scatter)
    __decompress                             0x000002a9   Thumb Code    58  __dczerorl.o(!!dczerorl)
    __decompress0                            0x000002a9   Thumb Code     0  __dczerorl.o(!!dczerorl)
    __scatterload_zeroinit                   0x000002e5   Thumb Code    28  __scatter_zi.o(!!handler_zi)
    _printf_d                                0x00000301   Thumb Code     0  _printf_d.o(.ARM.Collect$$_printf_percent$$00000009)
    _printf_percent                          0x00000301   Thumb Code     0  _printf_percent.o(.ARM.Collect$$_printf_percent$$00000000)
    _printf_percent_end                      0x00000307   Thumb Code     0  _printf_percent_end.o(.ARM.Collect$$_printf_percent$$00000017)
    __rt_lib_init                            0x0000030b   Thumb Code     0  libinit.o(.ARM.Collect$$libinit$$00000000)
    __rt_lib_init_fp_1                       0x0000030d   Thumb Code     0  libinit2.o(.ARM.Collect$$libinit$$00000001)
    __rt_lib_init_alloca_1                   0x00000311   Thumb Code     0  libinit2.o(.ARM.Collect$$libinit$$0000002E)
    __rt_lib_init_argv_1                     0x00000311   Thumb Code     0  libinit2.o(.ARM.Collect$$libinit$$0000002C)
    __rt_lib_init_atexit_1                   0x00000311   Thumb Code     0  libinit2.o(.ARM.Collect$$libinit$$0000001B)
    __rt_lib_init_clock_1                    0x00000311   Thumb Code     0  libinit2.o(.ARM.Collect$$libinit$$00000021)
    __rt_lib_init_cpp_1                      0x00000311   Thumb Code     0  libinit2.o(.ARM.Collect$$libinit$$00000032)
    __rt_lib_init_exceptions_1               0x00000311   Thumb Code     0  libinit2.o(.ARM.Collect$$libinit$$00000030)
    __rt_lib_init_fp_trap_1                  0x00000311   Thumb Code     0  libinit2.o(.ARM.Collect$$libinit$$0000001F)
    __rt_lib_init_getenv_1                   0x00000311   Thumb Code     0  libinit2.o(.ARM.Collect$$libinit$$00000023)
    __rt_lib_init_heap_1                     0x00000311   Thumb Code     0  libinit2.o(.ARM.Collect$$libinit$$0000000A)
    __rt_lib_init_lc_collate_1               0x00000311   Thumb Code     0  libinit2.o(.ARM.Collect$$libinit$$00000011)
    __rt_lib_init_lc_ctype_1                 0x00000311   Thumb Code     0  libinit2.o(.ARM.Collect$$libinit$$00000013)
    __rt_lib_init_lc_monetary_1              0x00000311   Thumb Code     0  libinit2.o(.ARM.Collect$$libinit$$00000015)
    __rt_lib_init_lc_numeric_1               0x00000311   Thumb Code     0  libinit2.o(.ARM.Collect$$libinit$$00000017)
    __rt_lib_init_lc_time_1                  0x00000311   Thumb Code     0  libinit2.o(.ARM.Collect$$libinit$$00000019)
    __rt_lib_init_preinit_1                  0x00000311   Thumb Code     0  libinit2.o(.ARM.Collect$$libinit$$00000004)
    __rt_lib_init_rand_1                     0x00000311   Thumb Code     0  libinit2.o(.ARM.Collect$$libinit$$0000000E)
    __rt_lib_init_return                     0x00000311   Thumb Code     0  libinit2.o(.ARM.Collect$$libinit$$00000033)
    __rt_lib_init_signal_1                   0x00000311   Thumb Code     0  libinit2.o(.ARM.Collect$$libinit$$0000001D)
    __rt_lib_init_stdio_1                    0x00000311   Thumb Code     0  libinit2.o(.ARM.Collect$$libinit$$00000025)
    __rt_lib_init_user_alloc_1               0x00000311   Thumb Code     0  libinit2.o(.ARM.Collect$$libinit$$0000000C)
    __rt_lib_shutdown                        0x00000313   Thumb Code     0  libshutdown.o(.ARM.Collect$$libshutdown$$00000000)
    __rt_lib_shutdown_cpp_1                  0x00000315   Thumb Code     0  libshutdown2.o(.ARM.Collect$$libshutdown$$00000004)
    __rt_lib_shutdown_fini_1                 0x00000315   Thumb Code     0  libshutdown2.o(.ARM.Collect$$libshutdown$$00000002)
    __rt_lib_shutdown_fp_trap_1              0x00000315   Thumb Code     0  libshutdown2.o(.ARM.Collect$$libshutdown$$00000009)
    __rt_lib_shutdown_heap_1                 0x00000315   Thumb Code     0  libshutdown2.o(.ARM.Collect$$libshutdown$$00000011)
    __rt_lib_shutdown_return                 0x00000315   Thumb Code     0  libshutdown2.o(.ARM.Collect$$libshutdown$$00000012)
    __rt_lib_shutdown_signal_1               0x00000315   Thumb Code     0  libshutdown2.o(.ARM.Collect$$libshutdown$$0000000C)
    __rt_lib_shutdown_stdio_1                0x00000315   Thumb Code     0  libshutdown2.o(.ARM.Collect$$libshutdown$$00000006)
    __rt_lib_shutdown_user_alloc_1           0x00000315   Thumb Code     0  libshutdown2.o(.ARM.Collect$$libshutdown$$0000000E)
    __rt_entry                               0x00000317   Thumb Code     0  __rtentry.o(.ARM.Collect$$rtentry$$00000000)
    __rt_entry_presh_1                       0x00000317   Thumb Code     0  __rtentry2.o(.ARM.Collect$$rtentry$$00000002)
    __rt_entry_sh                            0x00000317   Thumb Code     0  __rtentry4.o(.ARM.Collect$$rtentry$$00000004)
    __rt_entry_li                            0x0000031d   Thumb Code     0  __rtentry2.o(.ARM.Collect$$rtentry$$0000000A)
    __rt_entry_postsh_1                      0x0000031d   Thumb Code     0  __rtentry2.o(.ARM.Collect$$rtentry$$00000009)
    __rt_entry_main                          0x00000321   Thumb Code     0  __rtentry2.o(.ARM.Collect$$rtentry$$0000000D)
    __rt_entry_postli_1                      0x00000321   Thumb Code     0  __rtentry2.o(.ARM.Collect$$rtentry$$0000000C)
    __rt_exit                                0x00000329   Thumb Code     0  rtexit.o(.ARM.Collect$$rtexit$$00000000)
    __rt_exit_ls                             0x0000032b   Thumb Code     0  rtexit2.o(.ARM.Collect$$rtexit$$00000003)
    __rt_exit_prels_1                        0x0000032b   Thumb Code     0  rtexit2.o(.ARM.Collect$$rtexit$$00000002)
    __rt_exit_exit                           0x0000032f   Thumb Code     0  rtexit2.o(.ARM.Collect$$rtexit$$00000004)
    CPUcpsid                                 0x00000335   Thumb Code     8  cpu.o(.emb_text)
    CPUprimask                               0x0000033d   Thumb Code     6  cpu.o(.emb_text)
    CPUcpsie                                 0x00000343   Thumb Code     8  cpu.o(.emb_text)
    CPUwfi                                   0x0000034b   Thumb Code     4  cpu.o(.emb_text)
    CPUbasepriSet                            0x0000034f   Thumb Code     6  cpu.o(.emb_text)
    CPUbasepriGet                            0x00000355   Thumb Code     6  cpu.o(.emb_text)
    SysCtlDelay                              0x0000035d   Thumb Code     6  sysctl.o(.emb_text)
    Reset_Handler                            0x00000365   Thumb Code     8  startup_tm4c123.o(.text)
    NMI_Handler                              0x0000036d   Thumb Code     2  startup_tm4c123.o(.text)
    HardFault_Handler                        0x0000036f   Thumb Code     2  startup_tm4c123.o(.text)
    MemManage_Handler                        0x00000371   Thumb Code     2  startup_tm4c123.o(.text)
    BusFault_Handler                         0x00000373   Thumb Code     2  startup_tm4c123.o(.text)
    UsageFault_Handler                       0x00000375   Thumb Code     2  startup_tm4c123.o(.text)
    SVC_Handler                              0x00000377   Thumb Code     2  startup_tm4c123.o(.text)
    DebugMon_Handler                         0x00000379   Thumb Code     2  startup_tm4c123.o(.text)
    PendSV_Handler                           0x0000037b   Thumb Code     2  startup_tm4c123.o(.text)
    SysTick_Handler                          0x0000037d   Thumb Code     2  startup_tm4c123.o(.text)
    GPIOA_Handler                            0x0000037f   Thumb Code     2  startup_tm4c123.o(.text)
    GPIOB_Handler                            0x00000381   Thumb Code     2  startup_tm4c123.o(.text)
    GPIOC_Handler                            0x00000383   Thumb Code     2  startup_tm4c123.o(.text)
    GPIOD_Handler                            0x00000385   Thumb Code     2  startup_tm4c123.o(.text)
    GPIOE_Handler                            0x00000387   Thumb Code     2  startup_tm4c123.o(.text)
    UART0_Handler                            0x00000389   Thumb Code     2  startup_tm4c123.o(.text)
    UART1_Handler                            0x0000038b   Thumb Code     2  startup_tm4c123.o(.text)
    SSI0_Handler                             0x0000038d   Thumb Code     2  startup_tm4c123.o(.text)
    I2C0_Handler                             0x0000038f   Thumb Code     2  startup_tm4c123.o(.text)
    PMW0_FAULT_Handler                       0x00000391   Thumb Code     2  startup_tm4c123.o(.text)
    PWM0_0_Handler                           0x00000393   Thumb Code     2  startup_tm4c123.o(.text)
    PWM0_1_Handler                           0x00000395   Thumb Code     2  startup_tm4c123.o(.text)
    PWM0_2_Handler                           0x00000397   Thumb Code     2  startup_tm4c123.o(.text)
    QEI0_Handler                             0x00000399   Thumb Code     2  startup_tm4c123.o(.text)
    ADC0SS0_Handler                          0x0000039b   Thumb Code     2  startup_tm4c123.o(.text)
    ADC0SS1_Handler                          0x0000039d   Thumb Code     2  startup_tm4c123.o(.text)
    ADC0SS2_Handler                          0x0000039f   Thumb Code     2  startup_tm4c123.o(.text)
    ADC0SS3_Handler                          0x000003a1   Thumb Code     2  startup_tm4c123.o(.text)
    WDT0_Handler                             0x000003a3   Thumb Code     2  startup_tm4c123.o(.text)
    TIMER0A_Handler                          0x000003a5   Thumb Code     2  startup_tm4c123.o(.text)
    TIMER0B_Handler                          0x000003a7   Thumb Code     2  startup_tm4c123.o(.text)
    TIMER1A_Handler                          0x000003a9   Thumb Code     2  startup_tm4c123.o(.text)
    TIMER1B_Handler                          0x000003ab   Thumb Code     2  startup_tm4c123.o(.text)
    TIMER2A_Handler                          0x000003ad   Thumb Code     2  startup_tm4c123.o(.text)
    TIMER2B_Handler                          0x000003af   Thumb Code     2  startup_tm4c123.o(.text)
    COMP0_Handler                            0x000003b1   Thumb Code     2  startup_tm4c123.o(.text)
    COMP1_Handler                            0x000003b3   Thumb Code     2  startup_tm4c123.o(.text)
    COMP2_Handler                            0x000003b5   Thumb Code     2  startup_tm4c123.o(.text)
    SYSCTL_Handler                           0x000003b7   Thumb Code     2  startup_tm4c123.o(.text)
    FLASH_Handler                            0x000003b9   Thumb Code     2  startup_tm4c123.o(.text)
    GPIOF_Handler                            0x000003bb   Thumb Code     2  startup_tm4c123.o(.text)
    GPIOG_Handler                            0x000003bd   Thumb Code     2  startup_tm4c123.o(.text)
    GPIOH_Handler                            0x000003bf   Thumb Code     2  startup_tm4c123.o(.text)
    UART2_Handler                            0x000003c1   Thumb Code     2  startup_tm4c123.o(.text)
    SSI1_Handler                             0x000003c3   Thumb Code     2  startup_tm4c123.o(.text)
    TIMER3A_Handler                          0x000003c5   Thumb Code     2  startup_tm4c123.o(.text)
    TIMER3B_Handler                          0x000003c7   Thumb Code     2  startup_tm4c123.o(.text)
    I2C1_Handler                             0x000003c9   Thumb Code     2  startup_tm4c123.o(.text)
    QEI1_Handler                             0x000003cb   Thumb Code     2  startup_tm4c123.o(.text)
    CAN0_Handler                             0x000003cd   Thumb Code     2  startup_tm4c123.o(.text)
    CAN1_Handler                             0x000003cf   Thumb Code     2  startup_tm4c123.o(.text)
    CAN2_Handler                             0x000003d1   Thumb Code     2  startup_tm4c123.o(.text)
    HIB_Handler                              0x000003d3   Thumb Code     2  startup_tm4c123.o(.text)
    USB0_Handler                             0x000003d5   Thumb Code     2  startup_tm4c123.o(.text)
    PWM0_3_Handler                           0x000003d7   Thumb Code     2  startup_tm4c123.o(.text)
    UDMA_Handler                             0x000003d9   Thumb Code     2  startup_tm4c123.o(.text)
    UDMAERR_Handler                          0x000003db   Thumb Code     2  startup_tm4c123.o(.text)
    ADC1SS0_Handler                          0x000003dd   Thumb Code     2  startup_tm4c123.o(.text)
    ADC1SS1_Handler                          0x000003df   Thumb Code     2  startup_tm4c123.o(.text)
    ADC1SS2_Handler                          0x000003e1   Thumb Code     2  startup_tm4c123.o(.text)
    ADC1SS3_Handler                          0x000003e3   Thumb Code     2  startup_tm4c123.o(.text)
    GPIOJ_Handler                            0x000003e5   Thumb Code     2  startup_tm4c123.o(.text)
    GPIOK_Handler                            0x000003e7   Thumb Code     2  startup_tm4c123.o(.text)
    GPIOL_Handler                            0x000003e9   Thumb Code     2  startup_tm4c123.o(.text)
    SSI2_Handler                             0x000003eb   Thumb Code     2  startup_tm4c123.o(.text)
    SSI3_Handler                             0x000003ed   Thumb Code     2  startup_tm4c123.o(.text)
    UART3_Handler                            0x000003ef   Thumb Code     2  startup_tm4c123.o(.text)
    UART4_Handler                            0x000003f1   Thumb Code     2  startup_tm4c123.o(.text)
    UART5_Handler                            0x000003f3   Thumb Code     2  startup_tm4c123.o(.text)
    UART6_Handler                            0x000003f5   Thumb Code     2  startup_tm4c123.o(.text)
    UART7_Handler                            0x000003f7   Thumb Code     2  startup_tm4c123.o(.text)
    I2C2_Handler                             0x000003f9   Thumb Code     2  startup_tm4c123.o(.text)
    I2C3_Handler                             0x000003fb   Thumb Code     2  startup_tm4c123.o(.text)
    TIMER4A_Handler                          0x000003fd   Thumb Code     2  startup_tm4c123.o(.text)
    TIMER4B_Handler                          0x000003ff   Thumb Code     2  startup_tm4c123.o(.text)
    TIMER5A_Handler                          0x00000401   Thumb Code     2  startup_tm4c123.o(.text)
    TIMER5B_Handler                          0x00000403   Thumb Code     2  startup_tm4c123.o(.text)
    WTIMER0A_Handler                         0x00000405   Thumb Code     2  startup_tm4c123.o(.text)
    WTIMER0B_Handler                         0x00000407   Thumb Code     2  startup_tm4c123.o(.text)
    WTIMER1A_Handler                         0x00000409   Thumb Code     2  startup_tm4c123.o(.text)
    WTIMER1B_Handler                         0x0000040b   Thumb Code     2  startup_tm4c123.o(.text)
    WTIMER2A_Handler                         0x0000040d   Thumb Code     2  startup_tm4c123.o(.text)
    WTIMER2B_Handler                         0x0000040f   Thumb Code     2  startup_tm4c123.o(.text)
    WTIMER3A_Handler                         0x00000411   Thumb Code     2  startup_tm4c123.o(.text)
    WTIMER3B_Handler                         0x00000413   Thumb Code     2  startup_tm4c123.o(.text)
    WTIMER4A_Handler                         0x00000415   Thumb Code     2  startup_tm4c123.o(.text)
    WTIMER4B_Handler                         0x00000417   Thumb Code     2  startup_tm4c123.o(.text)
    WTIMER5A_Handler                         0x00000419   Thumb Code     2  startup_tm4c123.o(.text)
    WTIMER5B_Handler                         0x0000041b   Thumb Code     2  startup_tm4c123.o(.text)
    FPU_Handler                              0x0000041d   Thumb Code     2  startup_tm4c123.o(.text)
    I2C4_Handler                             0x0000041f   Thumb Code     2  startup_tm4c123.o(.text)
    I2C5_Handler                             0x00000421   Thumb Code     2  startup_tm4c123.o(.text)
    GPIOM_Handler                            0x00000423   Thumb Code     2  startup_tm4c123.o(.text)
    GPION_Handler                            0x00000425   Thumb Code     2  startup_tm4c123.o(.text)
    QEI2_Handler                             0x00000427   Thumb Code     2  startup_tm4c123.o(.text)
    GPIOP0_Handler                           0x00000429   Thumb Code     2  startup_tm4c123.o(.text)
    GPIOP1_Handler                           0x0000042b   Thumb Code     2  startup_tm4c123.o(.text)
    GPIOP2_Handler                           0x0000042d   Thumb Code     2  startup_tm4c123.o(.text)
    GPIOP3_Handler                           0x0000042f   Thumb Code     2  startup_tm4c123.o(.text)
    GPIOP4_Handler                           0x00000431   Thumb Code     2  startup_tm4c123.o(.text)
    GPIOP5_Handler                           0x00000433   Thumb Code     2  startup_tm4c123.o(.text)
    GPIOP6_Handler                           0x00000435   Thumb Code     2  startup_tm4c123.o(.text)
    GPIOP7_Handler                           0x00000437   Thumb Code     2  startup_tm4c123.o(.text)
    GPIOQ0_Handler                           0x00000439   Thumb Code     2  startup_tm4c123.o(.text)
    GPIOQ1_Handler                           0x0000043b   Thumb Code     2  startup_tm4c123.o(.text)
    GPIOQ2_Handler                           0x0000043d   Thumb Code     2  startup_tm4c123.o(.text)
    GPIOQ3_Handler                           0x0000043f   Thumb Code     2  startup_tm4c123.o(.text)
    GPIOQ4_Handler                           0x00000441   Thumb Code     2  startup_tm4c123.o(.text)
    GPIOQ5_Handler                           0x00000443   Thumb Code     2  startup_tm4c123.o(.text)
    GPIOQ6_Handler                           0x00000445   Thumb Code     2  startup_tm4c123.o(.text)
    GPIOQ7_Handler                           0x00000447   Thumb Code     2  startup_tm4c123.o(.text)
    GPIOR_Handler                            0x00000449   Thumb Code     2  startup_tm4c123.o(.text)
    GPIOS_Handler                            0x0000044b   Thumb Code     2  startup_tm4c123.o(.text)
    PMW1_0_Handler                           0x0000044d   Thumb Code     2  startup_tm4c123.o(.text)
    PWM1_1_Handler                           0x0000044f   Thumb Code     2  startup_tm4c123.o(.text)
    PWM1_2_Handler                           0x00000451   Thumb Code     2  startup_tm4c123.o(.text)
    PWM1_3_Handler                           0x00000453   Thumb Code     2  startup_tm4c123.o(.text)
    PWM1_FAULT_Handler                       0x00000455   Thumb Code     2  startup_tm4c123.o(.text)
    __user_initial_stackheap                 0x00000459   Thumb Code     0  startup_tm4c123.o(.text)
    __2sprintf                               0x00000479   Thumb Code    34  noretval__2sprintf.o(.text)
    __printf                                 0x000004a1   Thumb Code   104  __printf.o(.text)
    _printf_int_dec                          0x00000509   Thumb Code   104  _printf_dec.o(.text)
    __aeabi_memclr                           0x00000581   Thumb Code     0  rt_memclr.o(.text)
    __rt_memclr                              0x00000581   Thumb Code    68  rt_memclr.o(.text)
    _memset                                  0x00000585   Thumb Code     0  rt_memclr.o(.text)
    __aeabi_memclr4                          0x000005c5   Thumb Code     0  rt_memclr_w.o(.text)
    __aeabi_memclr8                          0x000005c5   Thumb Code     0  rt_memclr_w.o(.text)
    __rt_memclr_w                            0x000005c5   Thumb Code    78  rt_memclr_w.o(.text)
    _memset_w                                0x000005c9   Thumb Code     0  rt_memclr_w.o(.text)
    __use_two_region_memory                  0x00000613   Thumb Code     2  heapauxi.o(.text)
    __rt_heap_escrow$2region                 0x00000615   Thumb Code     2  heapauxi.o(.text)
    __rt_heap_expand$2region                 0x00000617   Thumb Code     2  heapauxi.o(.text)
    _printf_int_common                       0x00000619   Thumb Code   178  _printf_intcommon.o(.text)
    _printf_char_common                      0x000006d7   Thumb Code    32  _printf_char_common.o(.text)
    _sputc                                   0x000006fd   Thumb Code    10  _sputc.o(.text)
    __user_setup_stackheap                   0x00000707   Thumb Code    74  sys_stackheap_outer.o(.text)
    exit                                     0x00000751   Thumb Code    18  exit.o(.text)
    __user_libspace                          0x00000765   Thumb Code     8  libspace.o(.text)
    __user_perproc_libspace                  0x00000765   Thumb Code     0  libspace.o(.text)
    __user_perthread_libspace                0x00000765   Thumb Code     0  libspace.o(.text)
    _sys_exit                                0x0000076d   Thumb Code     8  sys_exit.o(.text)
    __I$use$semihosting                      0x00000779   Thumb Code     0  use_no_semi.o(.text)
    __use_no_semihosting_swi                 0x00000779   Thumb Code     2  use_no_semi.o(.text)
    __semihosting_library_function           0x0000077b   Thumb Code     0  indicate_semi.o(.text)
    All_Init                                 0x0000077d   Thumb Code    50  init.o(i.All_Init)
    Car_go                                   0x000007b9   Thumb Code   108  control.o(i.Car_go)
    Followline_Init                          0x0000084d   Thumb Code   100  bsp_sensor.o(i.Followline_Init)
    GPIODirModeSet                           0x000008c1   Thumb Code    38  gpio.o(i.GPIODirModeSet)
    GPIOPadConfigSet                         0x000008e7   Thumb Code   284  gpio.o(i.GPIOPadConfigSet)
    GPIOPinConfigure                         0x00000a05   Thumb Code    58  gpio.o(i.GPIOPinConfigure)
    GPIOPinRead                              0x00000a49   Thumb Code     6  gpio.o(i.GPIOPinRead)
    GPIOPinTypeGPIOOutput                    0x00000a4f   Thumb Code    28  gpio.o(i.GPIOPinTypeGPIOOutput)
    GPIOPinTypeI2C                           0x00000a6b   Thumb Code    28  gpio.o(i.GPIOPinTypeI2C)
    GPIOPinTypeI2CSCL                        0x00000a87   Thumb Code    28  gpio.o(i.GPIOPinTypeI2CSCL)
    GPIOPinTypePWM                           0x00000aa3   Thumb Code    28  gpio.o(i.GPIOPinTypePWM)
    GPIOPinTypeQEI                           0x00000abf   Thumb Code    28  gpio.o(i.GPIOPinTypeQEI)
    GPIOPinWrite                             0x00000adb   Thumb Code     6  gpio.o(i.GPIOPinWrite)
    GetMotorPulse                            0x00000ae1   Thumb Code    62  bsp_qei.o(i.GetMotorPulse)
    Get_Line                                 0x00000b2d   Thumb Code    60  bsp_sensor.o(i.Get_Line)
    GoStraight_control                       0x00000b79   Thumb Code   172  bsp_sensor.o(i.GoStraight_control)
    I2CMasterBusy                            0x00000c2d   Thumb Code    10  i2c.o(i.I2CMasterBusy)
    I2CMasterControl                         0x00000c37   Thumb Code     4  i2c.o(i.I2CMasterControl)
    I2CMasterDataPut                         0x00000c3b   Thumb Code     4  i2c.o(i.I2CMasterDataPut)
    I2CMasterInitExpClk                      0x00000c41   Thumb Code    68  i2c.o(i.I2CMasterInitExpClk)
    I2CMasterSlaveAddrSet                    0x00000c91   Thumb Code     8  i2c.o(i.I2CMasterSlaveAddrSet)
    I2CSendDataBlock                         0x00000c99   Thumb Code   124  iic.o(i.I2CSendDataBlock)
    InitI2C0                                 0x00000d19   Thumb Code    74  iic.o(i.InitI2C0)
    IntEnable                                0x00000d85   Thumb Code    84  interrupt.o(i.IntEnable)
    IntMasterEnable                          0x00000de1   Thumb Code    14  interrupt.o(i.IntMasterEnable)
    IntPrioritySet                           0x00000df1   Thumb Code    30  interrupt.o(i.IntPrioritySet)
    IntRegister                              0x00000e15   Thumb Code    38  interrupt.o(i.IntRegister)
    Location_Speed_control                   0x00000e45   Thumb Code    80  control.o(i.Location_Speed_control)
    MotorGpio_Init                           0x00000ea1   Thumb Code    70  control.o(i.MotorGpio_Init)
    MotorOutput                              0x00000ef1   Thumb Code    84  control.o(i.MotorOutput)
    PWMGenConfigure                          0x00000f45   Thumb Code    36  pwm.o(i.PWMGenConfigure)
    PWMGenEnable                             0x00000f6d   Thumb Code    10  pwm.o(i.PWMGenEnable)
    PWMGenPeriodSet                          0x00000f77   Thumb Code    20  pwm.o(i.PWMGenPeriodSet)
    PWMOutputState                           0x00000f8b   Thumb Code    16  pwm.o(i.PWMOutputState)
    PWMPulseWidthSet                         0x00000f9b   Thumb Code    30  pwm.o(i.PWMPulseWidthSet)
    Pid_param_Init                           0x00000fb9   Thumb Code   182  data_pid.o(i.Pid_param_Init)
    Pwm_Init                                 0x000010a1   Thumb Code    88  bsp_pwm.o(i.Pwm_Init)
    QEIConfigure                             0x00001111   Thumb Code    14  qei.o(i.QEIConfigure)
    QEIEnable                                0x0000111f   Thumb Code    10  qei.o(i.QEIEnable)
    QEIPositionGet                           0x00001129   Thumb Code     4  qei.o(i.QEIPositionGet)
    QEIPositionSet                           0x0000112d   Thumb Code     4  qei.o(i.QEIPositionSet)
    Qei_Init                                 0x00001131   Thumb Code   210  bsp_qei.o(i.Qei_Init)
    SysCtlClockGet                           0x00001235   Thumb Code   278  sysctl.o(i.SysCtlClockGet)
    SysCtlClockSet                           0x00001371   Thumb Code   218  sysctl.o(i.SysCtlClockSet)
    SysCtlPWMClockSet                        0x0000145d   Thumb Code    14  sysctl.o(i.SysCtlPWMClockSet)
    SysCtlPeripheralEnable                   0x00001471   Thumb Code    36  sysctl.o(i.SysCtlPeripheralEnable)
    SysCtlPeripheralReset                    0x00001499   Thumb Code    54  sysctl.o(i.SysCtlPeripheralReset)
    SysTickEnable                            0x000014d5   Thumb Code    14  systick.o(i.SysTickEnable)
    SysTickIntEnable                         0x000014e3   Thumb Code    14  systick.o(i.SysTickIntEnable)
    SysTickIntRegister                       0x000014f1   Thumb Code    24  systick.o(i.SysTickIntRegister)
    SysTickPeriodSet                         0x00001509   Thumb Code    10  systick.o(i.SysTickPeriodSet)
    SysTick_IRQHandler                       0x00001515   Thumb Code    38  bsp_sys.o(i.SysTick_IRQHandler)
    SysTick_Init                             0x00001549   Thumb Code    36  bsp_sys.o(i.SysTick_Init)
    SystemInit                               0x00001571   Thumb Code    90  system_tm4c123.o(i.SystemInit)
    Timer0_IRQHandler                        0x000015f5   Thumb Code   326  control.o(i.Timer0_IRQHandler)
    Timer0_Init                              0x00001761   Thumb Code    88  bsp_timer.o(i.Timer0_Init)
    TimerConfigure                           0x000017c9   Thumb Code    78  timer.o(i.TimerConfigure)
    TimerEnable                              0x00001825   Thumb Code    14  timer.o(i.TimerEnable)
    TimerIntClear                            0x00001833   Thumb Code     4  timer.o(i.TimerIntClear)
    TimerIntEnable                           0x00001837   Thumb Code     8  timer.o(i.TimerIntEnable)
    TimerIntRegister                         0x0000183f   Thumb Code    26  timer.o(i.TimerIntRegister)
    TimerIntStatus                           0x00001859   Thumb Code    10  timer.o(i.TimerIntStatus)
    TimerLoadSet                             0x00001863   Thumb Code    18  timer.o(i.TimerLoadSet)
    U8g2_Init                                0x00001875   Thumb Code    46  oled.o(i.U8g2_Init)
    delay_us                                 0x00001905   Thumb Code    12  oled.o(i.delay_us)
    location2_pid_control                    0x00001911   Thumb Code    50  control.o(i.location2_pid_control)
    location_pid_control                     0x0000195d   Thumb Code    50  control.o(i.location_pid_control)
    location_pid_realize                     0x000019a9   Thumb Code   236  data_pid.o(i.location_pid_realize)
    main                                     0x00001ab1   Thumb Code    64  main.o(i.main)
    set_motor2_direction                     0x00001b01   Thumb Code    44  control.o(i.set_motor2_direction)
    set_motor_direction                      0x00001b31   Thumb Code    44  control.o(i.set_motor_direction)
    set_motor_disable                        0x00001b61   Thumb Code    16  control.o(i.set_motor_disable)
    set_motor_enable                         0x00001b79   Thumb Code    16  control.o(i.set_motor_enable)
    set_motor_speed                          0x00001b91   Thumb Code    30  control.o(i.set_motor_speed)
    set_pid_target                           0x00001bb5   Thumb Code     6  data_pid.o(i.set_pid_target)
    speed2_pid_control                       0x00001bbd   Thumb Code    70  control.o(i.speed2_pid_control)
    speed_pid_control                        0x00001c25   Thumb Code    70  control.o(i.speed_pid_control)
    speed_pid_realize                        0x00001c8d   Thumb Code   252  data_pid.o(i.speed_pid_realize)
    u8g2_ClearBuffer                         0x00001db1   Thumb Code    20  u8g2_buffer.o(i.u8g2_ClearBuffer)
    u8g2_DrawGlyph                           0x00001dc5   Thumb Code   112  u8g2_font.o(i.u8g2_DrawGlyph)
    u8g2_DrawHVLine                          0x00001e35   Thumb Code   170  u8g2_hvline.o(i.u8g2_DrawHVLine)
    u8g2_DrawStr                             0x00001ee1   Thumb Code    12  u8g2_font.o(i.u8g2_DrawStr)
    u8g2_IsIntersection                      0x00001ef1   Thumb Code    48  u8g2_intersection.o(i.u8g2_IsIntersection)
    u8g2_SendBuffer                          0x00001f21   Thumb Code    18  u8g2_buffer.o(i.u8g2_SendBuffer)
    u8g2_SetFont                             0x00001f33   Thumb Code    32  u8g2_font.o(i.u8g2_SetFont)
    u8g2_SetFontPosBaseline                  0x00001f55   Thumb Code     6  u8g2_font.o(i.u8g2_SetFontPosBaseline)
    u8g2_SetMaxClipWindow                    0x00001f61   Thumb Code    28  u8g2_setup.o(i.u8g2_SetMaxClipWindow)
    u8g2_SetupBuffer                         0x00001f7d   Thumb Code    70  u8g2_setup.o(i.u8g2_SetupBuffer)
    u8g2_Setup_ssd1306_i2c_128x64_noname_f   0x00001fc5   Thumb Code    42  u8g2_d_setup.o(i.u8g2_Setup_ssd1306_i2c_128x64_noname_f)
    u8g2_UpdateRefHeight                     0x00001ffd   Thumb Code    82  u8g2_font.o(i.u8g2_UpdateRefHeight)
    u8g2_add_vector_x                        0x0000204f   Thumb Code    28  u8g2_font.o(i.u8g2_add_vector_x)
    u8g2_add_vector_y                        0x0000206b   Thumb Code    28  u8g2_font.o(i.u8g2_add_vector_y)
    u8g2_draw_hv_line_2dir                   0x00002131   Thumb Code    18  u8g2_hvline.o(i.u8g2_draw_hv_line_2dir)
    u8g2_draw_l90_r0                         0x00002143   Thumb Code    12  u8g2_setup.o(i.u8g2_draw_l90_r0)
    u8g2_font_calc_vref_font                 0x000021bb   Thumb Code     4  u8g2_font.o(i.u8g2_font_calc_vref_font)
    u8g2_font_decode_get_signed_bits         0x000021bf   Thumb Code    20  u8g2_font.o(i.u8g2_font_decode_get_signed_bits)
    u8g2_font_decode_get_unsigned_bits       0x000021d3   Thumb Code    52  u8g2_font.o(i.u8g2_font_decode_get_unsigned_bits)
    u8g2_font_decode_glyph                   0x00002207   Thumb Code   274  u8g2_font.o(i.u8g2_font_decode_glyph)
    u8g2_font_decode_len                     0x00002319   Thumb Code   138  u8g2_font.o(i.u8g2_font_decode_len)
    u8g2_font_get_glyph_data                 0x000023a3   Thumb Code   114  u8g2_font.o(i.u8g2_font_get_glyph_data)
    u8g2_is_intersection_decision_tree       0x0000245d   Thumb Code    24  u8g2_intersection.o(i.u8g2_is_intersection_decision_tree)
    u8g2_ll_hvline_vertical_top_lsb          0x00002475   Thumb Code   142  u8g2_ll_hvline.o(i.u8g2_ll_hvline_vertical_top_lsb)
    u8g2_m_16_8_f                            0x00002505   Thumb Code     8  u8g2_d_memory.o(i.u8g2_m_16_8_f)
    u8g2_read_font_info                      0x00002511   Thumb Code   106  u8g2_font.o(i.u8g2_read_font_info)
    u8g2_update_dimension_r0                 0x0000260d   Thumb Code     4  u8g2_setup.o(i.u8g2_update_dimension_r0)
    u8g2_update_page_win_r0                  0x00002611   Thumb Code    34  u8g2_setup.o(i.u8g2_update_page_win_r0)
    u8x8_DrawTile                            0x00002633   Thumb Code    30  u8x8_display.o(i.u8x8_DrawTile)
    u8x8_InitDisplay                         0x00002651   Thumb Code    16  u8x8_display.o(i.u8x8_InitDisplay)
    u8x8_RefreshDisplay                      0x00002661   Thumb Code    16  u8x8_display.o(i.u8x8_RefreshDisplay)
    u8x8_SetPowerSave                        0x00002671   Thumb Code    16  u8x8_display.o(i.u8x8_SetPowerSave)
    u8x8_Setup                               0x00002681   Thumb Code    34  u8x8_setup.o(i.u8x8_Setup)
    u8x8_SetupDefaults                       0x000026a5   Thumb Code    32  u8x8_setup.o(i.u8x8_SetupDefaults)
    u8x8_SetupMemory                         0x000026c9   Thumb Code    16  u8x8_display.o(i.u8x8_SetupMemory)
    u8x8_ascii_next                          0x000026d9   Thumb Code    14  u8x8_8x8.o(i.u8x8_ascii_next)
    u8x8_byte_EndTransfer                    0x000026e7   Thumb Code    16  u8x8_byte.o(i.u8x8_byte_EndTransfer)
    u8x8_byte_SendByte                       0x000026f7   Thumb Code    12  u8x8_byte.o(i.u8x8_byte_SendByte)
    u8x8_byte_SendBytes                      0x00002703   Thumb Code    16  u8x8_byte.o(i.u8x8_byte_SendBytes)
    u8x8_byte_StartTransfer                  0x00002713   Thumb Code    16  u8x8_byte.o(i.u8x8_byte_StartTransfer)
    u8x8_byte_hw_i2c                         0x00002725   Thumb Code    88  oled.o(i.u8x8_byte_hw_i2c)
    u8x8_cad_EndTransfer                     0x00002785   Thumb Code    16  u8x8_cad.o(i.u8x8_cad_EndTransfer)
    u8x8_cad_SendArg                         0x00002795   Thumb Code    16  u8x8_cad.o(i.u8x8_cad_SendArg)
    u8x8_cad_SendCmd                         0x000027a5   Thumb Code    16  u8x8_cad.o(i.u8x8_cad_SendCmd)
    u8x8_cad_SendData                        0x000027b5   Thumb Code    16  u8x8_cad.o(i.u8x8_cad_SendData)
    u8x8_cad_SendSequence                    0x000027c5   Thumb Code   102  u8x8_cad.o(i.u8x8_cad_SendSequence)
    u8x8_cad_StartTransfer                   0x0000282b   Thumb Code    16  u8x8_cad.o(i.u8x8_cad_StartTransfer)
    u8x8_cad_ssd13xx_fast_i2c                0x0000283d   Thumb Code   182  u8x8_cad.o(i.u8x8_cad_ssd13xx_fast_i2c)
    u8x8_d_helper_display_init               0x000028f9   Thumb Code    96  u8x8_display.o(i.u8x8_d_helper_display_init)
    u8x8_d_helper_display_setup_memory       0x00002959   Thumb Code    10  u8x8_display.o(i.u8x8_d_helper_display_setup_memory)
    u8x8_d_ssd1306_128x64_noname             0x00002965   Thumb Code    52  u8x8_d_ssd1306_128x64_noname.o(i.u8x8_d_ssd1306_128x64_noname)
    u8x8_dummy_cb                            0x00002a69   Thumb Code     4  u8x8_setup.o(i.u8x8_dummy_cb)
    u8x8_gpio_and_delay                      0x00002a6d   Thumb Code    76  oled.o(i.u8x8_gpio_and_delay)
    u8x8_gpio_call                           0x00002ab9   Thumb Code    12  u8x8_gpio.o(i.u8x8_gpio_call)
    u8x8_utf8_init                           0x00002af1   Thumb Code     8  u8x8_8x8.o(i.u8x8_utf8_init)
    __aeabi_d2f                              0x00002af9   Thumb Code     0  d2f.o(x$fpl$d2f)
    _d2f                                     0x00002af9   Thumb Code    98  d2f.o(x$fpl$d2f)
    __aeabi_dadd                             0x00002b5d   Thumb Code     0  daddsub_clz.o(x$fpl$dadd)
    _dadd                                    0x00002b5d   Thumb Code   332  daddsub_clz.o(x$fpl$dadd)
    __fpl_dcmp_Inf                           0x00002cad   Thumb Code    24  dcmpi.o(x$fpl$dcmpinf)
    __aeabi_ddiv                             0x00002cc5   Thumb Code     0  ddiv.o(x$fpl$ddiv)
    _ddiv                                    0x00002cc5   Thumb Code   552  ddiv.o(x$fpl$ddiv)
    __aeabi_d2iz                             0x00002f75   Thumb Code     0  dfix.o(x$fpl$dfix)
    _dfix                                    0x00002f75   Thumb Code    94  dfix.o(x$fpl$dfix)
    __aeabi_i2d                              0x00002fd3   Thumb Code     0  dflt_clz.o(x$fpl$dflt)
    _dflt                                    0x00002fd3   Thumb Code    46  dflt_clz.o(x$fpl$dflt)
    __aeabi_cdcmple                          0x00003001   Thumb Code     0  dleqf.o(x$fpl$dleqf)
    _dcmple                                  0x00003001   Thumb Code   120  dleqf.o(x$fpl$dleqf)
    __fpl_dcmple_InfNaN                      0x00003063   Thumb Code     0  dleqf.o(x$fpl$dleqf)
    __aeabi_dmul                             0x00003079   Thumb Code     0  dmul.o(x$fpl$dmul)
    _dmul                                    0x00003079   Thumb Code   332  dmul.o(x$fpl$dmul)
    __fpl_dnaninf                            0x000031cd   Thumb Code   156  dnaninf.o(x$fpl$dnaninf)
    __fpl_dretinf                            0x00003269   Thumb Code    12  dretinf.o(x$fpl$dretinf)
    __aeabi_cdrcmple                         0x00003275   Thumb Code     0  drleqf.o(x$fpl$drleqf)
    _drcmple                                 0x00003275   Thumb Code   108  drleqf.o(x$fpl$drleqf)
    __aeabi_drsub                            0x000032e1   Thumb Code     0  daddsub_clz.o(x$fpl$drsb)
    _drsb                                    0x000032e1   Thumb Code    22  daddsub_clz.o(x$fpl$drsb)
    __aeabi_dsub                             0x000032f9   Thumb Code     0  daddsub_clz.o(x$fpl$dsub)
    _dsub                                    0x000032f9   Thumb Code   464  daddsub_clz.o(x$fpl$dsub)
    __aeabi_f2d                              0x000034cd   Thumb Code     0  f2d.o(x$fpl$f2d)
    _f2d                                     0x000034cd   Thumb Code    86  f2d.o(x$fpl$f2d)
    __fpl_fnaninf                            0x00003523   Thumb Code   140  fnaninf.o(x$fpl$fnaninf)
    _fp_init                                 0x000035af   Thumb Code    10  fpinit.o(x$fpl$fpinit)
    __fplib_config_fpu_vfp                   0x000035b7   Thumb Code     0  fpinit.o(x$fpl$fpinit)
    __fplib_config_pureend_doubles           0x000035b7   Thumb Code     0  fpinit.o(x$fpl$fpinit)
    __fpl_fretinf                            0x000035b9   Thumb Code    10  fretinf.o(x$fpl$fretinf)
    __I$use$fp                               0x000035c2   Number         0  usenofp.o(x$fpl$usenofp)
    u8g2_font_inr16_mr                       0x00003bec   Data        2451  u8g2_fonts.o(.constdata)
    u8g2_cb_r0                               0x00004580   Data          12  u8g2_setup.o(.constdata)
    Region$$Table$$Base                      0x000046e4   Number         0  anon$$obj.o(Region$$Table)
    Region$$Table$$Limit                     0x00004704   Number         0  anon$$obj.o(Region$$Table)
    System_Time_ms                           0x20000000   Data           2  main.o(.data)
    ShowOLED_Time                            0x20000002   Data           2  main.o(.data)
    Send_Time                                0x20000004   Data           1  main.o(.data)
    g_nMotorPulse                            0x20000008   Data           2  bsp_qei.o(.data)
    g_nMotor2Pulse                           0x2000000a   Data           2  bsp_qei.o(.data)
    g_lMotorPulseSigma                       0x2000000c   Data           4  bsp_qei.o(.data)
    g_lMotor2PulseSigma                      0x20000010   Data           4  bsp_qei.o(.data)
    location_control_count                   0x20000014   Data           1  control.o(.data)
    Line_flag                                0x20000015   Data           1  control.o(.data)
    is_motor_en                              0x20000016   Data           1  control.o(.data)
    Spin_start_flag                          0x20000017   Data           1  control.o(.data)
    spin_count                               0x20000018   Data           1  control.o(.data)
    MotorPWM                                 0x2000001c   Data           4  control.o(.data)
    Motor2PWM                                0x20000020   Data           4  control.o(.data)
    Line_Outval                              0x20000024   Data           4  control.o(.data)
    g_fTargetJourney                         0x20000028   Data           4  control.o(.data)
    flag                                     0x2000002c   Data           4  control.o(.data)
    speed_Outval                             0x20000030   Data           4  control.o(.data)
    location_Outval                          0x20000034   Data           4  control.o(.data)
    speed2_Outval                            0x20000038   Data           4  control.o(.data)
    location2_Outval                         0x2000003c   Data           4  control.o(.data)
    Motor_journey_cm                         0x20000040   Data           4  control.o(.data)
    Motor2_journey_cm                        0x20000044   Data           4  control.o(.data)
    L2_Val                                   0x20000048   Data           1  bsp_sensor.o(.data)
    L1_Val                                   0x20000049   Data           1  bsp_sensor.o(.data)
    M_Val                                    0x2000004a   Data           1  bsp_sensor.o(.data)
    R1_Val                                   0x2000004b   Data           1  bsp_sensor.o(.data)
    R2_Val                                   0x2000004c   Data           1  bsp_sensor.o(.data)
    Line_Num                                 0x20000050   Data           4  bsp_sensor.o(.data)
    u8g2                                     0x2000066c   Data         148  main.o(.bss)
    str3                                     0x20000700   Data          50  main.o(.bss)
    pid_speed                                0x200007b8   Data          40  data_pid.o(.bss)
    pid_speed2                               0x200007e0   Data          40  data_pid.o(.bss)
    pid_location                             0x20000808   Data          40  data_pid.o(.bss)
    pid_location2                            0x20000830   Data          40  data_pid.o(.bss)
    __libspace_start                         0x20000c58   Data          96  libspace.o(.bss)
    __temporary_stack_top$libspace           0x20000cb8   Data           0  libspace.o(.bss)



==============================================================================

Memory Map of the image

  Image Entry point : 0x0000026d

  Load Region LR_IROM1 (Base: 0x00000000, Size: 0x00004d70, Max: 0x00040000, ABSOLUTE, COMPRESSED[0x00004718])

    Execution Region ER_IROM1 (Exec base: 0x00000000, Load base: 0x00000000, Size: 0x00004704, Max: 0x00040000, ABSOLUTE)

    Exec Addr    Load Addr    Size         Type   Attr      Idx    E Section Name        Object

    0x00000000   0x00000000   0x0000026c   Data   RO        10939    RESET               startup_tm4c123.o
    0x0000026c   0x0000026c   0x00000008   Code   RO        11047  * !!!main             c_w.l(__main.o)
    0x00000274   0x00000274   0x00000034   Code   RO        11260    !!!scatter          c_w.l(__scatter.o)
    0x000002a8   0x000002a8   0x0000003a   Code   RO        11258    !!dczerorl          c_w.l(__dczerorl.o)
    0x000002e2   0x000002e2   0x00000002   PAD
    0x000002e4   0x000002e4   0x0000001c   Code   RO        11262    !!handler_zi        c_w.l(__scatter_zi.o)
    0x00000300   0x00000300   0x00000000   Code   RO        11038    .ARM.Collect$$_printf_percent$$00000000  c_w.l(_printf_percent.o)
    0x00000300   0x00000300   0x00000006   Code   RO        11037    .ARM.Collect$$_printf_percent$$00000009  c_w.l(_printf_d.o)
    0x00000306   0x00000306   0x00000004   Code   RO        11086    .ARM.Collect$$_printf_percent$$00000017  c_w.l(_printf_percent_end.o)
    0x0000030a   0x0000030a   0x00000002   Code   RO        11126    .ARM.Collect$$libinit$$00000000  c_w.l(libinit.o)
    0x0000030c   0x0000030c   0x00000004   Code   RO        11132    .ARM.Collect$$libinit$$00000001  c_w.l(libinit2.o)
    0x00000310   0x00000310   0x00000000   Code   RO        11135    .ARM.Collect$$libinit$$00000004  c_w.l(libinit2.o)
    0x00000310   0x00000310   0x00000000   Code   RO        11138    .ARM.Collect$$libinit$$0000000A  c_w.l(libinit2.o)
    0x00000310   0x00000310   0x00000000   Code   RO        11140    .ARM.Collect$$libinit$$0000000C  c_w.l(libinit2.o)
    0x00000310   0x00000310   0x00000000   Code   RO        11142    .ARM.Collect$$libinit$$0000000E  c_w.l(libinit2.o)
    0x00000310   0x00000310   0x00000000   Code   RO        11145    .ARM.Collect$$libinit$$00000011  c_w.l(libinit2.o)
    0x00000310   0x00000310   0x00000000   Code   RO        11147    .ARM.Collect$$libinit$$00000013  c_w.l(libinit2.o)
    0x00000310   0x00000310   0x00000000   Code   RO        11149    .ARM.Collect$$libinit$$00000015  c_w.l(libinit2.o)
    0x00000310   0x00000310   0x00000000   Code   RO        11151    .ARM.Collect$$libinit$$00000017  c_w.l(libinit2.o)
    0x00000310   0x00000310   0x00000000   Code   RO        11153    .ARM.Collect$$libinit$$00000019  c_w.l(libinit2.o)
    0x00000310   0x00000310   0x00000000   Code   RO        11155    .ARM.Collect$$libinit$$0000001B  c_w.l(libinit2.o)
    0x00000310   0x00000310   0x00000000   Code   RO        11157    .ARM.Collect$$libinit$$0000001D  c_w.l(libinit2.o)
    0x00000310   0x00000310   0x00000000   Code   RO        11159    .ARM.Collect$$libinit$$0000001F  c_w.l(libinit2.o)
    0x00000310   0x00000310   0x00000000   Code   RO        11161    .ARM.Collect$$libinit$$00000021  c_w.l(libinit2.o)
    0x00000310   0x00000310   0x00000000   Code   RO        11163    .ARM.Collect$$libinit$$00000023  c_w.l(libinit2.o)
    0x00000310   0x00000310   0x00000000   Code   RO        11165    .ARM.Collect$$libinit$$00000025  c_w.l(libinit2.o)
    0x00000310   0x00000310   0x00000000   Code   RO        11169    .ARM.Collect$$libinit$$0000002C  c_w.l(libinit2.o)
    0x00000310   0x00000310   0x00000000   Code   RO        11171    .ARM.Collect$$libinit$$0000002E  c_w.l(libinit2.o)
    0x00000310   0x00000310   0x00000000   Code   RO        11173    .ARM.Collect$$libinit$$00000030  c_w.l(libinit2.o)
    0x00000310   0x00000310   0x00000000   Code   RO        11175    .ARM.Collect$$libinit$$00000032  c_w.l(libinit2.o)
    0x00000310   0x00000310   0x00000002   Code   RO        11176    .ARM.Collect$$libinit$$00000033  c_w.l(libinit2.o)
    0x00000312   0x00000312   0x00000002   Code   RO        11196    .ARM.Collect$$libshutdown$$00000000  c_w.l(libshutdown.o)
    0x00000314   0x00000314   0x00000000   Code   RO        11209    .ARM.Collect$$libshutdown$$00000002  c_w.l(libshutdown2.o)
    0x00000314   0x00000314   0x00000000   Code   RO        11211    .ARM.Collect$$libshutdown$$00000004  c_w.l(libshutdown2.o)
    0x00000314   0x00000314   0x00000000   Code   RO        11213    .ARM.Collect$$libshutdown$$00000006  c_w.l(libshutdown2.o)
    0x00000314   0x00000314   0x00000000   Code   RO        11216    .ARM.Collect$$libshutdown$$00000009  c_w.l(libshutdown2.o)
    0x00000314   0x00000314   0x00000000   Code   RO        11219    .ARM.Collect$$libshutdown$$0000000C  c_w.l(libshutdown2.o)
    0x00000314   0x00000314   0x00000000   Code   RO        11221    .ARM.Collect$$libshutdown$$0000000E  c_w.l(libshutdown2.o)
    0x00000314   0x00000314   0x00000000   Code   RO        11224    .ARM.Collect$$libshutdown$$00000011  c_w.l(libshutdown2.o)
    0x00000314   0x00000314   0x00000002   Code   RO        11225    .ARM.Collect$$libshutdown$$00000012  c_w.l(libshutdown2.o)
    0x00000316   0x00000316   0x00000000   Code   RO        11079    .ARM.Collect$$rtentry$$00000000  c_w.l(__rtentry.o)
    0x00000316   0x00000316   0x00000000   Code   RO        11101    .ARM.Collect$$rtentry$$00000002  c_w.l(__rtentry2.o)
    0x00000316   0x00000316   0x00000006   Code   RO        11113    .ARM.Collect$$rtentry$$00000004  c_w.l(__rtentry4.o)
    0x0000031c   0x0000031c   0x00000000   Code   RO        11103    .ARM.Collect$$rtentry$$00000009  c_w.l(__rtentry2.o)
    0x0000031c   0x0000031c   0x00000004   Code   RO        11104    .ARM.Collect$$rtentry$$0000000A  c_w.l(__rtentry2.o)
    0x00000320   0x00000320   0x00000000   Code   RO        11106    .ARM.Collect$$rtentry$$0000000C  c_w.l(__rtentry2.o)
    0x00000320   0x00000320   0x00000008   Code   RO        11107    .ARM.Collect$$rtentry$$0000000D  c_w.l(__rtentry2.o)
    0x00000328   0x00000328   0x00000002   Code   RO        11130    .ARM.Collect$$rtexit$$00000000  c_w.l(rtexit.o)
    0x0000032a   0x0000032a   0x00000000   Code   RO        11178    .ARM.Collect$$rtexit$$00000002  c_w.l(rtexit2.o)
    0x0000032a   0x0000032a   0x00000004   Code   RO        11179    .ARM.Collect$$rtexit$$00000003  c_w.l(rtexit2.o)
    0x0000032e   0x0000032e   0x00000006   Code   RO        11180    .ARM.Collect$$rtexit$$00000004  c_w.l(rtexit2.o)
    0x00000334   0x00000334   0x00000026   Code   RO          649    .emb_text           cpu.o
    0x0000035a   0x0000035a   0x00000002   PAD
    0x0000035c   0x0000035c   0x00000006   Code   RO         4042    .emb_text           sysctl.o
    0x00000362   0x00000362   0x00000002   PAD
    0x00000364   0x00000364   0x00000114   Code   RO        10940    .text               startup_tm4c123.o
    0x00000478   0x00000478   0x00000028   Code   RO        11011    .text               c_w.l(noretval__2sprintf.o)
    0x000004a0   0x000004a0   0x00000068   Code   RO        11013    .text               c_w.l(__printf.o)
    0x00000508   0x00000508   0x00000078   Code   RO        11015    .text               c_w.l(_printf_dec.o)
    0x00000580   0x00000580   0x00000044   Code   RO        11041    .text               c_w.l(rt_memclr.o)
    0x000005c4   0x000005c4   0x0000004e   Code   RO        11043    .text               c_w.l(rt_memclr_w.o)
    0x00000612   0x00000612   0x00000006   Code   RO        11045    .text               c_w.l(heapauxi.o)
    0x00000618   0x00000618   0x000000b2   Code   RO        11080    .text               c_w.l(_printf_intcommon.o)
    0x000006ca   0x000006ca   0x00000002   PAD
    0x000006cc   0x000006cc   0x00000030   Code   RO        11082    .text               c_w.l(_printf_char_common.o)
    0x000006fc   0x000006fc   0x0000000a   Code   RO        11084    .text               c_w.l(_sputc.o)
    0x00000706   0x00000706   0x0000004a   Code   RO        11117    .text               c_w.l(sys_stackheap_outer.o)
    0x00000750   0x00000750   0x00000012   Code   RO        11119    .text               c_w.l(exit.o)
    0x00000762   0x00000762   0x00000002   PAD
    0x00000764   0x00000764   0x00000008   Code   RO        11127    .text               c_w.l(libspace.o)
    0x0000076c   0x0000076c   0x0000000c   Code   RO        11188    .text               c_w.l(sys_exit.o)
    0x00000778   0x00000778   0x00000002   Code   RO        11199    .text               c_w.l(use_no_semi.o)
    0x0000077a   0x0000077a   0x00000000   Code   RO        11201    .text               c_w.l(indicate_semi.o)
    0x0000077a   0x0000077a   0x00000002   PAD
    0x0000077c   0x0000077c   0x0000003c   Code   RO         6673    i.All_Init          init.o
    0x000007b8   0x000007b8   0x00000094   Code   RO         6446    i.Car_go            control.o
    0x0000084c   0x0000084c   0x00000074   Code   RO         6897    i.Followline_Init   bsp_sensor.o
    0x000008c0   0x000008c0   0x00000026   Code   RO         1901    i.GPIODirModeSet    gpio.o
    0x000008e6   0x000008e6   0x0000011c   Code   RO         1913    i.GPIOPadConfigSet  gpio.o
    0x00000a02   0x00000a02   0x00000002   PAD
    0x00000a04   0x00000a04   0x00000044   Code   RO         1914    i.GPIOPinConfigure  gpio.o
    0x00000a48   0x00000a48   0x00000006   Code   RO         1915    i.GPIOPinRead       gpio.o
    0x00000a4e   0x00000a4e   0x0000001c   Code   RO         1925    i.GPIOPinTypeGPIOOutput  gpio.o
    0x00000a6a   0x00000a6a   0x0000001c   Code   RO         1928    i.GPIOPinTypeI2C    gpio.o
    0x00000a86   0x00000a86   0x0000001c   Code   RO         1929    i.GPIOPinTypeI2CSCL  gpio.o
    0x00000aa2   0x00000aa2   0x0000001c   Code   RO         1932    i.GPIOPinTypePWM    gpio.o
    0x00000abe   0x00000abe   0x0000001c   Code   RO         1933    i.GPIOPinTypeQEI    gpio.o
    0x00000ada   0x00000ada   0x00000006   Code   RO         1943    i.GPIOPinWrite      gpio.o
    0x00000ae0   0x00000ae0   0x0000004c   Code   RO         6328    i.GetMotorPulse     bsp_qei.o
    0x00000b2c   0x00000b2c   0x0000004c   Code   RO         6898    i.Get_Line          bsp_sensor.o
    0x00000b78   0x00000b78   0x000000b4   Code   RO         6899    i.GoStraight_control  bsp_sensor.o
    0x00000c2c   0x00000c2c   0x0000000a   Code   RO         2545    i.I2CMasterBusy     i2c.o
    0x00000c36   0x00000c36   0x00000004   Code   RO         2546    i.I2CMasterControl  i2c.o
    0x00000c3a   0x00000c3a   0x00000004   Code   RO         2548    i.I2CMasterDataPut  i2c.o
    0x00000c3e   0x00000c3e   0x00000002   PAD
    0x00000c40   0x00000c40   0x00000050   Code   RO         2553    i.I2CMasterInitExpClk  i2c.o
    0x00000c90   0x00000c90   0x00000008   Code   RO         2563    i.I2CMasterSlaveAddrSet  i2c.o
    0x00000c98   0x00000c98   0x00000080   Code   RO         6292    i.I2CSendDataBlock  iic.o
    0x00000d18   0x00000d18   0x0000006c   Code   RO         6294    i.InitI2C0          iic.o
    0x00000d84   0x00000d84   0x0000005c   Code   RO         2877    i.IntEnable         interrupt.o
    0x00000de0   0x00000de0   0x0000000e   Code   RO         2880    i.IntMasterEnable   interrupt.o
    0x00000dee   0x00000dee   0x00000002   PAD
    0x00000df0   0x00000df0   0x00000024   Code   RO         2888    i.IntPrioritySet    interrupt.o
    0x00000e14   0x00000e14   0x00000030   Code   RO         2889    i.IntRegister       interrupt.o
    0x00000e44   0x00000e44   0x0000005c   Code   RO         6447    i.Location_Speed_control  control.o
    0x00000ea0   0x00000ea0   0x00000050   Code   RO         6448    i.MotorGpio_Init    control.o
    0x00000ef0   0x00000ef0   0x00000054   Code   RO         6449    i.MotorOutput       control.o
    0x00000f44   0x00000f44   0x00000028   Code   RO         3350    i.PWMGenConfigure   pwm.o
    0x00000f6c   0x00000f6c   0x0000000a   Code   RO         3352    i.PWMGenEnable      pwm.o
    0x00000f76   0x00000f76   0x00000014   Code   RO         3365    i.PWMGenPeriodSet   pwm.o
    0x00000f8a   0x00000f8a   0x00000010   Code   RO         3372    i.PWMOutputState    pwm.o
    0x00000f9a   0x00000f9a   0x0000001e   Code   RO         3375    i.PWMPulseWidthSet  pwm.o
    0x00000fb8   0x00000fb8   0x000000e8   Code   RO         6555    i.Pid_param_Init    data_pid.o
    0x000010a0   0x000010a0   0x00000070   Code   RO         6316    i.Pwm_Init          bsp_pwm.o
    0x00001110   0x00001110   0x0000000e   Code   RO         3580    i.QEIConfigure      qei.o
    0x0000111e   0x0000111e   0x0000000a   Code   RO         3583    i.QEIEnable         qei.o
    0x00001128   0x00001128   0x00000004   Code   RO         3594    i.QEIPositionGet    qei.o
    0x0000112c   0x0000112c   0x00000004   Code   RO         3595    i.QEIPositionSet    qei.o
    0x00001130   0x00001130   0x00000104   Code   RO         6329    i.Qei_Init          bsp_qei.o
    0x00001234   0x00001234   0x0000013c   Code   RO         4045    i.SysCtlClockGet    sysctl.o
    0x00001370   0x00001370   0x000000ec   Code   RO         4047    i.SysCtlClockSet    sysctl.o
    0x0000145c   0x0000145c   0x00000014   Code   RO         4071    i.SysCtlPWMClockSet  sysctl.o
    0x00001470   0x00001470   0x00000028   Code   RO         4076    i.SysCtlPeripheralEnable  sysctl.o
    0x00001498   0x00001498   0x0000003c   Code   RO         4081    i.SysCtlPeripheralReset  sysctl.o
    0x000014d4   0x000014d4   0x0000000e   Code   RO         4440    i.SysTickEnable     systick.o
    0x000014e2   0x000014e2   0x0000000e   Code   RO         4442    i.SysTickIntEnable  systick.o
    0x000014f0   0x000014f0   0x00000018   Code   RO         4443    i.SysTickIntRegister  systick.o
    0x00001508   0x00001508   0x0000000a   Code   RO         4446    i.SysTickPeriodSet  systick.o
    0x00001512   0x00001512   0x00000002   PAD
    0x00001514   0x00001514   0x00000034   Code   RO         6686    i.SysTick_IRQHandler  bsp_sys.o
    0x00001548   0x00001548   0x00000028   Code   RO         6687    i.SysTick_Init      bsp_sys.o
    0x00001570   0x00001570   0x00000084   Code   RO        10948    i.SystemInit        system_tm4c123.o
    0x000015f4   0x000015f4   0x0000016c   Code   RO         6450    i.Timer0_IRQHandler  control.o
    0x00001760   0x00001760   0x00000068   Code   RO         6428    i.Timer0_Init       bsp_timer.o
    0x000017c8   0x000017c8   0x0000005c   Code   RO         4506    i.TimerConfigure    timer.o
    0x00001824   0x00001824   0x0000000e   Code   RO         4515    i.TimerEnable       timer.o
    0x00001832   0x00001832   0x00000004   Code   RO         4516    i.TimerIntClear     timer.o
    0x00001836   0x00001836   0x00000008   Code   RO         4518    i.TimerIntEnable    timer.o
    0x0000183e   0x0000183e   0x0000001a   Code   RO         4519    i.TimerIntRegister  timer.o
    0x00001858   0x00001858   0x0000000a   Code   RO         4520    i.TimerIntStatus    timer.o
    0x00001862   0x00001862   0x00000012   Code   RO         4524    i.TimerLoadSet      timer.o
    0x00001874   0x00001874   0x00000040   Code   RO         6139    i.U8g2_Init         oled.o
    0x000018b4   0x000018b4   0x00000050   Code   RO         4540    i._TimerIntNumberGet  timer.o
    0x00001904   0x00001904   0x0000000c   Code   RO         6140    i.delay_us          oled.o
    0x00001910   0x00001910   0x0000004c   Code   RO         6451    i.location2_pid_control  control.o
    0x0000195c   0x0000195c   0x0000004c   Code   RO         6452    i.location_pid_control  control.o
    0x000019a8   0x000019a8   0x00000108   Code   RO         6557    i.location_pid_realize  data_pid.o
    0x00001ab0   0x00001ab0   0x00000050   Code   RO         5970    i.main              main.o
    0x00001b00   0x00001b00   0x00000030   Code   RO         6453    i.set_motor2_direction  control.o
    0x00001b30   0x00001b30   0x00000030   Code   RO         6454    i.set_motor_direction  control.o
    0x00001b60   0x00001b60   0x00000018   Code   RO         6455    i.set_motor_disable  control.o
    0x00001b78   0x00001b78   0x00000018   Code   RO         6456    i.set_motor_enable  control.o
    0x00001b90   0x00001b90   0x00000024   Code   RO         6457    i.set_motor_speed   control.o
    0x00001bb4   0x00001bb4   0x00000006   Code   RO         6559    i.set_pid_target    data_pid.o
    0x00001bba   0x00001bba   0x00000002   PAD
    0x00001bbc   0x00001bbc   0x00000068   Code   RO         6458    i.speed2_pid_control  control.o
    0x00001c24   0x00001c24   0x00000068   Code   RO         6459    i.speed_pid_control  control.o
    0x00001c8c   0x00001c8c   0x00000124   Code   RO         6560    i.speed_pid_realize  data_pid.o
    0x00001db0   0x00001db0   0x00000014   Code   RO         7016    i.u8g2_ClearBuffer  u8g2_buffer.o
    0x00001dc4   0x00001dc4   0x00000070   Code   RO         7222    i.u8g2_DrawGlyph    u8g2_font.o
    0x00001e34   0x00001e34   0x000000aa   Code   RO         9481    i.u8g2_DrawHVLine   u8g2_hvline.o
    0x00001ede   0x00001ede   0x00000002   PAD
    0x00001ee0   0x00001ee0   0x00000010   Code   RO         7224    i.u8g2_DrawStr      u8g2_font.o
    0x00001ef0   0x00001ef0   0x00000030   Code   RO         9542    i.u8g2_IsIntersection  u8g2_intersection.o
    0x00001f20   0x00001f20   0x00000012   Code   RO         7019    i.u8g2_SendBuffer   u8g2_buffer.o
    0x00001f32   0x00001f32   0x00000020   Code   RO         7240    i.u8g2_SetFont      u8g2_font.o
    0x00001f52   0x00001f52   0x00000002   PAD
    0x00001f54   0x00001f54   0x0000000c   Code   RO         7243    i.u8g2_SetFontPosBaseline  u8g2_font.o
    0x00001f60   0x00001f60   0x0000001c   Code   RO         9730    i.u8g2_SetMaxClipWindow  u8g2_setup.o
    0x00001f7c   0x00001f7c   0x00000046   Code   RO         9731    i.u8g2_SetupBuffer  u8g2_setup.o
    0x00001fc2   0x00001fc2   0x00000002   PAD
    0x00001fc4   0x00001fc4   0x00000038   Code   RO         7208    i.u8g2_Setup_ssd1306_i2c_128x64_noname_f  u8g2_d_setup.o
    0x00001ffc   0x00001ffc   0x00000052   Code   RO         7250    i.u8g2_UpdateRefHeight  u8g2_font.o
    0x0000204e   0x0000204e   0x0000001c   Code   RO         7251    i.u8g2_add_vector_x  u8g2_font.o
    0x0000206a   0x0000206a   0x0000001c   Code   RO         7252    i.u8g2_add_vector_y  u8g2_font.o
    0x00002086   0x00002086   0x0000006e   Code   RO         9733    i.u8g2_apply_clip_window  u8g2_setup.o
    0x000020f4   0x000020f4   0x0000003c   Code   RO         9485    i.u8g2_clip_intersection2  u8g2_hvline.o
    0x00002130   0x00002130   0x00000012   Code   RO         9486    i.u8g2_draw_hv_line_2dir  u8g2_hvline.o
    0x00002142   0x00002142   0x0000000c   Code   RO         9735    i.u8g2_draw_l90_r0  u8g2_setup.o
    0x0000214e   0x0000214e   0x0000006c   Code   RO         7253    i.u8g2_draw_string  u8g2_font.o
    0x000021ba   0x000021ba   0x00000004   Code   RO         7259    i.u8g2_font_calc_vref_font  u8g2_font.o
    0x000021be   0x000021be   0x00000014   Code   RO         7261    i.u8g2_font_decode_get_signed_bits  u8g2_font.o
    0x000021d2   0x000021d2   0x00000034   Code   RO         7262    i.u8g2_font_decode_get_unsigned_bits  u8g2_font.o
    0x00002206   0x00002206   0x00000112   Code   RO         7263    i.u8g2_font_decode_glyph  u8g2_font.o
    0x00002318   0x00002318   0x0000008a   Code   RO         7264    i.u8g2_font_decode_len  u8g2_font.o
    0x000023a2   0x000023a2   0x00000072   Code   RO         7265    i.u8g2_font_get_glyph_data  u8g2_font.o
    0x00002414   0x00002414   0x00000014   Code   RO         7266    i.u8g2_font_get_word  u8g2_font.o
    0x00002428   0x00002428   0x00000034   Code   RO         7267    i.u8g2_font_setup_decode  u8g2_font.o
    0x0000245c   0x0000245c   0x00000018   Code   RO         9543    i.u8g2_is_intersection_decision_tree  u8g2_intersection.o
    0x00002474   0x00002474   0x0000008e   Code   RO         9591    i.u8g2_ll_hvline_vertical_top_lsb  u8g2_ll_hvline.o
    0x00002502   0x00002502   0x00000002   PAD
    0x00002504   0x00002504   0x0000000c   Code   RO         7195    i.u8g2_m_16_8_f     u8g2_d_memory.o
    0x00002510   0x00002510   0x0000006a   Code   RO         7268    i.u8g2_read_font_info  u8g2_font.o
    0x0000257a   0x0000257a   0x0000004c   Code   RO         7027    i.u8g2_send_buffer  u8g2_buffer.o
    0x000025c6   0x000025c6   0x00000046   Code   RO         9740    i.u8g2_update_dimension_common  u8g2_setup.o
    0x0000260c   0x0000260c   0x00000004   Code   RO         9741    i.u8g2_update_dimension_r0  u8g2_setup.o
    0x00002610   0x00002610   0x00000022   Code   RO         9745    i.u8g2_update_page_win_r0  u8g2_setup.o
    0x00002632   0x00002632   0x0000001e   Code   RO        10518    i.u8x8_DrawTile     u8x8_display.o
    0x00002650   0x00002650   0x00000010   Code   RO        10520    i.u8x8_InitDisplay  u8x8_display.o
    0x00002660   0x00002660   0x00000010   Code   RO        10522    i.u8x8_RefreshDisplay  u8x8_display.o
    0x00002670   0x00002670   0x00000010   Code   RO        10525    i.u8x8_SetPowerSave  u8x8_display.o
    0x00002680   0x00002680   0x00000022   Code   RO        10824    i.u8x8_Setup        u8x8_setup.o
    0x000026a2   0x000026a2   0x00000002   PAD
    0x000026a4   0x000026a4   0x00000024   Code   RO        10825    i.u8x8_SetupDefaults  u8x8_setup.o
    0x000026c8   0x000026c8   0x00000010   Code   RO        10526    i.u8x8_SetupMemory  u8x8_display.o
    0x000026d8   0x000026d8   0x0000000e   Code   RO        10025    i.u8x8_ascii_next   u8x8_8x8.o
    0x000026e6   0x000026e6   0x00000010   Code   RO        10150    i.u8x8_byte_EndTransfer  u8x8_byte.o
    0x000026f6   0x000026f6   0x0000000c   Code   RO        10151    i.u8x8_byte_SendByte  u8x8_byte.o
    0x00002702   0x00002702   0x00000010   Code   RO        10152    i.u8x8_byte_SendBytes  u8x8_byte.o
    0x00002712   0x00002712   0x00000010   Code   RO        10154    i.u8x8_byte_StartTransfer  u8x8_byte.o
    0x00002722   0x00002722   0x00000002   PAD
    0x00002724   0x00002724   0x00000060   Code   RO         6141    i.u8x8_byte_hw_i2c  oled.o
    0x00002784   0x00002784   0x00000010   Code   RO        10270    i.u8x8_cad_EndTransfer  u8x8_cad.o
    0x00002794   0x00002794   0x00000010   Code   RO        10271    i.u8x8_cad_SendArg  u8x8_cad.o
    0x000027a4   0x000027a4   0x00000010   Code   RO        10272    i.u8x8_cad_SendCmd  u8x8_cad.o
    0x000027b4   0x000027b4   0x00000010   Code   RO        10273    i.u8x8_cad_SendData  u8x8_cad.o
    0x000027c4   0x000027c4   0x00000066   Code   RO        10275    i.u8x8_cad_SendSequence  u8x8_cad.o
    0x0000282a   0x0000282a   0x00000010   Code   RO        10276    i.u8x8_cad_StartTransfer  u8x8_cad.o
    0x0000283a   0x0000283a   0x00000002   PAD
    0x0000283c   0x0000283c   0x000000bc   Code   RO        10279    i.u8x8_cad_ssd13xx_fast_i2c  u8x8_cad.o
    0x000028f8   0x000028f8   0x00000060   Code   RO        10527    i.u8x8_d_helper_display_init  u8x8_display.o
    0x00002958   0x00002958   0x0000000a   Code   RO        10528    i.u8x8_d_helper_display_setup_memory  u8x8_display.o
    0x00002962   0x00002962   0x00000002   PAD
    0x00002964   0x00002964   0x0000003c   Code   RO        10452    i.u8x8_d_ssd1306_128x64_noname  u8x8_d_ssd1306_128x64_noname.o
    0x000029a0   0x000029a0   0x000000c8   Code   RO        10454    i.u8x8_d_ssd1306_sh1106_generic  u8x8_d_ssd1306_128x64_noname.o
    0x00002a68   0x00002a68   0x00000004   Code   RO        10827    i.u8x8_dummy_cb     u8x8_setup.o
    0x00002a6c   0x00002a6c   0x0000004c   Code   RO         6142    i.u8x8_gpio_and_delay  oled.o
    0x00002ab8   0x00002ab8   0x0000000c   Code   RO        10746    i.u8x8_gpio_call    u8x8_gpio.o
    0x00002ac4   0x00002ac4   0x0000002c   Code   RO        10287    i.u8x8_i2c_data_transfer  u8x8_cad.o
    0x00002af0   0x00002af0   0x00000008   Code   RO        10033    i.u8x8_utf8_init    u8x8_8x8.o
    0x00002af8   0x00002af8   0x00000062   Code   RO        11049    x$fpl$d2f           fz_wm.l(d2f.o)
    0x00002b5a   0x00002b5a   0x00000002   PAD
    0x00002b5c   0x00002b5c   0x00000150   Code   RO        11051    x$fpl$dadd          fz_wm.l(daddsub_clz.o)
    0x00002cac   0x00002cac   0x00000018   Code   RO        11089    x$fpl$dcmpinf       fz_wm.l(dcmpi.o)
    0x00002cc4   0x00002cc4   0x000002b0   Code   RO        11058    x$fpl$ddiv          fz_wm.l(ddiv.o)
    0x00002f74   0x00002f74   0x0000005e   Code   RO        11061    x$fpl$dfix          fz_wm.l(dfix.o)
    0x00002fd2   0x00002fd2   0x0000002e   Code   RO        11066    x$fpl$dflt          fz_wm.l(dflt_clz.o)
    0x00003000   0x00003000   0x00000078   Code   RO        11071    x$fpl$dleqf         fz_wm.l(dleqf.o)
    0x00003078   0x00003078   0x00000154   Code   RO        11073    x$fpl$dmul          fz_wm.l(dmul.o)
    0x000031cc   0x000031cc   0x0000009c   Code   RO        11091    x$fpl$dnaninf       fz_wm.l(dnaninf.o)
    0x00003268   0x00003268   0x0000000c   Code   RO        11093    x$fpl$dretinf       fz_wm.l(dretinf.o)
    0x00003274   0x00003274   0x0000006c   Code   RO        11075    x$fpl$drleqf        fz_wm.l(drleqf.o)
    0x000032e0   0x000032e0   0x00000016   Code   RO        11052    x$fpl$drsb          fz_wm.l(daddsub_clz.o)
    0x000032f6   0x000032f6   0x00000002   PAD
    0x000032f8   0x000032f8   0x000001d4   Code   RO        11053    x$fpl$dsub          fz_wm.l(daddsub_clz.o)
    0x000034cc   0x000034cc   0x00000056   Code   RO        11077    x$fpl$f2d           fz_wm.l(f2d.o)
    0x00003522   0x00003522   0x0000008c   Code   RO        11095    x$fpl$fnaninf       fz_wm.l(fnaninf.o)
    0x000035ae   0x000035ae   0x0000000a   Code   RO        11186    x$fpl$fpinit        fz_wm.l(fpinit.o)
    0x000035b8   0x000035b8   0x0000000a   Code   RO        11097    x$fpl$fretinf       fz_wm.l(fretinf.o)
    0x000035c2   0x000035c2   0x00000000   Code   RO        11099    x$fpl$usenofp       fz_wm.l(usenofp.o)
    0x000035c2   0x000035c2   0x00000002   PAD
    0x000035c4   0x000035c4   0x00000228   Data   RO         1945    .constdata          gpio.o
    0x000037ec   0x000037ec   0x0000010c   Data   RO         2893    .constdata          interrupt.o
    0x000038f8   0x000038f8   0x00000254   Data   RO         4099    .constdata          sysctl.o
    0x00003b4c   0x00003b4c   0x000000a0   Data   RO         4541    .constdata          timer.o
    0x00003bec   0x00003bec   0x00000993   Data   RO         9279    .constdata          u8g2_fonts.o
    0x0000457f   0x0000457f   0x00000001   PAD
    0x00004580   0x00004580   0x0000000c   Data   RO         9749    .constdata          u8g2_setup.o
    0x0000458c   0x0000458c   0x00000158   Data   RO        10456    .constdata          u8x8_d_ssd1306_128x64_noname.o
    0x000046e4   0x000046e4   0x00000020   Data   RO        11256    Region$$Table       anon$$obj.o


    Execution Region RW_IRAM1 (Exec base: 0x20000000, Load base: 0x00004704, Size: 0x00000eb8, Max: 0x00008000, ABSOLUTE, COMPRESSED[0x00000014])

    Exec Addr    Load Addr    Size         Type   Attr      Idx    E Section Name        Object

    0x20000000   COMPRESSED   0x00000002   Data   RW         5972    .data               main.o
    0x20000002   COMPRESSED   0x00000002   Data   RW         5973    .data               main.o
    0x20000004   COMPRESSED   0x00000001   Data   RW         5974    .data               main.o
    0x20000005   COMPRESSED   0x00000001   Data   RW         6144    .data               oled.o
    0x20000006   COMPRESSED   0x00000002   PAD
    0x20000008   COMPRESSED   0x0000000c   Data   RW         6330    .data               bsp_qei.o
    0x20000014   COMPRESSED   0x00000034   Data   RW         6463    .data               control.o
    0x20000048   COMPRESSED   0x0000000c   Data   RW         6900    .data               bsp_sensor.o
    0x20000054   COMPRESSED   0x00000006   Data   RW        10289    .data               u8x8_cad.o
    0x2000005a   COMPRESSED   0x000003a6   PAD
    0x20000400   COMPRESSED   0x0000026c   Data   RW         2894    vtable              interrupt.o
    0x2000066c        -       0x000000c6   Zero   RW         5971    .bss                main.o
    0x20000732        -       0x00000080   Zero   RW         6143    .bss                oled.o
    0x200007b2   COMPRESSED   0x00000006   PAD
    0x200007b8        -       0x000000a0   Zero   RW         6561    .bss                data_pid.o
    0x20000858        -       0x00000400   Zero   RW         7196    .bss                u8g2_d_memory.o
    0x20000c58        -       0x00000060   Zero   RW        11128    .bss                c_w.l(libspace.o)
    0x20000cb8        -       0x00000000   Zero   RW        10938    HEAP                startup_tm4c123.o
    0x20000cb8        -       0x00000200   Zero   RW        10937    STACK               startup_tm4c123.o


==============================================================================

Image component sizes


      Code (inc. data)   RO Data    RW Data    ZI Data      Debug   Object Name

         0          0          0          0          0       4508   adc.o
       112         24          0          0          0        519   bsp_pwm.o
       336         64          0         12          0       1481   bsp_qei.o
       372         40          0         12          0       2151   bsp_sensor.o
        92         18          0          0          0        984   bsp_sys.o
       104         16          0          0          0        530   bsp_timer.o
      1308        250          0         52          0      11338   control.o
        38          0          0          0          0        604   cpu.o
       794        118          0          0        160       3655   data_pid.o
       542         10        552          0          0       7291   gpio.o
       106         12          0          0          0       3637   i2c.o
       236         38          0          0          0       1490   iic.o
        60         10          0          0          0        511   init.o
       190         24        268        620          0       3333   interrupt.o
        80         16          0          5        198     160786   main.o
       248         26          0          1        128     162109   oled.o
       116          4          0          0          0       2975   pwm.o
        32          0          0          0          0       2097   qei.o
       276         24        620          0        512       5456   startup_tm4c123.o
       678         72        596          0          0       5719   sysctl.o
       132         42          0          0          0        621   system_tm4c123.o
        62          0          0          0          0       1975   systick.o
       252         32        160          0          0       5787   timer.o
         0          0          0          0          0     159713   u8g2_bitmap.o
       114          0          0          0          0       2495   u8g2_buffer.o
        12          4          0          0       1024        836   u8g2_d_memory.o
        56         14          0          0          0       1045   u8g2_d_setup.o
      1198         10          0          0          0      14296   u8g2_font.o
         0          0       2451          0          0     145294   u8g2_fonts.o
       248          0          0          0          0       2515   u8g2_hvline.o
        72          0          0          0          0       1903   u8g2_intersection.o
       142          0          0          0          0       1474   u8g2_ll_hvline.o
       328          0         12          0          0     146850   u8g2_setup.o
        22          0          0          0          0       1853   u8x8_8x8.o
        60          0          0          0          0       3025   u8x8_byte.o
       414         12          0          6          0       8796   u8x8_cad.o
       260         14        344          0          0       3111   u8x8_d_ssd1306_128x64_noname.o
       200          0          0          0          0       4426   u8x8_display.o
        12          0          0          0          0        605   u8x8_gpio.o
        74          4          0          0          0       1890   u8x8_setup.o

    ----------------------------------------------------------------------
      9408        898       5036       1644       2028     889684   Object Totals
         0          0         32          0          0          0   (incl. Generated)
        30          0          1        936          6          0   (incl. Padding)

    ----------------------------------------------------------------------

      Code (inc. data)   RO Data    RW Data    ZI Data      Debug   Library Member Name

        58          0          0          0          0          0   __dczerorl.o
         8          0          0          0          0         68   __main.o
       104          0          0          0          0         84   __printf.o
         0          0          0          0          0          0   __rtentry.o
        12          0          0          0          0          0   __rtentry2.o
         6          0          0          0          0          0   __rtentry4.o
        52          8          0          0          0          0   __scatter.o
        28          0          0          0          0          0   __scatter_zi.o
        48          6          0          0          0         96   _printf_char_common.o
         6          0          0          0          0          0   _printf_d.o
       120         16          0          0          0         92   _printf_dec.o
       178          0          0          0          0         88   _printf_intcommon.o
         0          0          0          0          0          0   _printf_percent.o
         4          0          0          0          0          0   _printf_percent_end.o
        10          0          0          0          0         68   _sputc.o
        18          0          0          0          0         80   exit.o
         6          0          0          0          0        152   heapauxi.o
         0          0          0          0          0          0   indicate_semi.o
         2          0          0          0          0          0   libinit.o
         6          0          0          0          0          0   libinit2.o
         2          0          0          0          0          0   libshutdown.o
         2          0          0          0          0          0   libshutdown2.o
         8          4          0          0         96         68   libspace.o
        40          6          0          0          0         84   noretval__2sprintf.o
        68          0          0          0          0         68   rt_memclr.o
        78          0          0          0          0         80   rt_memclr_w.o
         2          0          0          0          0          0   rtexit.o
        10          0          0          0          0          0   rtexit2.o
        12          4          0          0          0         68   sys_exit.o
        74          0          0          0          0         80   sys_stackheap_outer.o
         2          0          0          0          0         68   use_no_semi.o
        98          4          0          0          0        140   d2f.o
       826         16          0          0          0        492   daddsub_clz.o
        24          0          0          0          0        116   dcmpi.o
       688        140          0          0          0        256   ddiv.o
        94          4          0          0          0        140   dfix.o
        46          0          0          0          0        116   dflt_clz.o
       120          4          0          0          0        140   dleqf.o
       340         12          0          0          0        152   dmul.o
       156          4          0          0          0        140   dnaninf.o
        12          0          0          0          0        116   dretinf.o
       108          0          0          0          0        128   drleqf.o
        86          4          0          0          0        132   f2d.o
       140          4          0          0          0        132   fnaninf.o
        10          0          0          0          0        116   fpinit.o
        10          0          0          0          0        116   fretinf.o
         0          0          0          0          0          0   usenofp.o

    ----------------------------------------------------------------------
      3736        236          0          0         96       3676   Library Totals
        14          0          0          0          0          0   (incl. Padding)

    ----------------------------------------------------------------------

      Code (inc. data)   RO Data    RW Data    ZI Data      Debug   Library Name

       964         44          0          0         96       1244   c_w.l
      2758        192          0          0          0       2432   fz_wm.l

    ----------------------------------------------------------------------
      3736        236          0          0         96       3676   Library Totals

    ----------------------------------------------------------------------

==============================================================================


      Code (inc. data)   RO Data    RW Data    ZI Data      Debug   

     13144       1134       5036       1644       2124     877488   Grand Totals
     13144       1134       5036         20       2124     877488   ELF Image Totals (compressed)
     13144       1134       5036         20          0          0   ROM Totals

==============================================================================

    Total RO  Size (Code + RO Data)                18180 (  17.75kB)
    Total RW  Size (RW Data + ZI Data)              3768 (   3.68kB)
    Total ROM Size (Code + RO Data + RW Data)      18200 (  17.77kB)

==============================================================================

