Component: ARM Compiler 5.06 update 7 (build 960) Tool: armlink [4d3601]

==============================================================================

Section Cross References

    adc.o(i.ADCIntRegister) refers to adc.o(i._ADCIntNumberGet) for _ADCIntNumberGet
    adc.o(i.ADCIntRegister) refers to interrupt.o(i.IntRegister) for IntRegister
    adc.o(i.ADCIntRegister) refers to interrupt.o(i.IntEnable) for IntEnable
    adc.o(i.ADCIntUnregister) refers to adc.o(i._ADCIntNumberGet) for _ADCIntNumberGet
    adc.o(i.ADCIntUnregister) refers to interrupt.o(i.IntDisable) for IntDisable
    adc.o(i.ADCIntUnregister) refers to interrupt.o(i.IntUnregister) for IntUnregister
    adc.o(i.ADCSoftwareOversampleConfigure) refers to adc.o(.data) for .data
    adc.o(i.ADCSoftwareOversampleDataGet) refers to adc.o(.data) for .data
    adc.o(i.ADCSoftwareOversampleStepConfigure) refers to adc.o(.data) for .data
    aes.o(i.AESDataAuth) refers to aes.o(i.AESLengthSet) for AESLengthSet
    aes.o(i.AESDataAuth) refers to aes.o(i.AESDataWrite) for AESDataWrite
    aes.o(i.AESDataAuth) refers to aes.o(i.AESTagRead) for AESTagRead
    aes.o(i.AESDataProcess) refers to aes.o(i.AESLengthSet) for AESLengthSet
    aes.o(i.AESDataProcess) refers to aes.o(i.AESDataWrite) for AESDataWrite
    aes.o(i.AESDataProcess) refers to aes.o(i.AESDataRead) for AESDataRead
    aes.o(i.AESDataProcessAuth) refers to aes.o(i.AESLengthSet) for AESLengthSet
    aes.o(i.AESDataProcessAuth) refers to aes.o(i.AESDataWrite) for AESDataWrite
    aes.o(i.AESDataProcessAuth) refers to aes.o(i.AESDataRead) for AESDataRead
    aes.o(i.AESDataProcessAuth) refers to aes.o(i.AESTagRead) for AESTagRead
    aes.o(i.AESIntRegister) refers to interrupt.o(i.IntRegister) for IntRegister
    aes.o(i.AESIntRegister) refers to interrupt.o(i.IntEnable) for IntEnable
    aes.o(i.AESIntUnregister) refers to interrupt.o(i.IntDisable) for IntDisable
    aes.o(i.AESIntUnregister) refers to interrupt.o(i.IntUnregister) for IntUnregister
    can.o(i.CANBitRateSet) refers to can.o(.constdata) for .constdata
    can.o(i.CANIntRegister) refers to can.o(i._CANIntNumberGet) for _CANIntNumberGet
    can.o(i.CANIntRegister) refers to interrupt.o(i.IntRegister) for IntRegister
    can.o(i.CANIntRegister) refers to interrupt.o(i.IntEnable) for IntEnable
    can.o(i.CANIntUnregister) refers to can.o(i._CANIntNumberGet) for _CANIntNumberGet
    can.o(i.CANIntUnregister) refers to interrupt.o(i.IntDisable) for IntDisable
    can.o(i.CANIntUnregister) refers to interrupt.o(i.IntUnregister) for IntUnregister
    comp.o(i.ComparatorIntRegister) refers to interrupt.o(i.IntRegister) for IntRegister
    comp.o(i.ComparatorIntRegister) refers to interrupt.o(i.IntEnable) for IntEnable
    comp.o(i.ComparatorIntUnregister) refers to interrupt.o(i.IntDisable) for IntDisable
    comp.o(i.ComparatorIntUnregister) refers to interrupt.o(i.IntUnregister) for IntUnregister
    crc.o(i.CRCDataProcess) refers to crc.o(i.CRCResultRead) for CRCResultRead
    des.o(i.DESDataProcess) refers to des.o(i.DESDataWriteNonBlocking) for DESDataWriteNonBlocking
    des.o(i.DESDataProcess) refers to des.o(i.DESDataReadNonBlocking) for DESDataReadNonBlocking
    des.o(i.DESIntRegister) refers to interrupt.o(i.IntRegister) for IntRegister
    des.o(i.DESIntRegister) refers to interrupt.o(i.IntEnable) for IntEnable
    des.o(i.DESIntUnregister) refers to interrupt.o(i.IntDisable) for IntDisable
    des.o(i.DESIntUnregister) refers to interrupt.o(i.IntUnregister) for IntUnregister
    eeprom.o(i.EEPROMInit) refers to sysctl.o(.emb_text) for SysCtlDelay
    eeprom.o(i.EEPROMInit) refers to eeprom.o(i._EEPROMWaitForDone) for _EEPROMWaitForDone
    eeprom.o(i.EEPROMInit) refers to sysctl.o(i.SysCtlPeripheralReset) for SysCtlPeripheralReset
    eeprom.o(i.EEPROMIntClear) refers to eeprom.o(i._EEPROMSectorMaskClear) for _EEPROMSectorMaskClear
    eeprom.o(i.EEPROMMassErase) refers to eeprom.o(i._EEPROMSectorMaskClear) for _EEPROMSectorMaskClear
    eeprom.o(i.EEPROMMassErase) refers to eeprom.o(i._EEPROMWaitForDone) for _EEPROMWaitForDone
    eeprom.o(i.EEPROMMassErase) refers to sysctl.o(i.SysCtlPeripheralReset) for SysCtlPeripheralReset
    eeprom.o(i.EEPROMMassErase) refers to sysctl.o(.emb_text) for SysCtlDelay
    eeprom.o(i.EEPROMProgram) refers to eeprom.o(i._EEPROMSectorMaskSet) for _EEPROMSectorMaskSet
    eeprom.o(i.EEPROMProgram) refers to sysctl.o(.emb_text) for SysCtlDelay
    eeprom.o(i.EEPROMProgram) refers to eeprom.o(i._EEPROMSectorMaskClear) for _EEPROMSectorMaskClear
    eeprom.o(i.EEPROMProgramNonBlocking) refers to eeprom.o(i._EEPROMSectorMaskSet) for _EEPROMSectorMaskSet
    eeprom.o(i._EEPROMSectorMaskClear) refers to sysctl.o(.emb_text) for SysCtlDelay
    eeprom.o(i._EEPROMSectorMaskSet) refers to sysctl.o(.emb_text) for SysCtlDelay
    emac.o(i.EMACHashFilterBitCalculate) refers to sw_crc.o(i.Crc32) for Crc32
    emac.o(i.EMACInit) refers to emac.o(.constdata) for .constdata
[...]
    Removing u8x8_fonts.o(.constdata), (3588 bytes).
    Removing u8x8_fonts.o(.constdata), (1524 bytes).
    Removing u8x8_fonts.o(.constdata), (436 bytes).
    Removing u8x8_fonts.o(.constdata), (3588 bytes).
    Removing u8x8_fonts.o(.constdata), (1524 bytes).
    Removing u8x8_fonts.o(.constdata), (436 bytes).
    Removing u8x8_fonts.o(.constdata), (3588 bytes).
    Removing u8x8_fonts.o(.constdata), (1524 bytes).
    Removing u8x8_fonts.o(.constdata), (436 bytes).
    Removing u8x8_fonts.o(.constdata), (3588 bytes).
    Removing u8x8_fonts.o(.constdata), (1524 bytes).
    Removing u8x8_fonts.o(.constdata), (436 bytes).
    Removing u8x8_fonts.o(.constdata), (229 bytes).
    Removing u8x8_fonts.o(.constdata), (45 bytes).
    Removing u8x8_fonts.o(.constdata), (140 bytes).
    Removing u8x8_fonts.o(.constdata), (148 bytes).
    Removing u8x8_fonts.o(.constdata), (156 bytes).
    Removing u8x8_fonts.o(.constdata), (52 bytes).
    Removing u8x8_fonts.o(.constdata), (900 bytes).
    Removing u8x8_fonts.o(.constdata), (164 bytes).
    Removing u8x8_fonts.o(.constdata), (548 bytes).
    Removing u8x8_fonts.o(.constdata), (580 bytes).
    Removing u8x8_fonts.o(.constdata), (612 bytes).
    Removing u8x8_fonts.o(.constdata), (197 bytes).
    Removing u8x8_fonts.o(.constdata), (3588 bytes).
    Removing u8x8_fonts.o(.constdata), (644 bytes).
    Removing u8x8_fonts.o(.constdata), (2180 bytes).
    Removing u8x8_fonts.o(.constdata), (2308 bytes).
    Removing u8x8_fonts.o(.constdata), (2436 bytes).
    Removing u8x8_fonts.o(.constdata), (772 bytes).
    Removing u8x8_fonts.o(.constdata), (14340 bytes).
    Removing u8x8_fonts.o(.constdata), (2564 bytes).
    Removing u8x8_fonts.o(.constdata), (8708 bytes).
    Removing u8x8_fonts.o(.constdata), (9220 bytes).
    Removing u8x8_fonts.o(.constdata), (9732 bytes).
    Removing u8x8_fonts.o(.constdata), (3076 bytes).
    Removing u8x8_fonts.o(.constdata), (10756 bytes).
    Removing u8x8_fonts.o(.constdata), (4612 bytes).
    Removing u8x8_fonts.o(.constdata), (1300 bytes).
    Removing u8x8_fonts.o(.constdata), (772 bytes).
    Removing u8x8_fonts.o(.constdata), (220 bytes).
    Removing u8x8_fonts.o(.constdata), (517 bytes).
    Removing u8x8_fonts.o(.constdata), (764 bytes).
    Removing u8x8_fonts.o(.constdata), (220 bytes).
    Removing u8x8_fonts.o(.constdata), (517 bytes).
    Removing u8x8_fonts.o(.constdata), (772 bytes).
    Removing u8x8_fonts.o(.constdata), (220 bytes).
    Removing u8x8_fonts.o(.constdata), (517 bytes).
    Removing u8x8_fonts.o(.constdata), (220 bytes).
    Removing u8x8_fonts.o(.constdata), (517 bytes).
    Removing u8x8_fonts.o(.constdata), (772 bytes).
    Removing u8x8_fonts.o(.constdata), (220 bytes).
    Removing u8x8_fonts.o(.constdata), (517 bytes).
    Removing u8x8_fonts.o(.constdata), (772 bytes).
    Removing u8x8_fonts.o(.constdata), (220 bytes).
    Removing u8x8_fonts.o(.constdata), (517 bytes).
    Removing u8x8_fonts.o(.constdata), (772 bytes).
    Removing u8x8_fonts.o(.constdata), (220 bytes).
    Removing u8x8_fonts.o(.constdata), (517 bytes).
    Removing u8x8_fonts.o(.constdata), (10756 bytes).
    Removing u8x8_fonts.o(.constdata), (4564 bytes).
    Removing u8x8_fonts.o(.constdata), (1300 bytes).
    Removing u8x8_fonts.o(.constdata), (10756 bytes).
    Removing u8x8_fonts.o(.constdata), (4564 bytes).
    Removing u8x8_fonts.o(.constdata), (1300 bytes).
    Removing u8x8_fonts.o(.constdata), (21508 bytes).
    Removing u8x8_fonts.o(.constdata), (9124 bytes).
    Removing u8x8_fonts.o(.constdata), (2596 bytes).
    Removing u8x8_fonts.o(.constdata), (21508 bytes).
    Removing u8x8_fonts.o(.constdata), (9124 bytes).
    Removing u8x8_fonts.o(.constdata), (2596 bytes).
    Removing u8x8_fonts.o(.constdata), (7076 bytes).
    Removing u8x8_fonts.o(.constdata), (2916 bytes).
    Removing u8x8_fonts.o(.constdata), (868 bytes).
    Removing u8x8_fonts.o(.constdata), (7076 bytes).
    Removing u8x8_fonts.o(.constdata), (2916 bytes).
    Removing u8x8_fonts.o(.constdata), (868 bytes).
    Removing u8x8_fonts.o(.constdata), (14340 bytes).
    Removing u8x8_fonts.o(.constdata), (6084 bytes).
    Removing u8x8_fonts.o(.constdata), (1732 bytes).
    Removing u8x8_fonts.o(.constdata), (32260 bytes).
    Removing u8x8_fonts.o(.constdata), (13684 bytes).
    Removing u8x8_fonts.o(.constdata), (3892 bytes).
    Removing u8x8_fonts.o(.constdata), (24324 bytes).
    Removing u8x8_fonts.o(.constdata), (6916 bytes).
    Removing u8x8_fonts.o(.constdata), (14340 bytes).
    Removing u8x8_fonts.o(.constdata), (6084 bytes).
    Removing u8x8_fonts.o(.constdata), (1732 bytes).
    Removing u8x8_fonts.o(.constdata), (32260 bytes).
    Removing u8x8_fonts.o(.constdata), (13684 bytes).
    Removing u8x8_fonts.o(.constdata), (3892 bytes).
    Removing u8x8_fonts.o(.constdata), (24324 bytes).
    Removing u8x8_fonts.o(.constdata), (6916 bytes).
    Removing u8x8_fonts.o(.constdata), (1796 bytes).
    Removing u8x8_fonts.o(.constdata), (772 bytes).
    Removing u8x8_fonts.o(.constdata), (220 bytes).
    Removing u8x8_fonts.o(.constdata), (516 bytes).
    Removing u8x8_fonts.o(.constdata), (1796 bytes).
    Removing u8x8_fonts.o(.constdata), (772 bytes).
    Removing u8x8_fonts.o(.constdata), (220 bytes).
    Removing u8x8_fonts.o(.constdata), (517 bytes).
    Removing u8x8_fonts.o(.constdata), (1796 bytes).
    Removing u8x8_fonts.o(.constdata), (773 bytes).
    Removing u8x8_fonts.o(.constdata), (220 bytes).
    Removing u8x8_fonts.o(.constdata), (517 bytes).
    Removing u8x8_fonts.o(.constdata), (1796 bytes).
    Removing u8x8_fonts.o(.constdata), (772 bytes).
    Removing u8x8_fonts.o(.constdata), (220 bytes).
    Removing u8x8_fonts.o(.constdata), (517 bytes).
    Removing u8x8_fonts.o(.constdata), (1796 bytes).
    Removing u8x8_fonts.o(.constdata), (772 bytes).
    Removing u8x8_fonts.o(.constdata), (220 bytes).
    Removing u8x8_fonts.o(.constdata), (517 bytes).
    Removing u8x8_fonts.o(.constdata), (7172 bytes).
    Removing u8x8_fonts.o(.constdata), (3077 bytes).
    Removing u8x8_fonts.o(.constdata), (868 bytes).
    Removing u8x8_fonts.o(.constdata), (7172 bytes).
    Removing u8x8_fonts.o(.constdata), (3077 bytes).
    Removing u8x8_fonts.o(.constdata), (868 bytes).
    Removing u8x8_input_value.o(i.u8x8_UserInterfaceInputValue), (266 bytes).
    Removing u8x8_message.o(i.u8x8_UserInterfaceMessage), (246 bytes).
    Removing u8x8_message.o(i.u8x8_draw_button_line), (164 bytes).
    Removing u8x8_selection_list.o(i.u8sl_Next), (42 bytes).
    Removing u8x8_selection_list.o(i.u8sl_Prev), (40 bytes).
    Removing u8x8_selection_list.o(i.u8x8_DrawSelectionList), (44 bytes).
    Removing u8x8_selection_list.o(i.u8x8_UserInterfaceSelectionList), (192 bytes).
    Removing u8x8_selection_list.o(i.u8x8_sl_string_line_cb), (76 bytes).
    Removing u8x8_setup.o(i.u8x8_d_null_cb), (32 bytes).
    Removing u8x8_setup.o(.constdata), (24 bytes).
    Removing u8x8_string.o(i.u8x8_CopyStringLine), (40 bytes).
    Removing u8x8_string.o(i.u8x8_DrawUTF8Line), (116 bytes).
    Removing u8x8_string.o(i.u8x8_DrawUTF8Lines), (66 bytes).
    Removing u8x8_string.o(i.u8x8_GetStringLineCnt), (26 bytes).
    Removing u8x8_string.o(i.u8x8_GetStringLineStart), (34 bytes).
    Removing u8x8_u8toa.o(i.u8x8_u8toa), (24 bytes).
    Removing u8x8_u8toa.o(i.u8x8_u8toap), (44 bytes).
    Removing u8x8_u8toa.o(.constdata), (3 bytes).
    Removing u8x8_u8toa.o(.data), (4 bytes).
    Removing u8x8_u16toa.o(i.u8x8_u16toa), (24 bytes).
    Removing u8x8_u16toa.o(i.u8x8_u16toap), (46 bytes).
    Removing u8x8_u16toa.o(i.u8x8_utoa), (28 bytes).
    Removing u8x8_u16toa.o(.data), (6 bytes).
    Removing system_tm4c123.o(.rev16_text), (4 bytes).
    Removing system_tm4c123.o(.revsh_text), (4 bytes).
    Removing system_tm4c123.o(.rrx_text), (6 bytes).
    Removing system_tm4c123.o(i.SystemCoreClockUpdate), (124 bytes).
    Removing system_tm4c123.o(i.getOscClk), (220 bytes).
    Removing system_tm4c123.o(.data), (4 bytes).
    Removing epi.o(i.EPIWorkaroundWordWrite), (6 bytes).
    Removing epi.o(i.EPIWorkaroundWordRead), (6 bytes).
    Removing epi.o(i.EPIWorkaroundHWordWrite), (6 bytes).
    Removing epi.o(i.EPIWorkaroundHWordRead), (6 bytes).
    Removing epi.o(i.EPIWorkaroundByteWrite), (6 bytes).
    Removing epi.o(i.EPIWorkaroundByteRead), (6 bytes).

3255 unused section(s) (total 11464032 bytes) removed from the image.

==============================================================================

Image Symbol Table

    Local Symbols

    Symbol Name                              Value     Ov Type        Size  Object(Section)

    RESET                                    0x00000000   Section      620  startup_tm4c123.o(RESET)
    ../clib/angel/boardlib.s                 0x00000000   Number         0  boardinit1.o ABSOLUTE
    ../clib/angel/boardlib.s                 0x00000000   Number         0  boardinit2.o ABSOLUTE
    ../clib/angel/boardlib.s                 0x00000000   Number         0  boardinit3.o ABSOLUTE
    ../clib/angel/boardlib.s                 0x00000000   Number         0  boardshut.o ABSOLUTE
    ../clib/angel/handlers.s                 0x00000000   Number         0  __scatter_zi.o ABSOLUTE
    ../clib/angel/handlers.s                 0x00000000   Number         0  __scatter_copy.o ABSOLUTE
    ../clib/angel/kernel.s                   0x00000000   Number         0  __rtentry.o ABSOLUTE
    ../clib/angel/kernel.s                   0x00000000   Number         0  __rtentry2.o ABSOLUTE
    ../clib/angel/kernel.s                   0x00000000   Number         0  __rtentry4.o ABSOLUTE
    ../clib/angel/kernel.s                   0x00000000   Number         0  rtexit.o ABSOLUTE
    ../clib/angel/kernel.s                   0x00000000   Number         0  rtexit2.o ABSOLUTE
    ../clib/angel/rt.s                       0x00000000   Number         0  rt_raise.o ABSOLUTE
    ../clib/angel/scatter.s                  0x00000000   Number         0  __scatter.o ABSOLUTE
    ../clib/angel/startup.s                  0x00000000   Number         0  __main.o ABSOLUTE
    ../clib/angel/sys.s                      0x00000000   Number         0  sys_stackheap_outer.o ABSOLUTE
    ../clib/angel/sys.s                      0x00000000   Number         0  libspace.o ABSOLUTE
    ../clib/angel/sys.s                      0x00000000   Number         0  use_no_semi.o ABSOLUTE
    ../clib/angel/sys.s                      0x00000000   Number         0  indicate_semi.o ABSOLUTE
    ../clib/angel/sysapp.c                   0x00000000   Number         0  sys_wrch.o ABSOLUTE
    ../clib/angel/sysapp.c                   0x00000000   Number         0  sys_exit.o ABSOLUTE
    ../clib/angel/sysapp.c                   0x00000000   Number         0  sys_command.o ABSOLUTE
    ../clib/armsys.c                         0x00000000   Number         0  argv_veneer.o ABSOLUTE
    ../clib/armsys.c                         0x00000000   Number         0  argv_veneer.o ABSOLUTE
    ../clib/armsys.c                         0x00000000   Number         0  _get_argv_nomalloc.o ABSOLUTE
    ../clib/armsys.c                         0x00000000   Number         0  no_argv.o ABSOLUTE
    ../clib/heapalloc.c                      0x00000000   Number         0  hrguard.o ABSOLUTE
    ../clib/heapaux.c                        0x00000000   Number         0  heapauxi.o ABSOLUTE
    ../clib/libinit.s                        0x00000000   Number         0  libinit2.o ABSOLUTE
    ../clib/libinit.s                        0x00000000   Number         0  libinit.o ABSOLUTE
    ../clib/libinit.s                        0x00000000   Number         0  libshutdown2.o ABSOLUTE
    ../clib/libinit.s                        0x00000000   Number         0  libshutdown.o ABSOLUTE
    ../clib/memcpset.s                       0x00000000   Number         0  rt_memclr.o ABSOLUTE
    ../clib/memcpset.s                       0x00000000   Number         0  rt_memclr_w.o ABSOLUTE
    ../clib/signal.c                         0x00000000   Number         0  defsig_rtmem_outer.o ABSOLUTE
    ../clib/signal.c                         0x00000000   Number         0  defsig_pvfn_inner.o ABSOLUTE
    ../clib/signal.c                         0x00000000   Number         0  defsig_other.o ABSOLUTE
    ../clib/signal.c                         0x00000000   Number         0  defsig_segv_inner.o ABSOLUTE
    ../clib/signal.c                         0x00000000   Number         0  defsig_cppl_inner.o ABSOLUTE
    ../clib/signal.c                         0x00000000   Number         0  defsig_exit.o ABSOLUTE
    ../clib/signal.c                         0x00000000   Number         0  defsig_stak_inner.o ABSOLUTE
    ../clib/signal.c                         0x00000000   Number         0  defsig_rtred_inner.o ABSOLUTE
    ../clib/signal.c                         0x00000000   Number         0  defsig_fpe_inner.o ABSOLUTE
    ../clib/signal.c                         0x00000000   Number         0  defsig_abrt_inner.o ABSOLUTE
    ../clib/signal.c                         0x00000000   Number         0  defsig_general.o ABSOLUTE
    ../clib/signal.c                         0x00000000   Number         0  __raise.o ABSOLUTE
    ../clib/signal.c                         0x00000000   Number         0  defsig_rtmem_inner.o ABSOLUTE
    ../clib/signal.c                         0x00000000   Number         0  defsig_rtmem_formal.o ABSOLUTE
    ../clib/signal.s                         0x00000000   Number         0  defsig.o ABSOLUTE
    ../clib/stdlib.c                         0x00000000   Number         0  exit.o ABSOLUTE
    ../fplib/fpinit.s                        0x00000000   Number         0  fpinit.o ABSOLUTE
    RTE\Device\TM4C123GH6PM\startup_TM4C123.s 0x00000000   Number         0  startup_tm4c123.o ABSOLUTE
    RTE\Device\TM4C123GH6PM\system_TM4C123.c 0x00000000   Number         0  system_tm4c123.o ABSOLUTE
    RTE\\Device\\TM4C123GH6PM\\system_TM4C123.c 0x00000000   Number         0  system_tm4c123.o ABSOLUTE
    User\main.c                              0x00000000   Number         0  main.o ABSOLUTE
    User\oled\iic.c                          0x00000000   Number         0  iic.o ABSOLUTE
    User\oled\oled.c                         0x00000000   Number         0  oled.o ABSOLUTE
    User\u8g2\u8g2_bitmap.c                  0x00000000   Number         0  u8g2_bitmap.o ABSOLUTE
    User\u8g2\u8g2_box.c                     0x00000000   Number         0  u8g2_box.o ABSOLUTE
    User\u8g2\u8g2_buffer.c                  0x00000000   Number         0  u8g2_buffer.o ABSOLUTE
    User\u8g2\u8g2_button.c                  0x00000000   Number         0  u8g2_button.o ABSOLUTE
    User\u8g2\u8g2_circle.c                  0x00000000   Number         0  u8g2_circle.o ABSOLUTE
    User\u8g2\u8g2_cleardisplay.c            0x00000000   Number         0  u8g2_cleardisplay.o ABSOLUTE
    User\u8g2\u8g2_d_memory.c                0x00000000   Number         0  u8g2_d_memory.o ABSOLUTE
    User\u8g2\u8g2_d_setup.c                 0x00000000   Number         0  u8g2_d_setup.o ABSOLUTE
    User\u8g2\u8g2_font.c                    0x00000000   Number         0  u8g2_font.o ABSOLUTE
    User\u8g2\u8g2_fonts.c                   0x00000000   Number         0  u8g2_fonts.o ABSOLUTE
    User\u8g2\u8g2_hvline.c                  0x00000000   Number         0  u8g2_hvline.o ABSOLUTE
    User\u8g2\u8g2_input_value.c             0x00000000   Number         0  u8g2_input_value.o ABSOLUTE
    User\u8g2\u8g2_intersection.c            0x00000000   Number         0  u8g2_intersection.o ABSOLUTE
    User\u8g2\u8g2_kerning.c                 0x00000000   Number         0  u8g2_kerning.o ABSOLUTE
    User\u8g2\u8g2_line.c                    0x00000000   Number         0  u8g2_line.o ABSOLUTE
    User\u8g2\u8g2_ll_hvline.c               0x00000000   Number         0  u8g2_ll_hvline.o ABSOLUTE
    User\u8g2\u8g2_message.c                 0x00000000   Number         0  u8g2_message.o ABSOLUTE
    User\u8g2\u8g2_polygon.c                 0x00000000   Number         0  u8g2_polygon.o ABSOLUTE
    User\u8g2\u8g2_selection_list.c          0x00000000   Number         0  u8g2_selection_list.o ABSOLUTE
    User\u8g2\u8g2_setup.c                   0x00000000   Number         0  u8g2_setup.o ABSOLUTE
    User\u8g2\u8log.c                        0x00000000   Number         0  u8log.o ABSOLUTE
    User\u8g2\u8log_u8g2.c                   0x00000000   Number         0  u8log_u8g2.o ABSOLUTE
    User\u8g2\u8log_u8x8.c                   0x00000000   Number         0  u8log_u8x8.o ABSOLUTE
    User\u8g2\u8x8_8x8.c                     0x00000000   Number         0  u8x8_8x8.o ABSOLUTE
    User\u8g2\u8x8_byte.c                    0x00000000   Number         0  u8x8_byte.o ABSOLUTE
    User\u8g2\u8x8_cad.c                     0x00000000   Number         0  u8x8_cad.o ABSOLUTE
    User\u8g2\u8x8_capture.c                 0x00000000   Number         0  u8x8_capture.o ABSOLUTE
    User\u8g2\u8x8_d_ssd1306_128x64_noname.c 0x00000000   Number         0  u8x8_d_ssd1306_128x64_noname.o ABSOLUTE
    User\u8g2\u8x8_debounce.c                0x00000000   Number         0  u8x8_debounce.o ABSOLUTE
    User\u8g2\u8x8_display.c                 0x00000000   Number         0  u8x8_display.o ABSOLUTE
    User\u8g2\u8x8_fonts.c                   0x00000000   Number         0  u8x8_fonts.o ABSOLUTE
    User\u8g2\u8x8_gpio.c                    0x00000000   Number         0  u8x8_gpio.o ABSOLUTE
    User\u8g2\u8x8_input_value.c             0x00000000   Number         0  u8x8_input_value.o ABSOLUTE
    User\u8g2\u8x8_message.c                 0x00000000   Number         0  u8x8_message.o ABSOLUTE
    User\u8g2\u8x8_selection_list.c          0x00000000   Number         0  u8x8_selection_list.o ABSOLUTE
    User\u8g2\u8x8_setup.c                   0x00000000   Number         0  u8x8_setup.o ABSOLUTE
    User\u8g2\u8x8_string.c                  0x00000000   Number         0  u8x8_string.o ABSOLUTE
    User\u8g2\u8x8_u16toa.c                  0x00000000   Number         0  u8x8_u16toa.o ABSOLUTE
    User\u8g2\u8x8_u8toa.c                   0x00000000   Number         0  u8x8_u8toa.o ABSOLUTE
    dc.s                                     0x00000000   Number         0  dc.o ABSOLUTE
    driverlib\\cpu.c                         0x00000000   Number         0  cpu.o ABSOLUTE
    driverlib\\sysctl.c                      0x00000000   Number         0  sysctl.o ABSOLUTE
    driverlib\adc.c                          0x00000000   Number         0  adc.o ABSOLUTE
    driverlib\aes.c                          0x00000000   Number         0  aes.o ABSOLUTE
    driverlib\can.c                          0x00000000   Number         0  can.o ABSOLUTE
    driverlib\comp.c                         0x00000000   Number         0  comp.o ABSOLUTE
    driverlib\cpu.c                          0x00000000   Number         0  cpu.o ABSOLUTE
    driverlib\crc.c                          0x00000000   Number         0  crc.o ABSOLUTE
    driverlib\des.c                          0x00000000   Number         0  des.o ABSOLUTE
    driverlib\eeprom.c                       0x00000000   Number         0  eeprom.o ABSOLUTE
    driverlib\emac.c                         0x00000000   Number         0  emac.o ABSOLUTE
    driverlib\epi.c                          0x00000000   Number         0  epi.o ABSOLUTE
    driverlib\flash.c                        0x00000000   Number         0  flash.o ABSOLUTE
    driverlib\fpu.c                          0x00000000   Number         0  fpu.o ABSOLUTE
    driverlib\gpio.c                         0x00000000   Number         0  gpio.o ABSOLUTE
    driverlib\hibernate.c                    0x00000000   Number         0  hibernate.o ABSOLUTE
    driverlib\i2c.c                          0x00000000   Number         0  i2c.o ABSOLUTE
    driverlib\interrupt.c                    0x00000000   Number         0  interrupt.o ABSOLUTE
    driverlib\lcd.c                          0x00000000   Number         0  lcd.o ABSOLUTE
    driverlib\mpu.c                          0x00000000   Number         0  mpu.o ABSOLUTE
    driverlib\onewire.c                      0x00000000   Number         0  onewire.o ABSOLUTE
    driverlib\pwm.c                          0x00000000   Number         0  pwm.o ABSOLUTE
    driverlib\qei.c                          0x00000000   Number         0  qei.o ABSOLUTE
    driverlib\shamd5.c                       0x00000000   Number         0  shamd5.o ABSOLUTE
    driverlib\ssi.c                          0x00000000   Number         0  ssi.o ABSOLUTE
    driverlib\sw_crc.c                       0x00000000   Number         0  sw_crc.o ABSOLUTE
    driverlib\sysctl.c                       0x00000000   Number         0  sysctl.o ABSOLUTE
    driverlib\sysexc.c                       0x00000000   Number         0  sysexc.o ABSOLUTE
    driverlib\systick.c                      0x00000000   Number         0  systick.o ABSOLUTE
    driverlib\timer.c                        0x00000000   Number         0  timer.o ABSOLUTE
    driverlib\uart.c                         0x00000000   Number         0  uart.o ABSOLUTE
    driverlib\udma.c                         0x00000000   Number         0  udma.o ABSOLUTE
    driverlib\usb.c                          0x00000000   Number         0  usb.o ABSOLUTE
    driverlib\watchdog.c                     0x00000000   Number         0  watchdog.o ABSOLUTE
    !!!main                                  0x0000026c   Section        8  __main.o(!!!main)
    !!!scatter                               0x00000274   Section       52  __scatter.o(!!!scatter)
    !!handler_copy                           0x000002a8   Section       26  __scatter_copy.o(!!handler_copy)
    !!handler_zi                             0x000002c4   Section       28  __scatter_zi.o(!!handler_zi)
    .ARM.Collect$$libinit$$00000000          0x000002e0   Section        2  libinit.o(.ARM.Collect$$libinit$$00000000)
    .ARM.Collect$$libinit$$00000001          0x000002e2   Section        4  libinit2.o(.ARM.Collect$$libinit$$00000001)
    .ARM.Collect$$libinit$$00000004          0x000002e6   Section        0  libinit2.o(.ARM.Collect$$libinit$$00000004)
    .ARM.Collect$$libinit$$0000000A          0x000002e6   Section        0  libinit2.o(.ARM.Collect$$libinit$$0000000A)
    .ARM.Collect$$libinit$$0000000C          0x000002e6   Section        0  libinit2.o(.ARM.Collect$$libinit$$0000000C)
    .ARM.Collect$$libinit$$0000000E          0x000002e6   Section        0  libinit2.o(.ARM.Collect$$libinit$$0000000E)
    .ARM.Collect$$libinit$$00000011          0x000002e6   Section        0  libinit2.o(.ARM.Collect$$libinit$$00000011)
    .ARM.Collect$$libinit$$00000013          0x000002e6   Section        0  libinit2.o(.ARM.Collect$$libinit$$00000013)
    .ARM.Collect$$libinit$$00000015          0x000002e6   Section        0  libinit2.o(.ARM.Collect$$libinit$$00000015)
    .ARM.Collect$$libinit$$00000017          0x000002e6   Section        0  libinit2.o(.ARM.Collect$$libinit$$00000017)
    .ARM.Collect$$libinit$$00000019          0x000002e6   Section        0  libinit2.o(.ARM.Collect$$libinit$$00000019)
    .ARM.Collect$$libinit$$0000001B          0x000002e6   Section        0  libinit2.o(.ARM.Collect$$libinit$$0000001B)
    .ARM.Collect$$libinit$$0000001D          0x000002e6   Section        0  libinit2.o(.ARM.Collect$$libinit$$0000001D)
    .ARM.Collect$$libinit$$0000001F          0x000002e6   Section        0  libinit2.o(.ARM.Collect$$libinit$$0000001F)
    .ARM.Collect$$libinit$$00000021          0x000002e6   Section        0  libinit2.o(.ARM.Collect$$libinit$$00000021)
    .ARM.Collect$$libinit$$00000023          0x000002e6   Section        0  libinit2.o(.ARM.Collect$$libinit$$00000023)
    .ARM.Collect$$libinit$$00000025          0x000002e6   Section        0  libinit2.o(.ARM.Collect$$libinit$$00000025)
    .ARM.Collect$$libinit$$0000002C          0x000002e6   Section        0  libinit2.o(.ARM.Collect$$libinit$$0000002C)
    .ARM.Collect$$libinit$$0000002E          0x000002e6   Section        0  libinit2.o(.ARM.Collect$$libinit$$0000002E)
    .ARM.Collect$$libinit$$00000030          0x000002e6   Section        0  libinit2.o(.ARM.Collect$$libinit$$00000030)
    .ARM.Collect$$libinit$$00000032          0x000002e6   Section        0  libinit2.o(.ARM.Collect$$libinit$$00000032)
    .ARM.Collect$$libinit$$00000033          0x000002e6   Section        2  libinit2.o(.ARM.Collect$$libinit$$00000033)
    .ARM.Collect$$libshutdown$$00000000      0x000002e8   Section        2  libshutdown.o(.ARM.Collect$$libshutdown$$00000000)
    .ARM.Collect$$libshutdown$$00000002      0x000002ea   Section        0  libshutdown2.o(.ARM.Collect$$libshutdown$$00000002)
    .ARM.Collect$$libshutdown$$00000004      0x000002ea   Section        0  libshutdown2.o(.ARM.Collect$$libshutdown$$00000004)
    .ARM.Collect$$libshutdown$$00000006      0x000002ea   Section        0  libshutdown2.o(.ARM.Collect$$libshutdown$$00000006)
    .ARM.Collect$$libshutdown$$00000009      0x000002ea   Section        0  libshutdown2.o(.ARM.Collect$$libshutdown$$00000009)
    .ARM.Collect$$libshutdown$$0000000C      0x000002ea   Section        0  libshutdown2.o(.ARM.Collect$$libshutdown$$0000000C)
    .ARM.Collect$$libshutdown$$0000000E      0x000002ea   Section        0  libshutdown2.o(.ARM.Collect$$libshutdown$$0000000E)
    .ARM.Collect$$libshutdown$$00000011      0x000002ea   Section        0  libshutdown2.o(.ARM.Collect$$libshutdown$$00000011)
    .ARM.Collect$$libshutdown$$00000012      0x000002ea   Section        2  libshutdown2.o(.ARM.Collect$$libshutdown$$00000012)
    .ARM.Collect$$rtentry$$00000000          0x000002ec   Section        0  __rtentry.o(.ARM.Collect$$rtentry$$00000000)
    .ARM.Collect$$rtentry$$00000002          0x000002ec   Section        0  __rtentry2.o(.ARM.Collect$$rtentry$$00000002)
    .ARM.Collect$$rtentry$$00000004          0x000002ec   Section        6  __rtentry4.o(.ARM.Collect$$rtentry$$00000004)
    .ARM.Collect$$rtentry$$00000009          0x000002f2   Section        0  __rtentry2.o(.ARM.Collect$$rtentry$$00000009)
    .ARM.Collect$$rtentry$$0000000A          0x000002f2   Section        4  __rtentry2.o(.ARM.Collect$$rtentry$$0000000A)
    .ARM.Collect$$rtentry$$0000000C          0x000002f6   Section        0  __rtentry2.o(.ARM.Collect$$rtentry$$0000000C)
    .ARM.Collect$$rtentry$$0000000D          0x000002f6   Section        8  __rtentry2.o(.ARM.Collect$$rtentry$$0000000D)
    .ARM.Collect$$rtexit$$00000000           0x000002fe   Section        2  rtexit.o(.ARM.Collect$$rtexit$$00000000)
    .ARM.Collect$$rtexit$$00000002           0x00000300   Section        0  rtexit2.o(.ARM.Collect$$rtexit$$00000002)
    .ARM.Collect$$rtexit$$00000003           0x00000300   Section        4  rtexit2.o(.ARM.Collect$$rtexit$$00000003)
    .ARM.Collect$$rtexit$$00000004           0x00000304   Section        6  rtexit2.o(.ARM.Collect$$rtexit$$00000004)
    .emb_text                                0x0000030c   Section        6  sysctl.o(.emb_text)
    $v0                                      0x0000030c   Number         0  sysctl.o(.emb_text)
    .text                                    0x00000314   Section      276  startup_tm4c123.o(.text)
    $v0                                      0x00000314   Number         0  startup_tm4c123.o(.text)
    .text                                    0x00000428   Section       68  rt_memclr.o(.text)
    .text                                    0x0000046c   Section       78  rt_memclr_w.o(.text)
    .text                                    0x000004ba   Section        0  heapauxi.o(.text)
    .text                                    0x000004c0   Section       74  sys_stackheap_outer.o(.text)
    .text                                    0x0000050a   Section        0  exit.o(.text)
    .text                                    0x0000051c   Section        8  libspace.o(.text)
    .text                                    0x00000524   Section        0  sys_exit.o(.text)
    .text                                    0x00000530   Section        2  use_no_semi.o(.text)
    .text                                    0x00000532   Section        0  indicate_semi.o(.text)
    i.GPIODirModeSet                         0x00000532   Section        0  gpio.o(i.GPIODirModeSet)
    i.GPIOPadConfigSet                       0x00000558   Section        0  gpio.o(i.GPIOPadConfigSet)
    i.GPIOPinConfigure                       0x00000674   Section        0  gpio.o(i.GPIOPinConfigure)
    i.GPIOPinTypeI2C                         0x000006b8   Section        0  gpio.o(i.GPIOPinTypeI2C)
    i.GPIOPinTypeI2CSCL                      0x000006d4   Section        0  gpio.o(i.GPIOPinTypeI2CSCL)
    i.I2CMasterBusy                          0x000006f0   Section        0  i2c.o(i.I2CMasterBusy)
    i.I2CMasterControl                       0x000006fa   Section        0  i2c.o(i.I2CMasterControl)
    i.I2CMasterDataPut                       0x000006fe   Section        0  i2c.o(i.I2CMasterDataPut)
    i.I2CMasterInitExpClk                    0x00000704   Section        0  i2c.o(i.I2CMasterInitExpClk)
    i.I2CMasterSlaveAddrSet                  0x00000754   Section        0  i2c.o(i.I2CMasterSlaveAddrSet)
    i.I2CSendDataBlock                       0x0000075c   Section        0  iic.o(i.I2CSendDataBlock)
    i.InitI2C0                               0x000007dc   Section        0  iic.o(i.InitI2C0)
    i.SysCtlClockGet                         0x00000848   Section        0  sysctl.o(i.SysCtlClockGet)
    i.SysCtlClockSet                         0x00000984   Section        0  sysctl.o(i.SysCtlClockSet)
    i.SysCtlPeripheralEnable                 0x00000a70   Section        0  sysctl.o(i.SysCtlPeripheralEnable)
    i.SysCtlPeripheralReset                  0x00000a98   Section        0  sysctl.o(i.SysCtlPeripheralReset)
    i.SystemInit                             0x00000ad4   Section        0  system_tm4c123.o(i.SystemInit)
    i.delay_us                               0x00000b58   Section        0  oled.o(i.delay_us)
    i.main                                   0x00000b64   Section        0  main.o(i.main)
    i.u8g2Init                               0x00000bac   Section        0  oled.o(i.u8g2Init)
    i.u8g2_ClearBuffer                       0x00000be0   Section        0  u8g2_buffer.o(i.u8g2_ClearBuffer)
    i.u8g2_DrawCircle                        0x00000bf4   Section        0  u8g2_circle.o(i.u8g2_DrawCircle)
    i.u8g2_DrawHVLine                        0x00000c34   Section        0  u8g2_hvline.o(i.u8g2_DrawHVLine)
    i.u8g2_DrawPixel                         0x00000cde   Section        0  u8g2_hvline.o(i.u8g2_DrawPixel)
    i.u8g2_IsIntersection                    0x00000d0c   Section        0  u8g2_intersection.o(i.u8g2_IsIntersection)
    i.u8g2_SendBuffer                        0x00000d3c   Section        0  u8g2_buffer.o(i.u8g2_SendBuffer)
    i.u8g2_SetFontPosBaseline                0x00000d50   Section        0  u8g2_font.o(i.u8g2_SetFontPosBaseline)
    i.u8g2_SetMaxClipWindow                  0x00000d5c   Section        0  u8g2_setup.o(i.u8g2_SetMaxClipWindow)
    i.u8g2_SetupBuffer                       0x00000d78   Section        0  u8g2_setup.o(i.u8g2_SetupBuffer)
    i.u8g2_Setup_ssd1306_i2c_128x64_noname_f 0x00000dc0   Section        0  u8g2_d_setup.o(i.u8g2_Setup_ssd1306_i2c_128x64_noname_f)
    i.u8g2_apply_clip_window                 0x00000df8   Section        0  u8g2_setup.o(i.u8g2_apply_clip_window)
    u8g2_apply_clip_window                   0x00000df9   Thumb Code   110  u8g2_setup.o(i.u8g2_apply_clip_window)
    i.u8g2_clip_intersection2                0x00000e66   Section        0  u8g2_hvline.o(i.u8g2_clip_intersection2)
    u8g2_clip_intersection2                  0x00000e67   Thumb Code    60  u8g2_hvline.o(i.u8g2_clip_intersection2)
    i.u8g2_draw_circle                       0x00000ea2   Section        0  u8g2_circle.o(i.u8g2_draw_circle)
    u8g2_draw_circle                         0x00000ea3   Thumb Code   106  u8g2_circle.o(i.u8g2_draw_circle)
    i.u8g2_draw_circle_section               0x00000f0c   Section        0  u8g2_circle.o(i.u8g2_draw_circle_section)
    u8g2_draw_circle_section                 0x00000f0d   Thumb Code   186  u8g2_circle.o(i.u8g2_draw_circle_section)
    i.u8g2_draw_hv_line_2dir                 0x00000fc6   Section        0  u8g2_hvline.o(i.u8g2_draw_hv_line_2dir)
    i.u8g2_draw_l90_r0                       0x00000fd8   Section        0  u8g2_setup.o(i.u8g2_draw_l90_r0)
    i.u8g2_font_calc_vref_font               0x00000fe4   Section        0  u8g2_font.o(i.u8g2_font_calc_vref_font)
    i.u8g2_is_intersection_decision_tree     0x00000fe8   Section        0  u8g2_intersection.o(i.u8g2_is_intersection_decision_tree)
    i.u8g2_ll_hvline_vertical_top_lsb        0x00001000   Section        0  u8g2_ll_hvline.o(i.u8g2_ll_hvline_vertical_top_lsb)
    i.u8g2_m_16_8_f                          0x00001090   Section        0  u8g2_d_memory.o(i.u8g2_m_16_8_f)
    i.u8g2_send_buffer                       0x0000109c   Section        0  u8g2_buffer.o(i.u8g2_send_buffer)
    u8g2_send_buffer                         0x0000109d   Thumb Code    76  u8g2_buffer.o(i.u8g2_send_buffer)
    i.u8g2_update_dimension_common           0x000010e8   Section        0  u8g2_setup.o(i.u8g2_update_dimension_common)
    u8g2_update_dimension_common             0x000010e9   Thumb Code    70  u8g2_setup.o(i.u8g2_update_dimension_common)
    i.u8g2_update_dimension_r0               0x0000112e   Section        0  u8g2_setup.o(i.u8g2_update_dimension_r0)
    i.u8g2_update_page_win_r0                0x00001132   Section        0  u8g2_setup.o(i.u8g2_update_page_win_r0)
    i.u8x8_DrawTile                          0x00001154   Section        0  u8x8_display.o(i.u8x8_DrawTile)
    i.u8x8_InitDisplay                       0x00001172   Section        0  u8x8_display.o(i.u8x8_InitDisplay)
    i.u8x8_RefreshDisplay                    0x00001182   Section        0  u8x8_display.o(i.u8x8_RefreshDisplay)
    i.u8x8_SetPowerSave                      0x00001192   Section        0  u8x8_display.o(i.u8x8_SetPowerSave)
    i.u8x8_Setup                             0x000011a2   Section        0  u8x8_setup.o(i.u8x8_Setup)
    i.u8x8_SetupDefaults                     0x000011c4   Section        0  u8x8_setup.o(i.u8x8_SetupDefaults)
    i.u8x8_SetupMemory                       0x000011e8   Section        0  u8x8_display.o(i.u8x8_SetupMemory)
    i.u8x8_byte_EndTransfer                  0x000011f8   Section        0  u8x8_byte.o(i.u8x8_byte_EndTransfer)
    i.u8x8_byte_SendByte                     0x00001208   Section        0  u8x8_byte.o(i.u8x8_byte_SendByte)
    i.u8x8_byte_SendBytes                    0x00001214   Section        0  u8x8_byte.o(i.u8x8_byte_SendBytes)
    i.u8x8_byte_StartTransfer                0x00001224   Section        0  u8x8_byte.o(i.u8x8_byte_StartTransfer)
    i.u8x8_byte_hw_i2c                       0x00001234   Section        0  oled.o(i.u8x8_byte_hw_i2c)
    i.u8x8_cad_EndTransfer                   0x00001294   Section        0  u8x8_cad.o(i.u8x8_cad_EndTransfer)
    i.u8x8_cad_SendArg                       0x000012a4   Section        0  u8x8_cad.o(i.u8x8_cad_SendArg)
    i.u8x8_cad_SendCmd                       0x000012b4   Section        0  u8x8_cad.o(i.u8x8_cad_SendCmd)
    i.u8x8_cad_SendData                      0x000012c4   Section        0  u8x8_cad.o(i.u8x8_cad_SendData)
    i.u8x8_cad_SendSequence                  0x000012d4   Section        0  u8x8_cad.o(i.u8x8_cad_SendSequence)
    i.u8x8_cad_StartTransfer                 0x0000133a   Section        0  u8x8_cad.o(i.u8x8_cad_StartTransfer)
    i.u8x8_cad_ssd13xx_fast_i2c              0x0000134c   Section        0  u8x8_cad.o(i.u8x8_cad_ssd13xx_fast_i2c)
    i.u8x8_d_helper_display_init             0x00001408   Section        0  u8x8_display.o(i.u8x8_d_helper_display_init)
    i.u8x8_d_helper_display_setup_memory     0x00001468   Section        0  u8x8_display.o(i.u8x8_d_helper_display_setup_memory)
    i.u8x8_d_ssd1306_128x64_noname           0x00001474   Section        0  u8x8_d_ssd1306_128x64_noname.o(i.u8x8_d_ssd1306_128x64_noname)
    i.u8x8_d_ssd1306_sh1106_generic          0x000014b0   Section        0  u8x8_d_ssd1306_128x64_noname.o(i.u8x8_d_ssd1306_sh1106_generic)
    u8x8_d_ssd1306_sh1106_generic            0x000014b1   Thumb Code   194  u8x8_d_ssd1306_128x64_noname.o(i.u8x8_d_ssd1306_sh1106_generic)
    i.u8x8_dummy_cb                          0x00001578   Section        0  u8x8_setup.o(i.u8x8_dummy_cb)
    i.u8x8_gpio_and_delay                    0x0000157c   Section        0  oled.o(i.u8x8_gpio_and_delay)
    i.u8x8_gpio_call                         0x000015c8   Section        0  u8x8_gpio.o(i.u8x8_gpio_call)
    i.u8x8_i2c_data_transfer                 0x000015d4   Section        0  u8x8_cad.o(i.u8x8_i2c_data_transfer)
    u8x8_i2c_data_transfer                   0x000015d5   Thumb Code    44  u8x8_cad.o(i.u8x8_i2c_data_transfer)
    x$fpl$fpinit                             0x00001600   Section       10  fpinit.o(x$fpl$fpinit)
    $v0                                      0x00001600   Number         0  fpinit.o(x$fpl$fpinit)
    .constdata                               0x0000160c   Section      552  gpio.o(.constdata)
    g_ppui32GPIOIntMapBlizzard               0x0000160c   Data         192  gpio.o(.constdata)
    g_ppui32GPIOIntMapSnowflake              0x000016cc   Data         216  gpio.o(.constdata)
    g_pui32GPIOBaseAddrs                     0x000017a4   Data         144  gpio.o(.constdata)
    .constdata                               0x00001834   Section      596  sysctl.o(.constdata)
    g_pui32VCOFrequencies                    0x00001834   Data           8  sysctl.o(.constdata)
    g_pui32Xtals                             0x0000183c   Data         108  sysctl.o(.constdata)
    g_pppui32XTALtoVCO                       0x000018a8   Data         432  sysctl.o(.constdata)
    g_sXTALtoMEMTIM                          0x00001a58   Data          48  sysctl.o(.constdata)
    .constdata                               0x00001a88   Section       12  u8g2_setup.o(.constdata)
    .constdata                               0x00001a94   Section      344  u8x8_d_ssd1306_128x64_noname.o(.constdata)
    u8x8_d_ssd1306_128x64_noname_powersave0_seq 0x00001a94   Data           5  u8x8_d_ssd1306_128x64_noname.o(.constdata)
    u8x8_d_ssd1306_128x64_noname_powersave1_seq 0x00001a99   Data           5  u8x8_d_ssd1306_128x64_noname.o(.constdata)
    u8x8_d_ssd1306_128x64_noname_flip0_seq   0x00001a9e   Data           7  u8x8_d_ssd1306_128x64_noname.o(.constdata)
    u8x8_d_ssd1306_128x64_noname_flip1_seq   0x00001aa5   Data           7  u8x8_d_ssd1306_128x64_noname.o(.constdata)
    u8x8_d_ssd1312_128x64_noname_flip0_seq   0x00001aac   Data           7  u8x8_d_ssd1306_128x64_noname.o(.constdata)
    u8x8_d_ssd1312_128x64_noname_flip1_seq   0x00001ab3   Data           7  u8x8_d_ssd1306_128x64_noname.o(.constdata)
    u8x8_d_ssd1306_128x64_noname_init_seq    0x00001aba   Data          53  u8x8_d_ssd1306_128x64_noname.o(.constdata)
    u8x8_d_ssd1306_128x64_vcomh0_init_seq    0x00001aef   Data          53  u8x8_d_ssd1306_128x64_noname.o(.constdata)
    u8x8_d_ssd1306_128x64_alt0_init_seq      0x00001b24   Data          53  u8x8_d_ssd1306_128x64_noname.o(.constdata)
    u8x8_d_sh1106_128x64_winstar_init_seq    0x00001b59   Data          45  u8x8_d_ssd1306_128x64_noname.o(.constdata)
    u8x8_d_ssd1312_128x64_noname_init_seq    0x00001b86   Data          53  u8x8_d_ssd1306_128x64_noname.o(.constdata)
    u8x8_ssd1306_128x64_noname_display_info  0x00001bbc   Data          24  u8x8_d_ssd1306_128x64_noname.o(.constdata)
    u8x8_sh1106_128x64_noname_display_info   0x00001bd4   Data          24  u8x8_d_ssd1306_128x64_noname.o(.constdata)
    .data                                    0x20000000   Section        1  oled.o(.data)
    buf_idx                                  0x20000000   Data           1  oled.o(.data)
    .data                                    0x20000001   Section        6  u8x8_cad.o(.data)
    in_transfer                              0x20000001   Data           1  u8x8_cad.o(.data)
    in_transfer                              0x20000002   Data           1  u8x8_cad.o(.data)
    in_transfer                              0x20000003   Data           1  u8x8_cad.o(.data)
    is_data                                  0x20000004   Data           1  u8x8_cad.o(.data)
    in_transfer                              0x20000005   Data           1  u8x8_cad.o(.data)
    is_data                                  0x20000006   Data           1  u8x8_cad.o(.data)
    .bss                                     0x20000008   Section      128  oled.o(.bss)
    buffer                                   0x20000008   Data         128  oled.o(.bss)
    .bss                                     0x20000088   Section     1024  u8g2_d_memory.o(.bss)
    buf                                      0x20000088   Data        1024  u8g2_d_memory.o(.bss)
    .bss                                     0x20000488   Section       96  libspace.o(.bss)
    HEAP                                     0x200004e8   Section        0  startup_tm4c123.o(HEAP)
    STACK                                    0x200004e8   Section      512  startup_tm4c123.o(STACK)
    Heap_Mem                                 0x200004e8   Data           0  startup_tm4c123.o(HEAP)
    Stack_Mem                                0x200004e8   Data         512  startup_tm4c123.o(STACK)
    __initial_sp                             0x200006e8   Data           0  startup_tm4c123.o(STACK)

    Global Symbols

    Symbol Name                              Value     Ov Type        Size  Object(Section)

    BuildAttributes$$THM_ISAv4$E$P$D$K$B$S$7EM$VFPi3$EXTD16$VFPS$VFMA$PE$A:L22UL41UL21$X:L11$S22US41US21$IEEE1$IW$USESV6$~STKCKD$USESV7$~SHL$OSPACE$ROPI$EBA8$UX$STANDARDLIB$REQ8$PRES8$EABIv2 0x00000000   Number         0  anon$$obj.o ABSOLUTE
    __ARM_use_no_argv                        0x00000000   Number         0  main.o ABSOLUTE
    __Vectors                                0x00000000   Data           4  startup_tm4c123.o(RESET)
    __ARM_exceptions_init                     - Undefined Weak Reference
    __alloca_initialize                       - Undefined Weak Reference
    __arm_fini_                               - Undefined Weak Reference
    __arm_preinit_                            - Undefined Weak Reference
    __cpp_initialize__aeabi_                  - Undefined Weak Reference
    __cxa_finalize                            - Undefined Weak Reference
    __rt_locale                               - Undefined Weak Reference
    __sigvec_lookup                           - Undefined Weak Reference
    _atexit_init                              - Undefined Weak Reference
    _call_atexit_fns                          - Undefined Weak Reference
    _clock_init                               - Undefined Weak Reference
    _fp_trap_init                             - Undefined Weak Reference
    _fp_trap_shutdown                         - Undefined Weak Reference
    _get_lc_collate                           - Undefined Weak Reference
    _get_lc_ctype                             - Undefined Weak Reference
    _get_lc_monetary                          - Undefined Weak Reference
    _get_lc_numeric                           - Undefined Weak Reference
    _get_lc_time                              - Undefined Weak Reference
    _getenv_init                              - Undefined Weak Reference
    _handle_redirection                       - Undefined Weak Reference
    _init_alloc                               - Undefined Weak Reference
    _init_user_alloc                          - Undefined Weak Reference
    _initio                                   - Undefined Weak Reference
    _rand_init                                - Undefined Weak Reference
    _signal_finish                            - Undefined Weak Reference
    _signal_init                              - Undefined Weak Reference
    _terminate_alloc                          - Undefined Weak Reference
    _terminate_user_alloc                     - Undefined Weak Reference
    _terminateio                              - Undefined Weak Reference
    __Vectors_End                            0x0000026c   Data           0  startup_tm4c123.o(RESET)
    __Vectors_Size                           0x0000026c   Number         0  startup_tm4c123.o ABSOLUTE
    __main                                   0x0000026d   Thumb Code     8  __main.o(!!!main)
    __scatterload                            0x00000275   Thumb Code     0  __scatter.o(!!!scatter)
    __scatterload_rt2                        0x00000275   Thumb Code    44  __scatter.o(!!!scatter)
    __scatterload_rt2_thumb_only             0x00000275   Thumb Code     0  __scatter.o(!!!scatter)
    __scatterload_null                       0x00000283   Thumb Code     0  __scatter.o(!!!scatter)
    __scatterload_copy                       0x000002a9   Thumb Code    26  __scatter_copy.o(!!handler_copy)
    __scatterload_zeroinit                   0x000002c5   Thumb Code    28  __scatter_zi.o(!!handler_zi)
    __rt_lib_init                            0x000002e1   Thumb Code     0  libinit.o(.ARM.Collect$$libinit$$00000000)
    __rt_lib_init_fp_1                       0x000002e3   Thumb Code     0  libinit2.o(.ARM.Collect$$libinit$$00000001)
    __rt_lib_init_alloca_1                   0x000002e7   Thumb Code     0  libinit2.o(.ARM.Collect$$libinit$$0000002E)
    __rt_lib_init_argv_1                     0x000002e7   Thumb Code     0  libinit2.o(.ARM.Collect$$libinit$$0000002C)
    __rt_lib_init_atexit_1                   0x000002e7   Thumb Code     0  libinit2.o(.ARM.Collect$$libinit$$0000001B)
    __rt_lib_init_clock_1                    0x000002e7   Thumb Code     0  libinit2.o(.ARM.Collect$$libinit$$00000021)
    __rt_lib_init_cpp_1                      0x000002e7   Thumb Code     0  libinit2.o(.ARM.Collect$$libinit$$00000032)
    __rt_lib_init_exceptions_1               0x000002e7   Thumb Code     0  libinit2.o(.ARM.Collect$$libinit$$00000030)
    __rt_lib_init_fp_trap_1                  0x000002e7   Thumb Code     0  libinit2.o(.ARM.Collect$$libinit$$0000001F)
    __rt_lib_init_getenv_1                   0x000002e7   Thumb Code     0  libinit2.o(.ARM.Collect$$libinit$$00000023)
    __rt_lib_init_heap_1                     0x000002e7   Thumb Code     0  libinit2.o(.ARM.Collect$$libinit$$0000000A)
    __rt_lib_init_lc_collate_1               0x000002e7   Thumb Code     0  libinit2.o(.ARM.Collect$$libinit$$00000011)
    __rt_lib_init_lc_ctype_1                 0x000002e7   Thumb Code     0  libinit2.o(.ARM.Collect$$libinit$$00000013)
    __rt_lib_init_lc_monetary_1              0x000002e7   Thumb Code     0  libinit2.o(.ARM.Collect$$libinit$$00000015)
    __rt_lib_init_lc_numeric_1               0x000002e7   Thumb Code     0  libinit2.o(.ARM.Collect$$libinit$$00000017)
    __rt_lib_init_lc_time_1                  0x000002e7   Thumb Code     0  libinit2.o(.ARM.Collect$$libinit$$00000019)
    __rt_lib_init_preinit_1                  0x000002e7   Thumb Code     0  libinit2.o(.ARM.Collect$$libinit$$00000004)
    __rt_lib_init_rand_1                     0x000002e7   Thumb Code     0  libinit2.o(.ARM.Collect$$libinit$$0000000E)
    __rt_lib_init_return                     0x000002e7   Thumb Code     0  libinit2.o(.ARM.Collect$$libinit$$00000033)
    __rt_lib_init_signal_1                   0x000002e7   Thumb Code     0  libinit2.o(.ARM.Collect$$libinit$$0000001D)
    __rt_lib_init_stdio_1                    0x000002e7   Thumb Code     0  libinit2.o(.ARM.Collect$$libinit$$00000025)
    __rt_lib_init_user_alloc_1               0x000002e7   Thumb Code     0  libinit2.o(.ARM.Collect$$libinit$$0000000C)
    __rt_lib_shutdown                        0x000002e9   Thumb Code     0  libshutdown.o(.ARM.Collect$$libshutdown$$00000000)
    __rt_lib_shutdown_cpp_1                  0x000002eb   Thumb Code     0  libshutdown2.o(.ARM.Collect$$libshutdown$$00000004)
    __rt_lib_shutdown_fini_1                 0x000002eb   Thumb Code     0  libshutdown2.o(.ARM.Collect$$libshutdown$$00000002)
    __rt_lib_shutdown_fp_trap_1              0x000002eb   Thumb Code     0  libshutdown2.o(.ARM.Collect$$libshutdown$$00000009)
    __rt_lib_shutdown_heap_1                 0x000002eb   Thumb Code     0  libshutdown2.o(.ARM.Collect$$libshutdown$$00000011)
    __rt_lib_shutdown_return                 0x000002eb   Thumb Code     0  libshutdown2.o(.ARM.Collect$$libshutdown$$00000012)
    __rt_lib_shutdown_signal_1               0x000002eb   Thumb Code     0  libshutdown2.o(.ARM.Collect$$libshutdown$$0000000C)
    __rt_lib_shutdown_stdio_1                0x000002eb   Thumb Code     0  libshutdown2.o(.ARM.Collect$$libshutdown$$00000006)
    __rt_lib_shutdown_user_alloc_1           0x000002eb   Thumb Code     0  libshutdown2.o(.ARM.Collect$$libshutdown$$0000000E)
    __rt_entry                               0x000002ed   Thumb Code     0  __rtentry.o(.ARM.Collect$$rtentry$$00000000)
    __rt_entry_presh_1                       0x000002ed   Thumb Code     0  __rtentry2.o(.ARM.Collect$$rtentry$$00000002)
    __rt_entry_sh                            0x000002ed   Thumb Code     0  __rtentry4.o(.ARM.Collect$$rtentry$$00000004)
    __rt_entry_li                            0x000002f3   Thumb Code     0  __rtentry2.o(.ARM.Collect$$rtentry$$0000000A)
    __rt_entry_postsh_1                      0x000002f3   Thumb Code     0  __rtentry2.o(.ARM.Collect$$rtentry$$00000009)
    __rt_entry_main                          0x000002f7   Thumb Code     0  __rtentry2.o(.ARM.Collect$$rtentry$$0000000D)
    __rt_entry_postli_1                      0x000002f7   Thumb Code     0  __rtentry2.o(.ARM.Collect$$rtentry$$0000000C)
    __rt_exit                                0x000002ff   Thumb Code     0  rtexit.o(.ARM.Collect$$rtexit$$00000000)
    __rt_exit_ls                             0x00000301   Thumb Code     0  rtexit2.o(.ARM.Collect$$rtexit$$00000003)
    __rt_exit_prels_1                        0x00000301   Thumb Code     0  rtexit2.o(.ARM.Collect$$rtexit$$00000002)
    __rt_exit_exit                           0x00000305   Thumb Code     0  rtexit2.o(.ARM.Collect$$rtexit$$00000004)
    SysCtlDelay                              0x0000030d   Thumb Code     6  sysctl.o(.emb_text)
    Reset_Handler                            0x00000315   Thumb Code     8  startup_tm4c123.o(.text)
    NMI_Handler                              0x0000031d   Thumb Code     2  startup_tm4c123.o(.text)
    HardFault_Handler                        0x0000031f   Thumb Code     2  startup_tm4c123.o(.text)
    MemManage_Handler                        0x00000321   Thumb Code     2  startup_tm4c123.o(.text)
    BusFault_Handler                         0x00000323   Thumb Code     2  startup_tm4c123.o(.text)
    UsageFault_Handler                       0x00000325   Thumb Code     2  startup_tm4c123.o(.text)
    SVC_Handler                              0x00000327   Thumb Code     2  startup_tm4c123.o(.text)
    DebugMon_Handler                         0x00000329   Thumb Code     2  startup_tm4c123.o(.text)
    PendSV_Handler                           0x0000032b   Thumb Code     2  startup_tm4c123.o(.text)
    SysTick_Handler                          0x0000032d   Thumb Code     2  startup_tm4c123.o(.text)
    GPIOA_Handler                            0x0000032f   Thumb Code     2  startup_tm4c123.o(.text)
    GPIOB_Handler                            0x00000331   Thumb Code     2  startup_tm4c123.o(.text)
    GPIOC_Handler                            0x00000333   Thumb Code     2  startup_tm4c123.o(.text)
    GPIOD_Handler                            0x00000335   Thumb Code     2  startup_tm4c123.o(.text)
    GPIOE_Handler                            0x00000337   Thumb Code     2  startup_tm4c123.o(.text)
    UART0_Handler                            0x00000339   Thumb Code     2  startup_tm4c123.o(.text)
    UART1_Handler                            0x0000033b   Thumb Code     2  startup_tm4c123.o(.text)
    SSI0_Handler                             0x0000033d   Thumb Code     2  startup_tm4c123.o(.text)
    I2C0_Handler                             0x0000033f   Thumb Code     2  startup_tm4c123.o(.text)
    PMW0_FAULT_Handler                       0x00000341   Thumb Code     2  startup_tm4c123.o(.text)
    PWM0_0_Handler                           0x00000343   Thumb Code     2  startup_tm4c123.o(.text)
    PWM0_1_Handler                           0x00000345   Thumb Code     2  startup_tm4c123.o(.text)
    PWM0_2_Handler                           0x00000347   Thumb Code     2  startup_tm4c123.o(.text)
    QEI0_Handler                             0x00000349   Thumb Code     2  startup_tm4c123.o(.text)
    ADC0SS0_Handler                          0x0000034b   Thumb Code     2  startup_tm4c123.o(.text)
    ADC0SS1_Handler                          0x0000034d   Thumb Code     2  startup_tm4c123.o(.text)
    ADC0SS2_Handler                          0x0000034f   Thumb Code     2  startup_tm4c123.o(.text)
    ADC0SS3_Handler                          0x00000351   Thumb Code     2  startup_tm4c123.o(.text)
    WDT0_Handler                             0x00000353   Thumb Code     2  startup_tm4c123.o(.text)
    TIMER0A_Handler                          0x00000355   Thumb Code     2  startup_tm4c123.o(.text)
    TIMER0B_Handler                          0x00000357   Thumb Code     2  startup_tm4c123.o(.text)
    TIMER1A_Handler                          0x00000359   Thumb Code     2  startup_tm4c123.o(.text)
    TIMER1B_Handler                          0x0000035b   Thumb Code     2  startup_tm4c123.o(.text)
    TIMER2A_Handler                          0x0000035d   Thumb Code     2  startup_tm4c123.o(.text)
    TIMER2B_Handler                          0x0000035f   Thumb Code     2  startup_tm4c123.o(.text)
    COMP0_Handler                            0x00000361   Thumb Code     2  startup_tm4c123.o(.text)
    COMP1_Handler                            0x00000363   Thumb Code     2  startup_tm4c123.o(.text)
    COMP2_Handler                            0x00000365   Thumb Code     2  startup_tm4c123.o(.text)
    SYSCTL_Handler                           0x00000367   Thumb Code     2  startup_tm4c123.o(.text)
    FLASH_Handler                            0x00000369   Thumb Code     2  startup_tm4c123.o(.text)
    GPIOF_Handler                            0x0000036b   Thumb Code     2  startup_tm4c123.o(.text)
    GPIOG_Handler                            0x0000036d   Thumb Code     2  startup_tm4c123.o(.text)
    GPIOH_Handler                            0x0000036f   Thumb Code     2  startup_tm4c123.o(.text)
    UART2_Handler                            0x00000371   Thumb Code     2  startup_tm4c123.o(.text)
    SSI1_Handler                             0x00000373   Thumb Code     2  startup_tm4c123.o(.text)
    TIMER3A_Handler                          0x00000375   Thumb Code     2  startup_tm4c123.o(.text)
    TIMER3B_Handler                          0x00000377   Thumb Code     2  startup_tm4c123.o(.text)
    I2C1_Handler                             0x00000379   Thumb Code     2  startup_tm4c123.o(.text)
    QEI1_Handler                             0x0000037b   Thumb Code     2  startup_tm4c123.o(.text)
    CAN0_Handler                             0x0000037d   Thumb Code     2  startup_tm4c123.o(.text)
    CAN1_Handler                             0x0000037f   Thumb Code     2  startup_tm4c123.o(.text)
    CAN2_Handler                             0x00000381   Thumb Code     2  startup_tm4c123.o(.text)
    HIB_Handler                              0x00000383   Thumb Code     2  startup_tm4c123.o(.text)
    USB0_Handler                             0x00000385   Thumb Code     2  startup_tm4c123.o(.text)
    PWM0_3_Handler                           0x00000387   Thumb Code     2  startup_tm4c123.o(.text)
    UDMA_Handler                             0x00000389   Thumb Code     2  startup_tm4c123.o(.text)
    UDMAERR_Handler                          0x0000038b   Thumb Code     2  startup_tm4c123.o(.text)
    ADC1SS0_Handler                          0x0000038d   Thumb Code     2  startup_tm4c123.o(.text)
    ADC1SS1_Handler                          0x0000038f   Thumb Code     2  startup_tm4c123.o(.text)
    ADC1SS2_Handler                          0x00000391   Thumb Code     2  startup_tm4c123.o(.text)
    ADC1SS3_Handler                          0x00000393   Thumb Code     2  startup_tm4c123.o(.text)
    GPIOJ_Handler                            0x00000395   Thumb Code     2  startup_tm4c123.o(.text)
    GPIOK_Handler                            0x00000397   Thumb Code     2  startup_tm4c123.o(.text)
    GPIOL_Handler                            0x00000399   Thumb Code     2  startup_tm4c123.o(.text)
    SSI2_Handler                             0x0000039b   Thumb Code     2  startup_tm4c123.o(.text)
    SSI3_Handler                             0x0000039d   Thumb Code     2  startup_tm4c123.o(.text)
    UART3_Handler                            0x0000039f   Thumb Code     2  startup_tm4c123.o(.text)
    UART4_Handler                            0x000003a1   Thumb Code     2  startup_tm4c123.o(.text)
    UART5_Handler                            0x000003a3   Thumb Code     2  startup_tm4c123.o(.text)
    UART6_Handler                            0x000003a5   Thumb Code     2  startup_tm4c123.o(.text)
    UART7_Handler                            0x000003a7   Thumb Code     2  startup_tm4c123.o(.text)
    I2C2_Handler                             0x000003a9   Thumb Code     2  startup_tm4c123.o(.text)
    I2C3_Handler                             0x000003ab   Thumb Code     2  startup_tm4c123.o(.text)
    TIMER4A_Handler                          0x000003ad   Thumb Code     2  startup_tm4c123.o(.text)
    TIMER4B_Handler                          0x000003af   Thumb Code     2  startup_tm4c123.o(.text)
    TIMER5A_Handler                          0x000003b1   Thumb Code     2  startup_tm4c123.o(.text)
    TIMER5B_Handler                          0x000003b3   Thumb Code     2  startup_tm4c123.o(.text)
    WTIMER0A_Handler                         0x000003b5   Thumb Code     2  startup_tm4c123.o(.text)
    WTIMER0B_Handler                         0x000003b7   Thumb Code     2  startup_tm4c123.o(.text)
    WTIMER1A_Handler                         0x000003b9   Thumb Code     2  startup_tm4c123.o(.text)
    WTIMER1B_Handler                         0x000003bb   Thumb Code     2  startup_tm4c123.o(.text)
    WTIMER2A_Handler                         0x000003bd   Thumb Code     2  startup_tm4c123.o(.text)
    WTIMER2B_Handler                         0x000003bf   Thumb Code     2  startup_tm4c123.o(.text)
    WTIMER3A_Handler                         0x000003c1   Thumb Code     2  startup_tm4c123.o(.text)
    WTIMER3B_Handler                         0x000003c3   Thumb Code     2  startup_tm4c123.o(.text)
    WTIMER4A_Handler                         0x000003c5   Thumb Code     2  startup_tm4c123.o(.text)
    WTIMER4B_Handler                         0x000003c7   Thumb Code     2  startup_tm4c123.o(.text)
    WTIMER5A_Handler                         0x000003c9   Thumb Code     2  startup_tm4c123.o(.text)
    WTIMER5B_Handler                         0x000003cb   Thumb Code     2  startup_tm4c123.o(.text)
    FPU_Handler                              0x000003cd   Thumb Code     2  startup_tm4c123.o(.text)
    I2C4_Handler                             0x000003cf   Thumb Code     2  startup_tm4c123.o(.text)
    I2C5_Handler                             0x000003d1   Thumb Code     2  startup_tm4c123.o(.text)
    GPIOM_Handler                            0x000003d3   Thumb Code     2  startup_tm4c123.o(.text)
    GPION_Handler                            0x000003d5   Thumb Code     2  startup_tm4c123.o(.text)
    QEI2_Handler                             0x000003d7   Thumb Code     2  startup_tm4c123.o(.text)
    GPIOP0_Handler                           0x000003d9   Thumb Code     2  startup_tm4c123.o(.text)
    GPIOP1_Handler                           0x000003db   Thumb Code     2  startup_tm4c123.o(.text)
    GPIOP2_Handler                           0x000003dd   Thumb Code     2  startup_tm4c123.o(.text)
    GPIOP3_Handler                           0x000003df   Thumb Code     2  startup_tm4c123.o(.text)
    GPIOP4_Handler                           0x000003e1   Thumb Code     2  startup_tm4c123.o(.text)
    GPIOP5_Handler                           0x000003e3   Thumb Code     2  startup_tm4c123.o(.text)
    GPIOP6_Handler                           0x000003e5   Thumb Code     2  startup_tm4c123.o(.text)
    GPIOP7_Handler                           0x000003e7   Thumb Code     2  startup_tm4c123.o(.text)
    GPIOQ0_Handler                           0x000003e9   Thumb Code     2  startup_tm4c123.o(.text)
    GPIOQ1_Handler                           0x000003eb   Thumb Code     2  startup_tm4c123.o(.text)
    GPIOQ2_Handler                           0x000003ed   Thumb Code     2  startup_tm4c123.o(.text)
    GPIOQ3_Handler                           0x000003ef   Thumb Code     2  startup_tm4c123.o(.text)
    GPIOQ4_Handler                           0x000003f1   Thumb Code     2  startup_tm4c123.o(.text)
    GPIOQ5_Handler                           0x000003f3   Thumb Code     2  startup_tm4c123.o(.text)
    GPIOQ6_Handler                           0x000003f5   Thumb Code     2  startup_tm4c123.o(.text)
    GPIOQ7_Handler                           0x000003f7   Thumb Code     2  startup_tm4c123.o(.text)
    GPIOR_Handler                            0x000003f9   Thumb Code     2  startup_tm4c123.o(.text)
    GPIOS_Handler                            0x000003fb   Thumb Code     2  startup_tm4c123.o(.text)
    PMW1_0_Handler                           0x000003fd   Thumb Code     2  startup_tm4c123.o(.text)
    PWM1_1_Handler                           0x000003ff   Thumb Code     2  startup_tm4c123.o(.text)
    PWM1_2_Handler                           0x00000401   Thumb Code     2  startup_tm4c123.o(.text)
    PWM1_3_Handler                           0x00000403   Thumb Code     2  startup_tm4c123.o(.text)
    PWM1_FAULT_Handler                       0x00000405   Thumb Code     2  startup_tm4c123.o(.text)
    __user_initial_stackheap                 0x00000409   Thumb Code     0  startup_tm4c123.o(.text)
    __aeabi_memclr                           0x00000429   Thumb Code     0  rt_memclr.o(.text)
    __rt_memclr                              0x00000429   Thumb Code    68  rt_memclr.o(.text)
    _memset                                  0x0000042d   Thumb Code     0  rt_memclr.o(.text)
    __aeabi_memclr4                          0x0000046d   Thumb Code     0  rt_memclr_w.o(.text)
    __aeabi_memclr8                          0x0000046d   Thumb Code     0  rt_memclr_w.o(.text)
    __rt_memclr_w                            0x0000046d   Thumb Code    78  rt_memclr_w.o(.text)
    _memset_w                                0x00000471   Thumb Code     0  rt_memclr_w.o(.text)
    __use_two_region_memory                  0x000004bb   Thumb Code     2  heapauxi.o(.text)
    __rt_heap_escrow$2region                 0x000004bd   Thumb Code     2  heapauxi.o(.text)
    __rt_heap_expand$2region                 0x000004bf   Thumb Code     2  heapauxi.o(.text)
    __user_setup_stackheap                   0x000004c1   Thumb Code    74  sys_stackheap_outer.o(.text)
    exit                                     0x0000050b   Thumb Code    18  exit.o(.text)
    __user_libspace                          0x0000051d   Thumb Code     8  libspace.o(.text)
    __user_perproc_libspace                  0x0000051d   Thumb Code     0  libspace.o(.text)
    __user_perthread_libspace                0x0000051d   Thumb Code     0  libspace.o(.text)
    _sys_exit                                0x00000525   Thumb Code     8  sys_exit.o(.text)
    __I$use$semihosting                      0x00000531   Thumb Code     0  use_no_semi.o(.text)
    __use_no_semihosting_swi                 0x00000531   Thumb Code     2  use_no_semi.o(.text)
    GPIODirModeSet                           0x00000533   Thumb Code    38  gpio.o(i.GPIODirModeSet)
    __semihosting_library_function           0x00000533   Thumb Code     0  indicate_semi.o(.text)
    GPIOPadConfigSet                         0x00000559   Thumb Code   284  gpio.o(i.GPIOPadConfigSet)
    GPIOPinConfigure                         0x00000675   Thumb Code    58  gpio.o(i.GPIOPinConfigure)
    GPIOPinTypeI2C                           0x000006b9   Thumb Code    28  gpio.o(i.GPIOPinTypeI2C)
    GPIOPinTypeI2CSCL                        0x000006d5   Thumb Code    28  gpio.o(i.GPIOPinTypeI2CSCL)
    I2CMasterBusy                            0x000006f1   Thumb Code    10  i2c.o(i.I2CMasterBusy)
    I2CMasterControl                         0x000006fb   Thumb Code     4  i2c.o(i.I2CMasterControl)
    I2CMasterDataPut                         0x000006ff   Thumb Code     4  i2c.o(i.I2CMasterDataPut)
    I2CMasterInitExpClk                      0x00000705   Thumb Code    68  i2c.o(i.I2CMasterInitExpClk)
    I2CMasterSlaveAddrSet                    0x00000755   Thumb Code     8  i2c.o(i.I2CMasterSlaveAddrSet)
    I2CSendDataBlock                         0x0000075d   Thumb Code   124  iic.o(i.I2CSendDataBlock)
    InitI2C0                                 0x000007dd   Thumb Code    74  iic.o(i.InitI2C0)
    SysCtlClockGet                           0x00000849   Thumb Code   278  sysctl.o(i.SysCtlClockGet)
    SysCtlClockSet                           0x00000985   Thumb Code   218  sysctl.o(i.SysCtlClockSet)
    SysCtlPeripheralEnable                   0x00000a71   Thumb Code    36  sysctl.o(i.SysCtlPeripheralEnable)
    SysCtlPeripheralReset                    0x00000a99   Thumb Code    54  sysctl.o(i.SysCtlPeripheralReset)
    SystemInit                               0x00000ad5   Thumb Code    90  system_tm4c123.o(i.SystemInit)
    delay_us                                 0x00000b59   Thumb Code    12  oled.o(i.delay_us)
    main                                     0x00000b65   Thumb Code    66  main.o(i.main)
    u8g2Init                                 0x00000bad   Thumb Code    38  oled.o(i.u8g2Init)
    u8g2_ClearBuffer                         0x00000be1   Thumb Code    20  u8g2_buffer.o(i.u8g2_ClearBuffer)
    u8g2_DrawCircle                          0x00000bf5   Thumb Code    64  u8g2_circle.o(i.u8g2_DrawCircle)
    u8g2_DrawHVLine                          0x00000c35   Thumb Code   170  u8g2_hvline.o(i.u8g2_DrawHVLine)
    u8g2_DrawPixel                           0x00000cdf   Thumb Code    46  u8g2_hvline.o(i.u8g2_DrawPixel)
    u8g2_IsIntersection                      0x00000d0d   Thumb Code    48  u8g2_intersection.o(i.u8g2_IsIntersection)
    u8g2_SendBuffer                          0x00000d3d   Thumb Code    18  u8g2_buffer.o(i.u8g2_SendBuffer)
    u8g2_SetFontPosBaseline                  0x00000d51   Thumb Code     6  u8g2_font.o(i.u8g2_SetFontPosBaseline)
    u8g2_SetMaxClipWindow                    0x00000d5d   Thumb Code    28  u8g2_setup.o(i.u8g2_SetMaxClipWindow)
    u8g2_SetupBuffer                         0x00000d79   Thumb Code    70  u8g2_setup.o(i.u8g2_SetupBuffer)
    u8g2_Setup_ssd1306_i2c_128x64_noname_f   0x00000dc1   Thumb Code    42  u8g2_d_setup.o(i.u8g2_Setup_ssd1306_i2c_128x64_noname_f)
    u8g2_draw_hv_line_2dir                   0x00000fc7   Thumb Code    18  u8g2_hvline.o(i.u8g2_draw_hv_line_2dir)
    u8g2_draw_l90_r0                         0x00000fd9   Thumb Code    12  u8g2_setup.o(i.u8g2_draw_l90_r0)
    u8g2_font_calc_vref_font                 0x00000fe5   Thumb Code     4  u8g2_font.o(i.u8g2_font_calc_vref_font)
    u8g2_is_intersection_decision_tree       0x00000fe9   Thumb Code    24  u8g2_intersection.o(i.u8g2_is_intersection_decision_tree)
    u8g2_ll_hvline_vertical_top_lsb          0x00001001   Thumb Code   142  u8g2_ll_hvline.o(i.u8g2_ll_hvline_vertical_top_lsb)
    u8g2_m_16_8_f                            0x00001091   Thumb Code     8  u8g2_d_memory.o(i.u8g2_m_16_8_f)
    u8g2_update_dimension_r0                 0x0000112f   Thumb Code     4  u8g2_setup.o(i.u8g2_update_dimension_r0)
    u8g2_update_page_win_r0                  0x00001133   Thumb Code    34  u8g2_setup.o(i.u8g2_update_page_win_r0)
    u8x8_DrawTile                            0x00001155   Thumb Code    30  u8x8_display.o(i.u8x8_DrawTile)
    u8x8_InitDisplay                         0x00001173   Thumb Code    16  u8x8_display.o(i.u8x8_InitDisplay)
    u8x8_RefreshDisplay                      0x00001183   Thumb Code    16  u8x8_display.o(i.u8x8_RefreshDisplay)
    u8x8_SetPowerSave                        0x00001193   Thumb Code    16  u8x8_display.o(i.u8x8_SetPowerSave)
    u8x8_Setup                               0x000011a3   Thumb Code    34  u8x8_setup.o(i.u8x8_Setup)
    u8x8_SetupDefaults                       0x000011c5   Thumb Code    32  u8x8_setup.o(i.u8x8_SetupDefaults)
    u8x8_SetupMemory                         0x000011e9   Thumb Code    16  u8x8_display.o(i.u8x8_SetupMemory)
    u8x8_byte_EndTransfer                    0x000011f9   Thumb Code    16  u8x8_byte.o(i.u8x8_byte_EndTransfer)
    u8x8_byte_SendByte                       0x00001209   Thumb Code    12  u8x8_byte.o(i.u8x8_byte_SendByte)
    u8x8_byte_SendBytes                      0x00001215   Thumb Code    16  u8x8_byte.o(i.u8x8_byte_SendBytes)
    u8x8_byte_StartTransfer                  0x00001225   Thumb Code    16  u8x8_byte.o(i.u8x8_byte_StartTransfer)
    u8x8_byte_hw_i2c                         0x00001235   Thumb Code    88  oled.o(i.u8x8_byte_hw_i2c)
    u8x8_cad_EndTransfer                     0x00001295   Thumb Code    16  u8x8_cad.o(i.u8x8_cad_EndTransfer)
    u8x8_cad_SendArg                         0x000012a5   Thumb Code    16  u8x8_cad.o(i.u8x8_cad_SendArg)
    u8x8_cad_SendCmd                         0x000012b5   Thumb Code    16  u8x8_cad.o(i.u8x8_cad_SendCmd)
    u8x8_cad_SendData                        0x000012c5   Thumb Code    16  u8x8_cad.o(i.u8x8_cad_SendData)
    u8x8_cad_SendSequence                    0x000012d5   Thumb Code   102  u8x8_cad.o(i.u8x8_cad_SendSequence)
    u8x8_cad_StartTransfer                   0x0000133b   Thumb Code    16  u8x8_cad.o(i.u8x8_cad_StartTransfer)
    u8x8_cad_ssd13xx_fast_i2c                0x0000134d   Thumb Code   182  u8x8_cad.o(i.u8x8_cad_ssd13xx_fast_i2c)
    u8x8_d_helper_display_init               0x00001409   Thumb Code    96  u8x8_display.o(i.u8x8_d_helper_display_init)
    u8x8_d_helper_display_setup_memory       0x00001469   Thumb Code    10  u8x8_display.o(i.u8x8_d_helper_display_setup_memory)
    u8x8_d_ssd1306_128x64_noname             0x00001475   Thumb Code    52  u8x8_d_ssd1306_128x64_noname.o(i.u8x8_d_ssd1306_128x64_noname)
    u8x8_dummy_cb                            0x00001579   Thumb Code     4  u8x8_setup.o(i.u8x8_dummy_cb)
    u8x8_gpio_and_delay                      0x0000157d   Thumb Code    76  oled.o(i.u8x8_gpio_and_delay)
    u8x8_gpio_call                           0x000015c9   Thumb Code    12  u8x8_gpio.o(i.u8x8_gpio_call)
    _fp_init                                 0x00001601   Thumb Code    10  fpinit.o(x$fpl$fpinit)
    __fplib_config_fpu_vfp                   0x00001609   Thumb Code     0  fpinit.o(x$fpl$fpinit)
    __fplib_config_pureend_doubles           0x00001609   Thumb Code     0  fpinit.o(x$fpl$fpinit)
    u8g2_cb_r0                               0x00001a88   Data          12  u8g2_setup.o(.constdata)
    Region$$Table$$Base                      0x00001bec   Number         0  anon$$obj.o(Region$$Table)
    Region$$Table$$Limit                     0x00001c0c   Number         0  anon$$obj.o(Region$$Table)
    __libspace_start                         0x20000488   Data          96  libspace.o(.bss)
    __temporary_stack_top$libspace           0x200004e8   Data           0  libspace.o(.bss)



==============================================================================

Memory Map of the image

  Image Entry point : 0x0000026d

  Load Region LR_IROM1 (Base: 0x00000000, Size: 0x00001c14, Max: 0x00040000, ABSOLUTE)

    Execution Region ER_IROM1 (Exec base: 0x00000000, Load base: 0x00000000, Size: 0x00001c0c, Max: 0x00040000, ABSOLUTE)

    Exec Addr    Load Addr    Size         Type   Attr      Idx    E Section Name        Object

    0x00000000   0x00000000   0x0000026c   Data   RO        10156    RESET               startup_tm4c123.o
    0x0000026c   0x0000026c   0x00000008   Code   RO        10232  * !!!main             c_w.l(__main.o)
    0x00000274   0x00000274   0x00000034   Code   RO        10391    !!!scatter          c_w.l(__scatter.o)
    0x000002a8   0x000002a8   0x0000001a   Code   RO        10393    !!handler_copy      c_w.l(__scatter_copy.o)
    0x000002c2   0x000002c2   0x00000002   PAD
    0x000002c4   0x000002c4   0x0000001c   Code   RO        10395    !!handler_zi        c_w.l(__scatter_zi.o)
    0x000002e0   0x000002e0   0x00000002   Code   RO        10259    .ARM.Collect$$libinit$$00000000  c_w.l(libinit.o)
    0x000002e2   0x000002e2   0x00000004   Code   RO        10265    .ARM.Collect$$libinit$$00000001  c_w.l(libinit2.o)
    0x000002e6   0x000002e6   0x00000000   Code   RO        10268    .ARM.Collect$$libinit$$00000004  c_w.l(libinit2.o)
    0x000002e6   0x000002e6   0x00000000   Code   RO        10271    .ARM.Collect$$libinit$$0000000A  c_w.l(libinit2.o)
    0x000002e6   0x000002e6   0x00000000   Code   RO        10273    .ARM.Collect$$libinit$$0000000C  c_w.l(libinit2.o)
    0x000002e6   0x000002e6   0x00000000   Code   RO        10275    .ARM.Collect$$libinit$$0000000E  c_w.l(libinit2.o)
    0x000002e6   0x000002e6   0x00000000   Code   RO        10278    .ARM.Collect$$libinit$$00000011  c_w.l(libinit2.o)
    0x000002e6   0x000002e6   0x00000000   Code   RO        10280    .ARM.Collect$$libinit$$00000013  c_w.l(libinit2.o)
    0x000002e6   0x000002e6   0x00000000   Code   RO        10282    .ARM.Collect$$libinit$$00000015  c_w.l(libinit2.o)
    0x000002e6   0x000002e6   0x00000000   Code   RO        10284    .ARM.Collect$$libinit$$00000017  c_w.l(libinit2.o)
    0x000002e6   0x000002e6   0x00000000   Code   RO        10286    .ARM.Collect$$libinit$$00000019  c_w.l(libinit2.o)
    0x000002e6   0x000002e6   0x00000000   Code   RO        10288    .ARM.Collect$$libinit$$0000001B  c_w.l(libinit2.o)
    0x000002e6   0x000002e6   0x00000000   Code   RO        10290    .ARM.Collect$$libinit$$0000001D  c_w.l(libinit2.o)
    0x000002e6   0x000002e6   0x00000000   Code   RO        10292    .ARM.Collect$$libinit$$0000001F  c_w.l(libinit2.o)
    0x000002e6   0x000002e6   0x00000000   Code   RO        10294    .ARM.Collect$$libinit$$00000021  c_w.l(libinit2.o)
    0x000002e6   0x000002e6   0x00000000   Code   RO        10296    .ARM.Collect$$libinit$$00000023  c_w.l(libinit2.o)
    0x000002e6   0x000002e6   0x00000000   Code   RO        10298    .ARM.Collect$$libinit$$00000025  c_w.l(libinit2.o)
    0x000002e6   0x000002e6   0x00000000   Code   RO        10302    .ARM.Collect$$libinit$$0000002C  c_w.l(libinit2.o)
    0x000002e6   0x000002e6   0x00000000   Code   RO        10304    .ARM.Collect$$libinit$$0000002E  c_w.l(libinit2.o)
    0x000002e6   0x000002e6   0x00000000   Code   RO        10306    .ARM.Collect$$libinit$$00000030  c_w.l(libinit2.o)
    0x000002e6   0x000002e6   0x00000000   Code   RO        10308    .ARM.Collect$$libinit$$00000032  c_w.l(libinit2.o)
    0x000002e6   0x000002e6   0x00000002   Code   RO        10309    .ARM.Collect$$libinit$$00000033  c_w.l(libinit2.o)
    0x000002e8   0x000002e8   0x00000002   Code   RO        10329    .ARM.Collect$$libshutdown$$00000000  c_w.l(libshutdown.o)
    0x000002ea   0x000002ea   0x00000000   Code   RO        10342    .ARM.Collect$$libshutdown$$00000002  c_w.l(libshutdown2.o)
    0x000002ea   0x000002ea   0x00000000   Code   RO        10344    .ARM.Collect$$libshutdown$$00000004  c_w.l(libshutdown2.o)
    0x000002ea   0x000002ea   0x00000000   Code   RO        10346    .ARM.Collect$$libshutdown$$00000006  c_w.l(libshutdown2.o)
    0x000002ea   0x000002ea   0x00000000   Code   RO        10349    .ARM.Collect$$libshutdown$$00000009  c_w.l(libshutdown2.o)
    0x000002ea   0x000002ea   0x00000000   Code   RO        10352    .ARM.Collect$$libshutdown$$0000000C  c_w.l(libshutdown2.o)
    0x000002ea   0x000002ea   0x00000000   Code   RO        10354    .ARM.Collect$$libshutdown$$0000000E  c_w.l(libshutdown2.o)
    0x000002ea   0x000002ea   0x00000000   Code   RO        10357    .ARM.Collect$$libshutdown$$00000011  c_w.l(libshutdown2.o)
    0x000002ea   0x000002ea   0x00000002   Code   RO        10358    .ARM.Collect$$libshutdown$$00000012  c_w.l(libshutdown2.o)
    0x000002ec   0x000002ec   0x00000000   Code   RO        10234    .ARM.Collect$$rtentry$$00000000  c_w.l(__rtentry.o)
    0x000002ec   0x000002ec   0x00000000   Code   RO        10236    .ARM.Collect$$rtentry$$00000002  c_w.l(__rtentry2.o)
    0x000002ec   0x000002ec   0x00000006   Code   RO        10248    .ARM.Collect$$rtentry$$00000004  c_w.l(__rtentry4.o)
    0x000002f2   0x000002f2   0x00000000   Code   RO        10238    .ARM.Collect$$rtentry$$00000009  c_w.l(__rtentry2.o)
    0x000002f2   0x000002f2   0x00000004   Code   RO        10239    .ARM.Collect$$rtentry$$0000000A  c_w.l(__rtentry2.o)
    0x000002f6   0x000002f6   0x00000000   Code   RO        10241    .ARM.Collect$$rtentry$$0000000C  c_w.l(__rtentry2.o)
    0x000002f6   0x000002f6   0x00000008   Code   RO        10242    .ARM.Collect$$rtentry$$0000000D  c_w.l(__rtentry2.o)
    0x000002fe   0x000002fe   0x00000002   Code   RO        10263    .ARM.Collect$$rtexit$$00000000  c_w.l(rtexit.o)
    0x00000300   0x00000300   0x00000000   Code   RO        10311    .ARM.Collect$$rtexit$$00000002  c_w.l(rtexit2.o)
    0x00000300   0x00000300   0x00000004   Code   RO        10312    .ARM.Collect$$rtexit$$00000003  c_w.l(rtexit2.o)
    0x00000304   0x00000304   0x00000006   Code   RO        10313    .ARM.Collect$$rtexit$$00000004  c_w.l(rtexit2.o)
    0x0000030a   0x0000030a   0x00000002   PAD
    0x0000030c   0x0000030c   0x00000006   Code   RO         4042    .emb_text           sysctl.o
    0x00000312   0x00000312   0x00000002   PAD
    0x00000314   0x00000314   0x00000114   Code   RO        10157    .text               startup_tm4c123.o
    0x00000428   0x00000428   0x00000044   Code   RO        10226    .text               c_w.l(rt_memclr.o)
    0x0000046c   0x0000046c   0x0000004e   Code   RO        10228    .text               c_w.l(rt_memclr_w.o)
    0x000004ba   0x000004ba   0x00000006   Code   RO        10230    .text               c_w.l(heapauxi.o)
    0x000004c0   0x000004c0   0x0000004a   Code   RO        10250    .text               c_w.l(sys_stackheap_outer.o)
    0x0000050a   0x0000050a   0x00000012   Code   RO        10252    .text               c_w.l(exit.o)
    0x0000051c   0x0000051c   0x00000008   Code   RO        10260    .text               c_w.l(libspace.o)
    0x00000524   0x00000524   0x0000000c   Code   RO        10321    .text               c_w.l(sys_exit.o)
    0x00000530   0x00000530   0x00000002   Code   RO        10332    .text               c_w.l(use_no_semi.o)
    0x00000532   0x00000532   0x00000000   Code   RO        10334    .text               c_w.l(indicate_semi.o)
    0x00000532   0x00000532   0x00000026   Code   RO         1901    i.GPIODirModeSet    gpio.o
    0x00000558   0x00000558   0x0000011c   Code   RO         1913    i.GPIOPadConfigSet  gpio.o
    0x00000674   0x00000674   0x00000044   Code   RO         1914    i.GPIOPinConfigure  gpio.o
    0x000006b8   0x000006b8   0x0000001c   Code   RO         1928    i.GPIOPinTypeI2C    gpio.o
    0x000006d4   0x000006d4   0x0000001c   Code   RO         1929    i.GPIOPinTypeI2CSCL  gpio.o
    0x000006f0   0x000006f0   0x0000000a   Code   RO         2545    i.I2CMasterBusy     i2c.o
    0x000006fa   0x000006fa   0x00000004   Code   RO         2546    i.I2CMasterControl  i2c.o
    0x000006fe   0x000006fe   0x00000004   Code   RO         2548    i.I2CMasterDataPut  i2c.o
    0x00000702   0x00000702   0x00000002   PAD
    0x00000704   0x00000704   0x00000050   Code   RO         2553    i.I2CMasterInitExpClk  i2c.o
    0x00000754   0x00000754   0x00000008   Code   RO         2563    i.I2CMasterSlaveAddrSet  i2c.o
    0x0000075c   0x0000075c   0x00000080   Code   RO         6117    i.I2CSendDataBlock  iic.o
    0x000007dc   0x000007dc   0x0000006c   Code   RO         6119    i.InitI2C0          iic.o
    0x00000848   0x00000848   0x0000013c   Code   RO         4045    i.SysCtlClockGet    sysctl.o
    0x00000984   0x00000984   0x000000ec   Code   RO         4047    i.SysCtlClockSet    sysctl.o
    0x00000a70   0x00000a70   0x00000028   Code   RO         4076    i.SysCtlPeripheralEnable  sysctl.o
    0x00000a98   0x00000a98   0x0000003c   Code   RO         4081    i.SysCtlPeripheralReset  sysctl.o
    0x00000ad4   0x00000ad4   0x00000084   Code   RO        10165    i.SystemInit        system_tm4c123.o
    0x00000b58   0x00000b58   0x0000000c   Code   RO         6076    i.delay_us          oled.o
    0x00000b64   0x00000b64   0x00000048   Code   RO         5970    i.main              main.o
    0x00000bac   0x00000bac   0x00000034   Code   RO         6077    i.u8g2Init          oled.o
    0x00000be0   0x00000be0   0x00000014   Code   RO         6237    i.u8g2_ClearBuffer  u8g2_buffer.o
    0x00000bf4   0x00000bf4   0x00000040   Code   RO         6334    i.u8g2_DrawCircle   u8g2_circle.o
    0x00000c34   0x00000c34   0x000000aa   Code   RO         8698    i.u8g2_DrawHVLine   u8g2_hvline.o
    0x00000cde   0x00000cde   0x0000002e   Code   RO         8699    i.u8g2_DrawPixel    u8g2_hvline.o
    0x00000d0c   0x00000d0c   0x00000030   Code   RO         8759    i.u8g2_IsIntersection  u8g2_intersection.o
    0x00000d3c   0x00000d3c   0x00000012   Code   RO         6240    i.u8g2_SendBuffer   u8g2_buffer.o
    0x00000d4e   0x00000d4e   0x00000002   PAD
    0x00000d50   0x00000d50   0x0000000c   Code   RO         6464    i.u8g2_SetFontPosBaseline  u8g2_font.o
    0x00000d5c   0x00000d5c   0x0000001c   Code   RO         8947    i.u8g2_SetMaxClipWindow  u8g2_setup.o
    0x00000d78   0x00000d78   0x00000046   Code   RO         8948    i.u8g2_SetupBuffer  u8g2_setup.o
    0x00000dbe   0x00000dbe   0x00000002   PAD
    0x00000dc0   0x00000dc0   0x00000038   Code   RO         6429    i.u8g2_Setup_ssd1306_i2c_128x64_noname_f  u8g2_d_setup.o
    0x00000df8   0x00000df8   0x0000006e   Code   RO         8950    i.u8g2_apply_clip_window  u8g2_setup.o
    0x00000e66   0x00000e66   0x0000003c   Code   RO         8702    i.u8g2_clip_intersection2  u8g2_hvline.o
    0x00000ea2   0x00000ea2   0x0000006a   Code   RO         6338    i.u8g2_draw_circle  u8g2_circle.o
    0x00000f0c   0x00000f0c   0x000000ba   Code   RO         6339    i.u8g2_draw_circle_section  u8g2_circle.o
    0x00000fc6   0x00000fc6   0x00000012   Code   RO         8703    i.u8g2_draw_hv_line_2dir  u8g2_hvline.o
    0x00000fd8   0x00000fd8   0x0000000c   Code   RO         8952    i.u8g2_draw_l90_r0  u8g2_setup.o
    0x00000fe4   0x00000fe4   0x00000004   Code   RO         6480    i.u8g2_font_calc_vref_font  u8g2_font.o
    0x00000fe8   0x00000fe8   0x00000018   Code   RO         8760    i.u8g2_is_intersection_decision_tree  u8g2_intersection.o
    0x00001000   0x00001000   0x0000008e   Code   RO         8808    i.u8g2_ll_hvline_vertical_top_lsb  u8g2_ll_hvline.o
    0x0000108e   0x0000108e   0x00000002   PAD
    0x00001090   0x00001090   0x0000000c   Code   RO         6416    i.u8g2_m_16_8_f     u8g2_d_memory.o
    0x0000109c   0x0000109c   0x0000004c   Code   RO         6248    i.u8g2_send_buffer  u8g2_buffer.o
    0x000010e8   0x000010e8   0x00000046   Code   RO         8957    i.u8g2_update_dimension_common  u8g2_setup.o
    0x0000112e   0x0000112e   0x00000004   Code   RO         8958    i.u8g2_update_dimension_r0  u8g2_setup.o
    0x00001132   0x00001132   0x00000022   Code   RO         8962    i.u8g2_update_page_win_r0  u8g2_setup.o
    0x00001154   0x00001154   0x0000001e   Code   RO         9735    i.u8x8_DrawTile     u8x8_display.o
    0x00001172   0x00001172   0x00000010   Code   RO         9737    i.u8x8_InitDisplay  u8x8_display.o
    0x00001182   0x00001182   0x00000010   Code   RO         9739    i.u8x8_RefreshDisplay  u8x8_display.o
    0x00001192   0x00001192   0x00000010   Code   RO         9742    i.u8x8_SetPowerSave  u8x8_display.o
    0x000011a2   0x000011a2   0x00000022   Code   RO        10041    i.u8x8_Setup        u8x8_setup.o
    0x000011c4   0x000011c4   0x00000024   Code   RO        10042    i.u8x8_SetupDefaults  u8x8_setup.o
    0x000011e8   0x000011e8   0x00000010   Code   RO         9743    i.u8x8_SetupMemory  u8x8_display.o
    0x000011f8   0x000011f8   0x00000010   Code   RO         9367    i.u8x8_byte_EndTransfer  u8x8_byte.o
    0x00001208   0x00001208   0x0000000c   Code   RO         9368    i.u8x8_byte_SendByte  u8x8_byte.o
    0x00001214   0x00001214   0x00000010   Code   RO         9369    i.u8x8_byte_SendBytes  u8x8_byte.o
    0x00001224   0x00001224   0x00000010   Code   RO         9371    i.u8x8_byte_StartTransfer  u8x8_byte.o
    0x00001234   0x00001234   0x00000060   Code   RO         6078    i.u8x8_byte_hw_i2c  oled.o
    0x00001294   0x00001294   0x00000010   Code   RO         9487    i.u8x8_cad_EndTransfer  u8x8_cad.o
    0x000012a4   0x000012a4   0x00000010   Code   RO         9488    i.u8x8_cad_SendArg  u8x8_cad.o
    0x000012b4   0x000012b4   0x00000010   Code   RO         9489    i.u8x8_cad_SendCmd  u8x8_cad.o
    0x000012c4   0x000012c4   0x00000010   Code   RO         9490    i.u8x8_cad_SendData  u8x8_cad.o
    0x000012d4   0x000012d4   0x00000066   Code   RO         9492    i.u8x8_cad_SendSequence  u8x8_cad.o
    0x0000133a   0x0000133a   0x00000010   Code   RO         9493    i.u8x8_cad_StartTransfer  u8x8_cad.o
    0x0000134a   0x0000134a   0x00000002   PAD
    0x0000134c   0x0000134c   0x000000bc   Code   RO         9496    i.u8x8_cad_ssd13xx_fast_i2c  u8x8_cad.o
    0x00001408   0x00001408   0x00000060   Code   RO         9744    i.u8x8_d_helper_display_init  u8x8_display.o
    0x00001468   0x00001468   0x0000000a   Code   RO         9745    i.u8x8_d_helper_display_setup_memory  u8x8_display.o
    0x00001472   0x00001472   0x00000002   PAD
    0x00001474   0x00001474   0x0000003c   Code   RO         9669    i.u8x8_d_ssd1306_128x64_noname  u8x8_d_ssd1306_128x64_noname.o
    0x000014b0   0x000014b0   0x000000c8   Code   RO         9671    i.u8x8_d_ssd1306_sh1106_generic  u8x8_d_ssd1306_128x64_noname.o
    0x00001578   0x00001578   0x00000004   Code   RO        10044    i.u8x8_dummy_cb     u8x8_setup.o
    0x0000157c   0x0000157c   0x0000004c   Code   RO         6079    i.u8x8_gpio_and_delay  oled.o
    0x000015c8   0x000015c8   0x0000000c   Code   RO         9963    i.u8x8_gpio_call    u8x8_gpio.o
    0x000015d4   0x000015d4   0x0000002c   Code   RO         9504    i.u8x8_i2c_data_transfer  u8x8_cad.o
    0x00001600   0x00001600   0x0000000a   Code   RO        10319    x$fpl$fpinit        fz_wm.l(fpinit.o)
    0x0000160a   0x0000160a   0x00000002   PAD
    0x0000160c   0x0000160c   0x00000228   Data   RO         1945    .constdata          gpio.o
    0x00001834   0x00001834   0x00000254   Data   RO         4099    .constdata          sysctl.o
    0x00001a88   0x00001a88   0x0000000c   Data   RO         8966    .constdata          u8g2_setup.o
    0x00001a94   0x00001a94   0x00000158   Data   RO         9673    .constdata          u8x8_d_ssd1306_128x64_noname.o
    0x00001bec   0x00001bec   0x00000020   Data   RO        10389    Region$$Table       anon$$obj.o


    Execution Region RW_IRAM1 (Exec base: 0x20000000, Load base: 0x00001c0c, Size: 0x000006e8, Max: 0x00008000, ABSOLUTE)

    Exec Addr    Load Addr    Size         Type   Attr      Idx    E Section Name        Object

    0x20000000   0x00001c0c   0x00000001   Data   RW         6081    .data               oled.o
    0x20000001   0x00001c0d   0x00000006   Data   RW         9506    .data               u8x8_cad.o
    0x20000007   0x00001c13   0x00000001   PAD
    0x20000008        -       0x00000080   Zero   RW         6080    .bss                oled.o
    0x20000088        -       0x00000400   Zero   RW         6417    .bss                u8g2_d_memory.o
    0x20000488        -       0x00000060   Zero   RW        10261    .bss                c_w.l(libspace.o)
    0x200004e8        -       0x00000000   Zero   RW        10155    HEAP                startup_tm4c123.o
    0x200004e8        -       0x00000200   Zero   RW        10154    STACK               startup_tm4c123.o


==============================================================================

Image component sizes


      Code (inc. data)   RO Data    RW Data    ZI Data      Debug   Object Name

         0          0          0          0          0       4508   adc.o
         0          0          0          0          0         32   cpu.o
       446         10        552          0          0       4384   gpio.o
       106         12          0          0          0       3637   i2c.o
       236         38          0          0          0       1494   iic.o
        72          6          0          0          0     159712   main.o
       236         22          0          1        128       2971   oled.o
       276         24        620          0        512       5456   startup_tm4c123.o
       658         66        596          0          0       5223   sysctl.o
       132         42          0          0          0        621   system_tm4c123.o
         0          0          0          0          0     159713   u8g2_bitmap.o
       114          0          0          0          0       2503   u8g2_buffer.o
       356          0          0          0          0       3550   u8g2_circle.o
        12          4          0          0       1024        836   u8g2_d_memory.o
        56         14          0          0          0       1045   u8g2_d_setup.o
        16          6          0          0          0       1061   u8g2_font.o
       294          0          0          0          0       3132   u8g2_hvline.o
        72          0          0          0          0       1907   u8g2_intersection.o
       142          0          0          0          0       1474   u8g2_ll_hvline.o
       328          0         12          0          0     146858   u8g2_setup.o
        60          0          0          0          0       3033   u8x8_byte.o
       414         12          0          6          0       8808   u8x8_cad.o
       260         14        344          0          0       3115   u8x8_d_ssd1306_128x64_noname.o
       200          0          0          0          0       4434   u8x8_display.o
        12          0          0          0          0        605   u8x8_gpio.o
        74          4          0          0          0       1894   u8x8_setup.o

    ----------------------------------------------------------------------
      4586        274       2156          8       1664     532006   Object Totals
         0          0         32          0          0          0   (incl. Generated)
        14          0          0          1          0          0   (incl. Padding)

    ----------------------------------------------------------------------

      Code (inc. data)   RO Data    RW Data    ZI Data      Debug   Library Member Name

         8          0          0          0          0         68   __main.o
         0          0          0          0          0          0   __rtentry.o
        12          0          0          0          0          0   __rtentry2.o
         6          0          0          0          0          0   __rtentry4.o
        52          8          0          0          0          0   __scatter.o
        26          0          0          0          0          0   __scatter_copy.o
        28          0          0          0          0          0   __scatter_zi.o
        18          0          0          0          0         80   exit.o
         6          0          0          0          0        152   heapauxi.o
         0          0          0          0          0          0   indicate_semi.o
         2          0          0          0          0          0   libinit.o
         6          0          0          0          0          0   libinit2.o
         2          0          0          0          0          0   libshutdown.o
         2          0          0          0          0          0   libshutdown2.o
         8          4          0          0         96         68   libspace.o
        68          0          0          0          0         68   rt_memclr.o
        78          0          0          0          0         80   rt_memclr_w.o
         2          0          0          0          0          0   rtexit.o
        10          0          0          0          0          0   rtexit2.o
        12          4          0          0          0         68   sys_exit.o
        74          0          0          0          0         80   sys_stackheap_outer.o
         2          0          0          0          0         68   use_no_semi.o
        10          0          0          0          0        116   fpinit.o

    ----------------------------------------------------------------------
       438         16          0          0         96        848   Library Totals
         6          0          0          0          0          0   (incl. Padding)

    ----------------------------------------------------------------------

      Code (inc. data)   RO Data    RW Data    ZI Data      Debug   Library Name

       422         16          0          0         96        732   c_w.l
        10          0          0          0          0        116   fz_wm.l

    ----------------------------------------------------------------------
       438         16          0          0         96        848   Library Totals

    ----------------------------------------------------------------------

==============================================================================


      Code (inc. data)   RO Data    RW Data    ZI Data      Debug   

      5024        290       2156          8       1760     525994   Grand Totals
      5024        290       2156          8       1760     525994   ELF Image Totals
      5024        290       2156          8          0          0   ROM Totals

==============================================================================

    Total RO  Size (Code + RO Data)                 7180 (   7.01kB)
    Total RW  Size (RW Data + ZI Data)              1768 (   1.73kB)
    Total ROM Size (Code + RO Data + RW Data)       7188 (   7.02kB)

==============================================================================

