Component: ARM Compiler 5.06 update 7 (build 960) Tool: armlink [4d3601]

==============================================================================

Section Cross References

    adc.o(i.ADCIntRegister) refers to adc.o(i._ADCIntNumberGet) for _ADCIntNumberGet
    adc.o(i.ADCIntRegister) refers to interrupt.o(i.IntRegister) for IntRegister
    adc.o(i.ADCIntRegister) refers to interrupt.o(i.IntEnable) for IntEnable
    adc.o(i.ADCIntUnregister) refers to adc.o(i._ADCIntNumberGet) for _ADCIntNumberGet
    adc.o(i.ADCIntUnregister) refers to interrupt.o(i.IntDisable) for IntDisable
    adc.o(i.ADCIntUnregister) refers to interrupt.o(i.IntUnregister) for IntUnregister
    adc.o(i.ADCSoftwareOversampleConfigure) refers to adc.o(.data) for g_pui8OversampleFactor
    adc.o(i.ADCSoftwareOversampleDataGet) refers to adc.o(.data) for g_pui8OversampleFactor
    adc.o(i.ADCSoftwareOversampleStepConfigure) refers to adc.o(.data) for g_pui8OversampleFactor
    aes.o(i.AESDataAuth) refers to aes.o(i.AESLengthSet) for AESLengthSet
    aes.o(i.AESDataAuth) refers to aes.o(i.AESDataWrite) for AESDataWrite
    aes.o(i.AESDataAuth) refers to aes.o(i.AESTagRead) for AESTagRead
    aes.o(i.AESDataProcess) refers to aes.o(i.AESLengthSet) for AESLengthSet
    aes.o(i.AESDataProcess) refers to aes.o(i.AESDataWrite) for AESDataWrite
    aes.o(i.AESDataProcess) refers to aes.o(i.AESDataRead) for AESDataRead
    aes.o(i.AESDataProcessAuth) refers to aes.o(i.AESLengthSet) for AESLengthSet
    aes.o(i.AESDataProcessAuth) refers to aes.o(i.AESAuthLengthSet) for AESAuthLengthSet
    aes.o(i.AESDataProcessAuth) refers to aes.o(i.AESDataWrite) for AESDataWrite
    aes.o(i.AESDataProcessAuth) refers to aes.o(i.AESDataRead) for AESDataRead
    aes.o(i.AESDataProcessAuth) refers to aes.o(i.AESTagRead) for AESTagRead
    aes.o(i.AESIntRegister) refers to interrupt.o(i.IntRegister) for IntRegister
    aes.o(i.AESIntRegister) refers to interrupt.o(i.IntEnable) for IntEnable
    aes.o(i.AESIntUnregister) refers to interrupt.o(i.IntDisable) for IntDisable
    aes.o(i.AESIntUnregister) refers to interrupt.o(i.IntUnregister) for IntUnregister
    can.o(i.CANBitRateSet) refers to can.o(.constdata) for g_ui16CANBitValues
    can.o(i.CANIntRegister) refers to can.o(i._CANIntNumberGet) for _CANIntNumberGet
    can.o(i.CANIntRegister) refers to interrupt.o(i.IntRegister) for IntRegister
    can.o(i.CANIntRegister) refers to interrupt.o(i.IntEnable) for IntEnable
    can.o(i.CANIntUnregister) refers to can.o(i._CANIntNumberGet) for _CANIntNumberGet
    can.o(i.CANIntUnregister) refers to interrupt.o(i.IntDisable) for IntDisable
    can.o(i.CANIntUnregister) refers to interrupt.o(i.IntUnregister) for IntUnregister
    can.o(i.CANMessageGet) refers to can.o(i._CANDataRegRead) for _CANDataRegRead
    can.o(i.CANMessageSet) refers to can.o(i._CANDataRegWrite) for _CANDataRegWrite
    comp.o(i.ComparatorIntRegister) refers to interrupt.o(i.IntRegister) for IntRegister
    comp.o(i.ComparatorIntRegister) refers to interrupt.o(i.IntEnable) for IntEnable
    comp.o(i.ComparatorIntUnregister) refers to interrupt.o(i.IntDisable) for IntDisable
    comp.o(i.ComparatorIntUnregister) refers to interrupt.o(i.IntUnregister) for IntUnregister
    crc.o(i.CRCDataProcess) refers to crc.o(i.CRCResultRead) for CRCResultRead
    des.o(i.DESDataProcess) refers to des.o(i.DESDataWriteNonBlocking) for DESDataWriteNonBlocking
    des.o(i.DESDataProcess) refers to des.o(i.DESDataReadNonBlocking) for DESDataReadNonBlocking
    des.o(i.DESIntRegister) refers to interrupt.o(i.IntRegister) for IntRegister
    des.o(i.DESIntRegister) refers to interrupt.o(i.IntEnable) for IntEnable
    des.o(i.DESIntUnregister) refers to interrupt.o(i.IntDisable) for IntDisable
    des.o(i.DESIntUnregister) refers to interrupt.o(i.IntUnregister) for IntUnregister
    eeprom.o(i.EEPROMInit) refers to sysctl.o(.emb_text) for SysCtlDelay
    eeprom.o(i.EEPROMInit) refers to eeprom.o(i._EEPROMWaitForDone) for _EEPROMWaitForDone
    eeprom.o(i.EEPROMInit) refers to sysctl.o(i.SysCtlPeripheralReset) for SysCtlPeripheralReset
    eeprom.o(i.EEPROMIntClear) refers to eeprom.o(i._EEPROMSectorMaskClear) for _EEPROMSectorMaskClear
    eeprom.o(i.EEPROMMassErase) refers to eeprom.o(i._EEPROMSectorMaskClear) for _EEPROMSectorMaskClear
    eeprom.o(i.EEPROMMassErase) refers to eeprom.o(i._EEPROMWaitForDone) for _EEPROMWaitForDone
    eeprom.o(i.EEPROMMassErase) refers to sysctl.o(i.SysCtlPeripheralReset) for SysCtlPeripheralReset
    eeprom.o(i.EEPROMMassErase) refers to sysctl.o(.emb_text) for SysCtlDelay
    eeprom.o(i.EEPROMProgram) refers to eeprom.o(i._EEPROMSectorMaskSet) for _EEPROMSectorMaskSet
    eeprom.o(i.EEPROMProgram) refers to sysctl.o(.emb_text) for SysCtlDelay
    eeprom.o(i.EEPROMProgram) refers to eeprom.o(i._EEPROMSectorMaskClear) for _EEPROMSectorMaskClear
    eeprom.o(i.EEPROMProgramNonBlocking) refers to eeprom.o(i._EEPROMSectorMaskSet) for _EEPROMSectorMaskSet
    eeprom.o(i._EEPROMSectorMaskClear) refers to sysctl.o(.emb_text) for SysCtlDelay
    eeprom.o(i._EEPROMSectorMaskSet) refers to sysctl.o(.emb_text) for SysCtlDelay
    emac.o(i.EMACHashFilterBitCalculate) refers to sw_crc.o(i.Crc32) for Crc32
    emac.o(i.EMACInit) refers to emac.o(.constdata) for g_pi16MIIClockDiv
    emac.o(i.EMACIntRegister) refers to interrupt.o(i.IntRegister) for IntRegister
    emac.o(i.EMACIntRegister) refers to interrupt.o(i.IntEnable) for IntEnable
    emac.o(i.EMACIntUnregister) refers to interrupt.o(i.IntDisable) for IntDisable
    emac.o(i.EMACIntUnregister) refers to interrupt.o(i.IntUnregister) for IntUnregister
    emac.o(i.EMACPHYConfigSet) refers to sysctl.o(i.SysCtlPeripheralReset) for SysCtlPeripheralReset
    emac.o(i.EMACPHYConfigSet) refers to sysctl.o(i.SysCtlPeripheralReady) for SysCtlPeripheralReady
    emac.o(i.EMACPHYConfigSet) refers to sysctl.o(.emb_text) for SysCtlDelay
    emac.o(i.EMACPHYConfigSet) refers to emac.o(i.EMACReset) for EMACReset
    emac.o(i.EMACPHYExtendedRead) refers to emac.o(i.EMACPHYWrite) for EMACPHYWrite
    emac.o(i.EMACPHYExtendedRead) refers to emac.o(i.EMACPHYRead) for EMACPHYRead
    emac.o(i.EMACPHYExtendedWrite) refers to emac.o(i.EMACPHYWrite) for EMACPHYWrite
    emac.o(i.EMACPHYMMDRead) refers to emac.o(i.EMACPHYWrite) for EMACPHYWrite
    emac.o(i.EMACPHYMMDRead) refers to emac.o(i.EMACPHYRead) for EMACPHYRead
    emac.o(i.EMACPHYMMDWrite) refers to emac.o(i.EMACPHYWrite) for EMACPHYWrite
    emac.o(i.EMACPHYPowerOff) refers to emac.o(i.EMACPHYRead) for EMACPHYRead
    emac.o(i.EMACPHYPowerOff) refers to emac.o(i.EMACPHYWrite) for EMACPHYWrite
    emac.o(i.EMACPHYPowerOn) refers to emac.o(i.EMACPHYRead) for EMACPHYRead
    emac.o(i.EMACPHYPowerOn) refers to emac.o(i.EMACPHYWrite) for EMACPHYWrite
    emac.o(i.EMACVLANHashFilterBitCalculate) refers to sw_crc.o(i.Crc32) for Crc32
    epi.o(i.EPIIntRegister) refers to epi.o(i._EPIIntNumberGet) for _EPIIntNumberGet
    epi.o(i.EPIIntRegister) refers to interrupt.o(i.IntRegister) for IntRegister
    epi.o(i.EPIIntRegister) refers to interrupt.o(i.IntEnable) for IntEnable
    epi.o(i.EPIIntUnregister) refers to epi.o(i._EPIIntNumberGet) for _EPIIntNumberGet
    epi.o(i.EPIIntUnregister) refers to interrupt.o(i.IntDisable) for IntDisable
    epi.o(i.EPIIntUnregister) refers to interrupt.o(i.IntUnregister) for IntUnregister
    flash.o(i.FlashIntRegister) refers to interrupt.o(i.IntRegister) for IntRegister
    flash.o(i.FlashIntRegister) refers to interrupt.o(i.IntEnable) for IntEnable
    flash.o(i.FlashIntUnregister) refers to interrupt.o(i.IntDisable) for IntDisable
    flash.o(i.FlashIntUnregister) refers to interrupt.o(i.IntUnregister) for IntUnregister
    flash.o(i.FlashProtectGet) refers to flash.o(.constdata) for g_pui32FMPRERegs
    flash.o(i.FlashProtectSet) refers to flash.o(.constdata) for g_pui32FMPRERegs
    gpio.o(i.GPIOIntRegister) refers to gpio.o(i._GPIOIntNumberGet) for _GPIOIntNumberGet
    gpio.o(i.GPIOIntRegister) refers to interrupt.o(i.IntRegister) for IntRegister
    gpio.o(i.GPIOIntRegister) refers to interrupt.o(i.IntEnable) for IntEnable
    gpio.o(i.GPIOIntRegisterPin) refers to gpio.o(i._GPIOIntNumberGet) for _GPIOIntNumberGet
    gpio.o(i.GPIOIntRegisterPin) refers to interrupt.o(i.IntRegister) for IntRegister
    gpio.o(i.GPIOIntRegisterPin) refers to interrupt.o(i.IntEnable) for IntEnable
    gpio.o(i.GPIOIntUnregister) refers to gpio.o(i._GPIOIntNumberGet) for _GPIOIntNumberGet
    gpio.o(i.GPIOIntUnregister) refers to interrupt.o(i.IntDisable) for IntDisable
    gpio.o(i.GPIOIntUnregister) refers to interrupt.o(i.IntUnregister) for IntUnregister
    gpio.o(i.GPIOIntUnregisterPin) refers to gpio.o(i._GPIOIntNumberGet) for _GPIOIntNumberGet
    gpio.o(i.GPIOIntUnregisterPin) refers to interrupt.o(i.IntDisable) for IntDisable
    gpio.o(i.GPIOIntUnregisterPin) refers to interrupt.o(i.IntUnregister) for IntUnregister
    gpio.o(i.GPIOPinConfigure) refers to gpio.o(.constdata) for g_pui32GPIOBaseAddrs
    gpio.o(i.GPIOPinTypeADC) refers to gpio.o(i.GPIODirModeSet) for GPIODirModeSet
    gpio.o(i.GPIOPinTypeADC) refers to gpio.o(i.GPIOPadConfigSet) for GPIOPadConfigSet
    gpio.o(i.GPIOPinTypeCAN) refers to gpio.o(i.GPIODirModeSet) for GPIODirModeSet
    gpio.o(i.GPIOPinTypeCAN) refers to gpio.o(i.GPIOPadConfigSet) for GPIOPadConfigSet
    gpio.o(i.GPIOPinTypeComparator) refers to gpio.o(i.GPIODirModeSet) for GPIODirModeSet
    gpio.o(i.GPIOPinTypeComparator) refers to gpio.o(i.GPIOPadConfigSet) for GPIOPadConfigSet
    gpio.o(i.GPIOPinTypeComparatorOutput) refers to gpio.o(i.GPIODirModeSet) for GPIODirModeSet
    gpio.o(i.GPIOPinTypeComparatorOutput) refers to gpio.o(i.GPIOPadConfigSet) for GPIOPadConfigSet
    gpio.o(i.GPIOPinTypeDIVSCLK) refers to gpio.o(i.GPIODirModeSet) for GPIODirModeSet
    gpio.o(i.GPIOPinTypeDIVSCLK) refers to gpio.o(i.GPIOPadConfigSet) for GPIOPadConfigSet
    gpio.o(i.GPIOPinTypeEPI) refers to gpio.o(i.GPIODirModeSet) for GPIODirModeSet
    gpio.o(i.GPIOPinTypeEPI) refers to gpio.o(i.GPIOPadConfigSet) for GPIOPadConfigSet
    gpio.o(i.GPIOPinTypeEthernetLED) refers to gpio.o(i.GPIODirModeSet) for GPIODirModeSet
    gpio.o(i.GPIOPinTypeEthernetLED) refers to gpio.o(i.GPIOPadConfigSet) for GPIOPadConfigSet
    gpio.o(i.GPIOPinTypeEthernetMII) refers to gpio.o(i.GPIODirModeSet) for GPIODirModeSet
    gpio.o(i.GPIOPinTypeEthernetMII) refers to gpio.o(i.GPIOPadConfigSet) for GPIOPadConfigSet
    gpio.o(i.GPIOPinTypeGPIOInput) refers to gpio.o(i.GPIODirModeSet) for GPIODirModeSet
    gpio.o(i.GPIOPinTypeGPIOInput) refers to gpio.o(i.GPIOPadConfigSet) for GPIOPadConfigSet
    gpio.o(i.GPIOPinTypeGPIOOutput) refers to gpio.o(i.GPIOPadConfigSet) for GPIOPadConfigSet
    gpio.o(i.GPIOPinTypeGPIOOutput) refers to gpio.o(i.GPIODirModeSet) for GPIODirModeSet
    gpio.o(i.GPIOPinTypeGPIOOutputOD) refers to gpio.o(i.GPIOPadConfigSet) for GPIOPadConfigSet
    gpio.o(i.GPIOPinTypeGPIOOutputOD) refers to gpio.o(i.GPIODirModeSet) for GPIODirModeSet
    gpio.o(i.GPIOPinTypeHibernateRTCCLK) refers to gpio.o(i.GPIODirModeSet) for GPIODirModeSet
    gpio.o(i.GPIOPinTypeHibernateRTCCLK) refers to gpio.o(i.GPIOPadConfigSet) for GPIOPadConfigSet
    gpio.o(i.GPIOPinTypeI2C) refers to gpio.o(i.GPIODirModeSet) for GPIODirModeSet
    gpio.o(i.GPIOPinTypeI2C) refers to gpio.o(i.GPIOPadConfigSet) for GPIOPadConfigSet
    gpio.o(i.GPIOPinTypeI2CSCL) refers to gpio.o(i.GPIODirModeSet) for GPIODirModeSet
    gpio.o(i.GPIOPinTypeI2CSCL) refers to gpio.o(i.GPIOPadConfigSet) for GPIOPadConfigSet
    gpio.o(i.GPIOPinTypeLCD) refers to gpio.o(i.GPIODirModeSet) for GPIODirModeSet
    gpio.o(i.GPIOPinTypeLCD) refers to gpio.o(i.GPIOPadConfigSet) for GPIOPadConfigSet
    gpio.o(i.GPIOPinTypeOneWire) refers to gpio.o(i.GPIODirModeSet) for GPIODirModeSet
    gpio.o(i.GPIOPinTypeOneWire) refers to gpio.o(i.GPIOPadConfigSet) for GPIOPadConfigSet
    gpio.o(i.GPIOPinTypePWM) refers to gpio.o(i.GPIODirModeSet) for GPIODirModeSet
    gpio.o(i.GPIOPinTypePWM) refers to gpio.o(i.GPIOPadConfigSet) for GPIOPadConfigSet
    gpio.o(i.GPIOPinTypeQEI) refers to gpio.o(i.GPIODirModeSet) for GPIODirModeSet
    gpio.o(i.GPIOPinTypeQEI) refers to gpio.o(i.GPIOPadConfigSet) for GPIOPadConfigSet
    gpio.o(i.GPIOPinTypeSSI) refers to gpio.o(i.GPIODirModeSet) for GPIODirModeSet
    gpio.o(i.GPIOPinTypeSSI) refers to gpio.o(i.GPIOPadConfigSet) for GPIOPadConfigSet
    gpio.o(i.GPIOPinTypeTimer) refers to gpio.o(i.GPIODirModeSet) for GPIODirModeSet
    gpio.o(i.GPIOPinTypeTimer) refers to gpio.o(i.GPIOPadConfigSet) for GPIOPadConfigSet
    gpio.o(i.GPIOPinTypeTrace) refers to gpio.o(i.GPIODirModeSet) for GPIODirModeSet
    gpio.o(i.GPIOPinTypeTrace) refers to gpio.o(i.GPIOPadConfigSet) for GPIOPadConfigSet
    gpio.o(i.GPIOPinTypeUART) refers to gpio.o(i.GPIODirModeSet) for GPIODirModeSet
    gpio.o(i.GPIOPinTypeUART) refers to gpio.o(i.GPIOPadConfigSet) for GPIOPadConfigSet
    gpio.o(i.GPIOPinTypeUSBAnalog) refers to gpio.o(i.GPIODirModeSet) for GPIODirModeSet
    gpio.o(i.GPIOPinTypeUSBAnalog) refers to gpio.o(i.GPIOPadConfigSet) for GPIOPadConfigSet
    gpio.o(i.GPIOPinTypeUSBDigital) refers to gpio.o(i.GPIODirModeSet) for GPIODirModeSet
    gpio.o(i.GPIOPinTypeUSBDigital) refers to gpio.o(i.GPIOPadConfigSet) for GPIOPadConfigSet
    gpio.o(i.GPIOPinTypeWakeHigh) refers to gpio.o(i.GPIODirModeSet) for GPIODirModeSet
    gpio.o(i.GPIOPinTypeWakeHigh) refers to gpio.o(i.GPIOPadConfigSet) for GPIOPadConfigSet
    gpio.o(i.GPIOPinTypeWakeLow) refers to gpio.o(i.GPIODirModeSet) for GPIODirModeSet
    gpio.o(i.GPIOPinTypeWakeLow) refers to gpio.o(i.GPIOPadConfigSet) for GPIOPadConfigSet
    gpio.o(i._GPIOIntNumberGet) refers to gpio.o(.constdata) for g_ppui32GPIOIntMapBlizzard
    hibernate.o(i.HibernateBatCheckStart) refers to hibernate.o(i._HibernateWriteComplete) for _HibernateWriteComplete
    hibernate.o(i.HibernateCalendarMatchSet) refers to hibernate.o(i._HibernateCalendarSet) for _HibernateCalendarSet
    hibernate.o(i.HibernateCalendarSet) refers to hibernate.o(i._HibernateCalendarSet) for _HibernateCalendarSet
    hibernate.o(i.HibernateClockConfig) refers to hibernate.o(i._HibernateWriteComplete) for _HibernateWriteComplete
    hibernate.o(i.HibernateCounterMode) refers to hibernate.o(i._HibernateWriteComplete) for _HibernateWriteComplete
    hibernate.o(i.HibernateDataSet) refers to hibernate.o(i._HibernateWriteComplete) for _HibernateWriteComplete
    hibernate.o(i.HibernateDisable) refers to hibernate.o(i._HibernateWriteComplete) for _HibernateWriteComplete
    hibernate.o(i.HibernateEnableExpClk) refers to hibernate.o(i._HibernateWriteComplete) for _HibernateWriteComplete
    hibernate.o(i.HibernateGPIORetentionDisable) refers to hibernate.o(i._HibernateWriteComplete) for _HibernateWriteComplete
    hibernate.o(i.HibernateGPIORetentionEnable) refers to hibernate.o(i._HibernateWriteComplete) for _HibernateWriteComplete
    hibernate.o(i.HibernateIntClear) refers to hibernate.o(i._HibernateWriteComplete) for _HibernateWriteComplete
    hibernate.o(i.HibernateIntDisable) refers to hibernate.o(i._HibernateWriteComplete) for _HibernateWriteComplete
    hibernate.o(i.HibernateIntEnable) refers to hibernate.o(i._HibernateWriteComplete) for _HibernateWriteComplete
    hibernate.o(i.HibernateIntRegister) refers to hibernate.o(i._HibernateIntNumberGet) for _HibernateIntNumberGet
    hibernate.o(i.HibernateIntRegister) refers to interrupt.o(i.IntRegister) for IntRegister
    hibernate.o(i.HibernateIntRegister) refers to interrupt.o(i.IntEnable) for IntEnable
    hibernate.o(i.HibernateIntUnregister) refers to hibernate.o(i._HibernateIntNumberGet) for _HibernateIntNumberGet
    hibernate.o(i.HibernateIntUnregister) refers to interrupt.o(i.IntDisable) for IntDisable
    hibernate.o(i.HibernateIntUnregister) refers to interrupt.o(i.IntUnregister) for IntUnregister
    hibernate.o(i.HibernateLowBatSet) refers to hibernate.o(i._HibernateWriteComplete) for _HibernateWriteComplete
    hibernate.o(i.HibernateRTCDisable) refers to hibernate.o(i._HibernateWriteComplete) for _HibernateWriteComplete
    hibernate.o(i.HibernateRTCEnable) refers to hibernate.o(i._HibernateWriteComplete) for _HibernateWriteComplete
    hibernate.o(i.HibernateRTCMatchSet) refers to hibernate.o(i._HibernateWriteComplete) for _HibernateWriteComplete
    hibernate.o(i.HibernateRTCSSMatchSet) refers to hibernate.o(i._HibernateWriteComplete) for _HibernateWriteComplete
    hibernate.o(i.HibernateRTCSet) refers to hibernate.o(i._HibernateWriteComplete) for _HibernateWriteComplete
    hibernate.o(i.HibernateRTCTrimSet) refers to hibernate.o(i._HibernateWriteComplete) for _HibernateWriteComplete
    hibernate.o(i.HibernateRequest) refers to hibernate.o(i._HibernateWriteComplete) for _HibernateWriteComplete
    hibernate.o(i.HibernateTamperDisable) refers to hibernate.o(i._HibernateWriteComplete) for _HibernateWriteComplete
    hibernate.o(i.HibernateTamperEnable) refers to hibernate.o(i._HibernateWriteComplete) for _HibernateWriteComplete
    hibernate.o(i.HibernateTamperEventsClear) refers to hibernate.o(i._HibernateWriteComplete) for _HibernateWriteComplete
    hibernate.o(i.HibernateTamperEventsClearNoLock) refers to hibernate.o(i._HibernateWriteComplete) for _HibernateWriteComplete
    hibernate.o(i.HibernateTamperEventsConfig) refers to hibernate.o(i._HibernateWriteComplete) for _HibernateWriteComplete
    hibernate.o(i.HibernateTamperExtOscRecover) refers to hibernate.o(i._HibernateWriteComplete) for _HibernateWriteComplete
    hibernate.o(i.HibernateTamperExtOscValid) refers to hibernate.o(i.HibernateTamperStatusGet) for HibernateTamperStatusGet
    hibernate.o(i.HibernateTamperIODisable) refers to hibernate.o(i._HibernateWriteComplete) for _HibernateWriteComplete
    hibernate.o(i.HibernateTamperIOEnable) refers to hibernate.o(i._HibernateWriteComplete) for _HibernateWriteComplete
    hibernate.o(i.HibernateTamperLock) refers to hibernate.o(i._HibernateWriteComplete) for _HibernateWriteComplete
    hibernate.o(i.HibernateTamperUnLock) refers to hibernate.o(i._HibernateWriteComplete) for _HibernateWriteComplete
    hibernate.o(i.HibernateWakeSet) refers to hibernate.o(i._HibernateWriteComplete) for _HibernateWriteComplete
    hibernate.o(i._HibernateCalendarSet) refers to hibernate.o(i._HibernateWriteComplete) for _HibernateWriteComplete
    i2c.o(i.I2CIntRegister) refers to i2c.o(i._I2CIntNumberGet) for _I2CIntNumberGet
    i2c.o(i.I2CIntRegister) refers to interrupt.o(i.IntRegister) for IntRegister
    i2c.o(i.I2CIntRegister) refers to interrupt.o(i.IntEnable) for IntEnable
    i2c.o(i.I2CIntUnregister) refers to i2c.o(i._I2CIntNumberGet) for _I2CIntNumberGet
    i2c.o(i.I2CIntUnregister) refers to interrupt.o(i.IntDisable) for IntDisable
    i2c.o(i.I2CIntUnregister) refers to interrupt.o(i.IntUnregister) for IntUnregister
    i2c.o(i.I2CMasterInitExpClk) refers to i2c.o(i.I2CMasterEnable) for I2CMasterEnable
    i2c.o(i.I2CSlaveInit) refers to i2c.o(i.I2CSlaveEnable) for I2CSlaveEnable
    i2c.o(i._I2CIntNumberGet) refers to i2c.o(.constdata) for g_ppui32I2CIntMap
    interrupt.o(i.IntDisable) refers to interrupt.o(.constdata) for g_pui32Dii16Regs
    interrupt.o(i.IntEnable) refers to interrupt.o(.constdata) for g_pui32EnRegs
    interrupt.o(i.IntIsEnabled) refers to interrupt.o(.constdata) for g_pui32EnRegs
    interrupt.o(i.IntMasterDisable) refers to cpu.o(.emb_text) for CPUcpsid
    interrupt.o(i.IntMasterEnable) refers to cpu.o(.emb_text) for CPUcpsie
    interrupt.o(i.IntPendClear) refers to interrupt.o(.constdata) for g_pui32UnpendRegs
    interrupt.o(i.IntPendSet) refers to interrupt.o(.constdata) for g_pui32PendRegs
    interrupt.o(i.IntPriorityGet) refers to interrupt.o(.constdata) for g_pui32Regs
    interrupt.o(i.IntPriorityGroupingGet) refers to interrupt.o(.constdata) for g_pui32Priority
    interrupt.o(i.IntPriorityGroupingSet) refers to interrupt.o(.constdata) for g_pui32Priority
    interrupt.o(i.IntPriorityMaskGet) refers to cpu.o(.emb_text) for CPUbasepriGet
    interrupt.o(i.IntPriorityMaskSet) refers to cpu.o(.emb_text) for CPUbasepriSet
    interrupt.o(i.IntPrioritySet) refers to interrupt.o(.constdata) for g_pui32Regs
    interrupt.o(i.IntRegister) refers to interrupt.o(vtable) for g_pfnRAMVectors
    interrupt.o(i.IntUnregister) refers to interrupt.o(i._IntDefaultHandler) for _IntDefaultHandler
    interrupt.o(i.IntUnregister) refers to interrupt.o(vtable) for g_pfnRAMVectors
    lcd.o(i.LCDClockReset) refers to sysctl.o(.emb_text) for SysCtlDelay
    lcd.o(i.LCDIntRegister) refers to interrupt.o(i.IntRegister) for IntRegister
    lcd.o(i.LCDIntRegister) refers to interrupt.o(i.IntEnable) for IntEnable
    lcd.o(i.LCDIntUnregister) refers to interrupt.o(i.IntDisable) for IntDisable
    lcd.o(i.LCDIntUnregister) refers to interrupt.o(i.IntUnregister) for IntUnregister
    lcd.o(i.LCDRasterEnable) refers to lcd.o(i.LCDClockReset) for LCDClockReset
    mpu.o(i.MPUIntRegister) refers to interrupt.o(i.IntRegister) for IntRegister
    mpu.o(i.MPUIntRegister) refers to interrupt.o(i.IntEnable) for IntEnable
    mpu.o(i.MPUIntUnregister) refers to interrupt.o(i.IntDisable) for IntDisable
    mpu.o(i.MPUIntUnregister) refers to interrupt.o(i.IntUnregister) for IntUnregister
    onewire.o(i.OneWireDMAEnable) refers to sysctl.o(.emb_text) for SysCtlDelay
    onewire.o(i.OneWireIntRegister) refers to onewire.o(i._OneWireIntNumberGet) for _OneWireIntNumberGet
    onewire.o(i.OneWireIntRegister) refers to interrupt.o(i.IntRegister) for IntRegister
    onewire.o(i.OneWireIntRegister) refers to interrupt.o(i.IntEnable) for IntEnable
    onewire.o(i.OneWireIntUnregister) refers to onewire.o(i._OneWireIntNumberGet) for _OneWireIntNumberGet
    onewire.o(i.OneWireIntUnregister) refers to interrupt.o(i.IntDisable) for IntDisable
    onewire.o(i.OneWireIntUnregister) refers to interrupt.o(i.IntUnregister) for IntUnregister
    pwm.o(i.PWMFaultIntRegister) refers to pwm.o(i._PWMFaultIntNumberGet) for _PWMFaultIntNumberGet
    pwm.o(i.PWMFaultIntRegister) refers to interrupt.o(i.IntRegister) for IntRegister
    pwm.o(i.PWMFaultIntRegister) refers to interrupt.o(i.IntEnable) for IntEnable
    pwm.o(i.PWMFaultIntUnregister) refers to pwm.o(i._PWMFaultIntNumberGet) for _PWMFaultIntNumberGet
    pwm.o(i.PWMFaultIntUnregister) refers to interrupt.o(i.IntDisable) for IntDisable
    pwm.o(i.PWMFaultIntUnregister) refers to interrupt.o(i.IntUnregister) for IntUnregister
    pwm.o(i.PWMGenIntRegister) refers to pwm.o(i._PWMGenIntNumberGet) for _PWMGenIntNumberGet
    pwm.o(i.PWMGenIntRegister) refers to interrupt.o(i.IntRegister) for IntRegister
    pwm.o(i.PWMGenIntRegister) refers to interrupt.o(i.IntEnable) for IntEnable
    pwm.o(i.PWMGenIntUnregister) refers to pwm.o(i._PWMGenIntNumberGet) for _PWMGenIntNumberGet
    pwm.o(i.PWMGenIntUnregister) refers to interrupt.o(i.IntDisable) for IntDisable
    pwm.o(i.PWMGenIntUnregister) refers to interrupt.o(i.IntUnregister) for IntUnregister
    qei.o(i.QEIIntRegister) refers to qei.o(i._QEIIntNumberGet) for _QEIIntNumberGet
    qei.o(i.QEIIntRegister) refers to interrupt.o(i.IntRegister) for IntRegister
    qei.o(i.QEIIntRegister) refers to interrupt.o(i.IntEnable) for IntEnable
    qei.o(i.QEIIntUnregister) refers to qei.o(i._QEIIntNumberGet) for _QEIIntNumberGet
    qei.o(i.QEIIntUnregister) refers to interrupt.o(i.IntDisable) for IntDisable
    qei.o(i.QEIIntUnregister) refers to interrupt.o(i.IntUnregister) for IntUnregister
    shamd5.o(i.SHAMD5DataProcess) refers to shamd5.o(i.SHAMD5HashLengthSet) for SHAMD5HashLengthSet
    shamd5.o(i.SHAMD5DataProcess) refers to shamd5.o(i._SHAMD5DataWriteMultiple) for _SHAMD5DataWriteMultiple
    shamd5.o(i.SHAMD5DataProcess) refers to shamd5.o(i.SHAMD5ResultRead) for SHAMD5ResultRead
    shamd5.o(i.SHAMD5HMACProcess) refers to shamd5.o(i.SHAMD5HashLengthSet) for SHAMD5HashLengthSet
    shamd5.o(i.SHAMD5HMACProcess) refers to shamd5.o(i._SHAMD5DataWriteMultiple) for _SHAMD5DataWriteMultiple
    shamd5.o(i.SHAMD5HMACProcess) refers to shamd5.o(i.SHAMD5ResultRead) for SHAMD5ResultRead
    shamd5.o(i.SHAMD5IntRegister) refers to interrupt.o(i.IntRegister) for IntRegister
    shamd5.o(i.SHAMD5IntRegister) refers to interrupt.o(i.IntEnable) for IntEnable
    shamd5.o(i.SHAMD5IntUnregister) refers to interrupt.o(i.IntDisable) for IntDisable
    shamd5.o(i.SHAMD5IntUnregister) refers to interrupt.o(i.IntUnregister) for IntUnregister
    shamd5.o(i._SHAMD5DataWriteMultiple) refers to shamd5.o(i.SHAMD5DataWrite) for SHAMD5DataWrite
    ssi.o(i.SSIIntRegister) refers to ssi.o(i._SSIIntNumberGet) for _SSIIntNumberGet
    ssi.o(i.SSIIntRegister) refers to interrupt.o(i.IntRegister) for IntRegister
    ssi.o(i.SSIIntRegister) refers to interrupt.o(i.IntEnable) for IntEnable
    ssi.o(i.SSIIntUnregister) refers to ssi.o(i._SSIIntNumberGet) for _SSIIntNumberGet
    ssi.o(i.SSIIntUnregister) refers to interrupt.o(i.IntDisable) for IntDisable
    ssi.o(i.SSIIntUnregister) refers to interrupt.o(i.IntUnregister) for IntUnregister
    ssi.o(i._SSIIntNumberGet) refers to ssi.o(.constdata) for g_ppui32SSIIntMap
    sw_crc.o(i.Crc16) refers to sw_crc.o(.constdata) for g_pui16Crc16
    sw_crc.o(i.Crc16Array) refers to sw_crc.o(i.Crc16) for Crc16
    sw_crc.o(i.Crc16Array3) refers to sw_crc.o(.constdata) for g_pui16Crc16
    sw_crc.o(i.Crc32) refers to sw_crc.o(.constdata) for g_pui32Crc32
    sw_crc.o(i.Crc8CCITT) refers to sw_crc.o(.constdata) for g_pui8Crc8CCITT
    sysctl.o(i.SysCtlClockFreqSet) refers to sysctl.o(i._SysCtlMemTimingGet) for _SysCtlMemTimingGet
    sysctl.o(i.SysCtlClockFreqSet) refers to sysctl.o(i._SysCtlFrequencyGet) for _SysCtlFrequencyGet
    sysctl.o(i.SysCtlClockFreqSet) refers to sysctl.o(.constdata) for g_pui32Xtals
    sysctl.o(i.SysCtlClockGet) refers to sysctl.o(.constdata) for g_pui32Xtals
    sysctl.o(i.SysCtlClockSet) refers to sysctl.o(.emb_text) for SysCtlDelay
    sysctl.o(i.SysCtlDeepSleep) refers to cpu.o(.emb_text) for CPUwfi
    sysctl.o(i.SysCtlIntRegister) refers to interrupt.o(i.IntRegister) for IntRegister
    sysctl.o(i.SysCtlIntRegister) refers to interrupt.o(i.IntEnable) for IntEnable
    sysctl.o(i.SysCtlIntUnregister) refers to interrupt.o(i.IntDisable) for IntDisable
    sysctl.o(i.SysCtlIntUnregister) refers to interrupt.o(i.IntUnregister) for IntUnregister
    sysctl.o(i.SysCtlSleep) refers to cpu.o(.emb_text) for CPUwfi
    sysctl.o(i.SysCtlVCOGet) refers to sysctl.o(.constdata) for g_pui32Xtals
    sysctl.o(i._SysCtlMemTimingGet) refers to sysctl.o(.constdata) for g_sXTALtoMEMTIM
    sysexc.o(i.SysExcIntRegister) refers to sysexc.o(i._SysExcIntNumberGet) for _SysExcIntNumberGet
    sysexc.o(i.SysExcIntRegister) refers to interrupt.o(i.IntRegister) for IntRegister
    sysexc.o(i.SysExcIntRegister) refers to interrupt.o(i.IntEnable) for IntEnable
    sysexc.o(i.SysExcIntUnregister) refers to sysexc.o(i._SysExcIntNumberGet) for _SysExcIntNumberGet
    sysexc.o(i.SysExcIntUnregister) refers to interrupt.o(i.IntDisable) for IntDisable
    sysexc.o(i.SysExcIntUnregister) refers to interrupt.o(i.IntUnregister) for IntUnregister
    systick.o(i.SysTickIntRegister) refers to interrupt.o(i.IntRegister) for IntRegister
    systick.o(i.SysTickIntUnregister) refers to interrupt.o(i.IntUnregister) for IntUnregister
    timer.o(i.TimerIntRegister) refers to timer.o(i._TimerIntNumberGet) for _TimerIntNumberGet
    timer.o(i.TimerIntRegister) refers to interrupt.o(i.IntRegister) for IntRegister
    timer.o(i.TimerIntRegister) refers to interrupt.o(i.IntEnable) for IntEnable
    timer.o(i.TimerIntUnregister) refers to timer.o(i._TimerIntNumberGet) for _TimerIntNumberGet
    timer.o(i.TimerIntUnregister) refers to interrupt.o(i.IntDisable) for IntDisable
    timer.o(i.TimerIntUnregister) refers to interrupt.o(i.IntUnregister) for IntUnregister
    timer.o(i._TimerIntNumberGet) refers to timer.o(.constdata) for g_ppui32TimerIntMap
    uart.o(i.UARTConfigSetExpClk) refers to uart.o(i.UARTDisable) for UARTDisable
    uart.o(i.UARTConfigSetExpClk) refers to uart.o(i.UARTEnable) for UARTEnable
    uart.o(i.UARTIntRegister) refers to uart.o(i._UARTIntNumberGet) for _UARTIntNumberGet
    uart.o(i.UARTIntRegister) refers to interrupt.o(i.IntRegister) for IntRegister
    uart.o(i.UARTIntRegister) refers to interrupt.o(i.IntEnable) for IntEnable
    uart.o(i.UARTIntUnregister) refers to uart.o(i._UARTIntNumberGet) for _UARTIntNumberGet
    uart.o(i.UARTIntUnregister) refers to interrupt.o(i.IntDisable) for IntDisable
    uart.o(i.UARTIntUnregister) refers to interrupt.o(i.IntUnregister) for IntUnregister
    uart.o(i._UARTIntNumberGet) refers to uart.o(.constdata) for g_ppui32UARTIntMap
    udma.o(i.uDMAIntRegister) refers to interrupt.o(i.IntRegister) for IntRegister
    udma.o(i.uDMAIntRegister) refers to interrupt.o(i.IntEnable) for IntEnable
    udma.o(i.uDMAIntUnregister) refers to interrupt.o(i.IntDisable) for IntDisable
    udma.o(i.uDMAIntUnregister) refers to interrupt.o(i.IntUnregister) for IntUnregister
    usb.o(i.USBFIFOConfigGet) refers to usb.o(i._USBIndexRead) for _USBIndexRead
    usb.o(i.USBFIFOConfigSet) refers to usb.o(i._USBIndexWrite) for _USBIndexWrite
    usb.o(i.USBIntRegister) refers to usb.o(i._USBIntNumberGet) for _USBIntNumberGet
    usb.o(i.USBIntRegister) refers to interrupt.o(i.IntRegister) for IntRegister
    usb.o(i.USBIntRegister) refers to interrupt.o(i.IntEnable) for IntEnable
    usb.o(i.USBIntUnregister) refers to usb.o(i._USBIntNumberGet) for _USBIntNumberGet
    usb.o(i.USBIntUnregister) refers to interrupt.o(i.IntDisable) for IntDisable
    usb.o(i.USBIntUnregister) refers to interrupt.o(i.IntUnregister) for IntUnregister
    watchdog.o(i.WatchdogIntRegister) refers to interrupt.o(i.IntRegister) for IntRegister
    watchdog.o(i.WatchdogIntRegister) refers to interrupt.o(i.IntEnable) for IntEnable
    watchdog.o(i.WatchdogIntUnregister) refers to interrupt.o(i.IntDisable) for IntDisable
    watchdog.o(i.WatchdogIntUnregister) refers to interrupt.o(i.IntUnregister) for IntUnregister
    main.o(i.main) refers to sysctl.o(i.SysCtlClockSet) for SysCtlClockSet
    bsp_encoder.o(i.Timer0AIntHandler) refers to timer.o(i.TimerIntStatus) for TimerIntStatus
    bsp_encoder.o(i.Timer0AIntHandler) refers to timer.o(i.TimerValueGet) for TimerValueGet
    bsp_encoder.o(i.Timer0AIntHandler) refers to timer.o(i.TimerIntClear) for TimerIntClear
    bsp_encoder.o(i.Timer0Init) refers to sysctl.o(i.SysCtlPeripheralEnable) for SysCtlPeripheralEnable
    bsp_encoder.o(i.Timer0Init) refers to gpio.o(i.GPIOPinConfigure) for GPIOPinConfigure
    bsp_encoder.o(i.Timer0Init) refers to gpio.o(i.GPIOPinTypeTimer) for GPIOPinTypeTimer
    bsp_encoder.o(i.Timer0Init) refers to gpio.o(i.GPIOPadConfigSet) for GPIOPadConfigSet
    bsp_encoder.o(i.Timer0Init) refers to timer.o(i.TimerConfigure) for TimerConfigure
    bsp_encoder.o(i.Timer0Init) refers to timer.o(i.TimerControlEvent) for TimerControlEvent
    bsp_encoder.o(i.Timer0Init) refers to timer.o(i.TimerLoadSet) for TimerLoadSet
    bsp_encoder.o(i.Timer0Init) refers to timer.o(i.TimerIntEnable) for TimerIntEnable
    bsp_encoder.o(i.Timer0Init) refers to timer.o(i.TimerEnable) for TimerEnable
    startup_tm4c123.o(STACK) refers (Special) to heapauxi.o(.text) for __use_two_region_memory
    startup_tm4c123.o(HEAP) refers (Special) to heapauxi.o(.text) for __use_two_region_memory
    startup_tm4c123.o(RESET) refers (Special) to heapauxi.o(.text) for __use_two_region_memory
    startup_tm4c123.o(RESET) refers to startup_tm4c123.o(STACK) for __initial_sp
    startup_tm4c123.o(RESET) refers to startup_tm4c123.o(.text) for Reset_Handler
    startup_tm4c123.o(.text) refers (Special) to heapauxi.o(.text) for __use_two_region_memory
    startup_tm4c123.o(.text) refers to system_tm4c123.o(i.SystemInit) for SystemInit
    startup_tm4c123.o(.text) refers to __main.o(!!!main) for __main
    startup_tm4c123.o(.text) refers to startup_tm4c123.o(HEAP) for Heap_Mem
    startup_tm4c123.o(.text) refers to startup_tm4c123.o(STACK) for Stack_Mem
    system_tm4c123.o(i.SystemCoreClockUpdate) refers to system_tm4c123.o(i.getOscClk) for getOscClk
    system_tm4c123.o(i.SystemCoreClockUpdate) refers to system_tm4c123.o(.data) for SystemCoreClock
    __main.o(!!!main) refers to __rtentry.o(.ARM.Collect$$rtentry$$00000000) for __rt_entry
    __rtentry.o(.ARM.Collect$$rtentry$$00000000) refers (Special) to __rtentry2.o(.ARM.Collect$$rtentry$$0000000A) for __rt_entry_li
    __rtentry.o(.ARM.Collect$$rtentry$$00000000) refers (Special) to __rtentry2.o(.ARM.Collect$$rtentry$$0000000D) for __rt_entry_main
    __rtentry.o(.ARM.Collect$$rtentry$$00000000) refers (Special) to __rtentry2.o(.ARM.Collect$$rtentry$$0000000C) for __rt_entry_postli_1
    __rtentry.o(.ARM.Collect$$rtentry$$00000000) refers (Special) to __rtentry2.o(.ARM.Collect$$rtentry$$00000009) for __rt_entry_postsh_1
    __rtentry.o(.ARM.Collect$$rtentry$$00000000) refers (Special) to __rtentry2.o(.ARM.Collect$$rtentry$$00000002) for __rt_entry_presh_1
    __rtentry.o(.ARM.Collect$$rtentry$$00000000) refers (Special) to __rtentry4.o(.ARM.Collect$$rtentry$$00000004) for __rt_entry_sh
    __rtentry2.o(.ARM.Collect$$rtentry$$00000008) refers to boardinit2.o(.text) for _platform_post_stackheap_init
    __rtentry2.o(.ARM.Collect$$rtentry$$0000000A) refers to libinit.o(.ARM.Collect$$libinit$$00000000) for __rt_lib_init
    __rtentry2.o(.ARM.Collect$$rtentry$$0000000B) refers to boardinit3.o(.text) for _platform_post_lib_init
    __rtentry2.o(.ARM.Collect$$rtentry$$0000000D) refers to main.o(i.main) for main
    __rtentry2.o(.ARM.Collect$$rtentry$$0000000D) refers to exit.o(.text) for exit
    __rtentry2.o(.ARM.exidx) refers to __rtentry2.o(.ARM.Collect$$rtentry$$00000001) for .ARM.Collect$$rtentry$$00000001
    __rtentry2.o(.ARM.exidx) refers to __rtentry2.o(.ARM.Collect$$rtentry$$00000008) for .ARM.Collect$$rtentry$$00000008
    __rtentry2.o(.ARM.exidx) refers to __rtentry2.o(.ARM.Collect$$rtentry$$0000000A) for .ARM.Collect$$rtentry$$0000000A
    __rtentry2.o(.ARM.exidx) refers to __rtentry2.o(.ARM.Collect$$rtentry$$0000000B) for .ARM.Collect$$rtentry$$0000000B
    __rtentry2.o(.ARM.exidx) refers to __rtentry2.o(.ARM.Collect$$rtentry$$0000000D) for .ARM.Collect$$rtentry$$0000000D
    __rtentry4.o(.ARM.Collect$$rtentry$$00000004) refers to sys_stackheap_outer.o(.text) for __user_setup_stackheap
    __rtentry4.o(.ARM.exidx) refers to __rtentry4.o(.ARM.Collect$$rtentry$$00000004) for .ARM.Collect$$rtentry$$00000004
    sys_stackheap_outer.o(.text) refers to libspace.o(.text) for __user_perproc_libspace
    sys_stackheap_outer.o(.text) refers to startup_tm4c123.o(.text) for __user_initial_stackheap
    exit.o(.text) refers to rtexit.o(.ARM.Collect$$rtexit$$00000000) for __rt_exit
    libinit.o(.ARM.Collect$$libinit$$00000000) refers (Special) to libinit2.o(.ARM.Collect$$libinit$$0000002E) for __rt_lib_init_alloca_1
    libinit.o(.ARM.Collect$$libinit$$00000000) refers (Special) to libinit2.o(.ARM.Collect$$libinit$$0000002C) for __rt_lib_init_argv_1
    libinit.o(.ARM.Collect$$libinit$$00000000) refers (Special) to libinit2.o(.ARM.Collect$$libinit$$0000001B) for __rt_lib_init_atexit_1
    libinit.o(.ARM.Collect$$libinit$$00000000) refers (Special) to libinit2.o(.ARM.Collect$$libinit$$00000021) for __rt_lib_init_clock_1
    libinit.o(.ARM.Collect$$libinit$$00000000) refers (Special) to libinit2.o(.ARM.Collect$$libinit$$00000032) for __rt_lib_init_cpp_1
    libinit.o(.ARM.Collect$$libinit$$00000000) refers (Special) to libinit2.o(.ARM.Collect$$libinit$$00000030) for __rt_lib_init_exceptions_1
    libinit.o(.ARM.Collect$$libinit$$00000000) refers (Special) to libinit2.o(.ARM.Collect$$libinit$$00000001) for __rt_lib_init_fp_1
    libinit.o(.ARM.Collect$$libinit$$00000000) refers (Special) to libinit2.o(.ARM.Collect$$libinit$$0000001F) for __rt_lib_init_fp_trap_1
    libinit.o(.ARM.Collect$$libinit$$00000000) refers (Special) to libinit2.o(.ARM.Collect$$libinit$$00000023) for __rt_lib_init_getenv_1
    libinit.o(.ARM.Collect$$libinit$$00000000) refers (Special) to libinit2.o(.ARM.Collect$$libinit$$0000000A) for __rt_lib_init_heap_1
    libinit.o(.ARM.Collect$$libinit$$00000000) refers (Special) to libinit2.o(.ARM.Collect$$libinit$$00000011) for __rt_lib_init_lc_collate_1
    libinit.o(.ARM.Collect$$libinit$$00000000) refers (Special) to libinit2.o(.ARM.Collect$$libinit$$00000013) for __rt_lib_init_lc_ctype_1
    libinit.o(.ARM.Collect$$libinit$$00000000) refers (Special) to libinit2.o(.ARM.Collect$$libinit$$00000015) for __rt_lib_init_lc_monetary_1
    libinit.o(.ARM.Collect$$libinit$$00000000) refers (Special) to libinit2.o(.ARM.Collect$$libinit$$00000017) for __rt_lib_init_lc_numeric_1
    libinit.o(.ARM.Collect$$libinit$$00000000) refers (Special) to libinit2.o(.ARM.Collect$$libinit$$00000019) for __rt_lib_init_lc_time_1
    libinit.o(.ARM.Collect$$libinit$$00000000) refers (Special) to libinit2.o(.ARM.Collect$$libinit$$00000004) for __rt_lib_init_preinit_1
    libinit.o(.ARM.Collect$$libinit$$00000000) refers (Special) to libinit2.o(.ARM.Collect$$libinit$$0000000E) for __rt_lib_init_rand_1
    libinit.o(.ARM.Collect$$libinit$$00000000) refers (Special) to libinit2.o(.ARM.Collect$$libinit$$00000033) for __rt_lib_init_return
    libinit.o(.ARM.Collect$$libinit$$00000000) refers (Special) to libinit2.o(.ARM.Collect$$libinit$$0000001D) for __rt_lib_init_signal_1
    libinit.o(.ARM.Collect$$libinit$$00000000) refers (Special) to libinit2.o(.ARM.Collect$$libinit$$00000025) for __rt_lib_init_stdio_1
    libinit.o(.ARM.Collect$$libinit$$00000000) refers (Special) to libinit2.o(.ARM.Collect$$libinit$$0000000C) for __rt_lib_init_user_alloc_1
    libspace.o(.text) refers to libspace.o(.bss) for __libspace_start
    rtexit.o(.ARM.Collect$$rtexit$$00000000) refers (Special) to rtexit2.o(.ARM.Collect$$rtexit$$00000004) for __rt_exit_exit
    rtexit.o(.ARM.Collect$$rtexit$$00000000) refers (Special) to rtexit2.o(.ARM.Collect$$rtexit$$00000003) for __rt_exit_ls
    rtexit.o(.ARM.Collect$$rtexit$$00000000) refers (Special) to rtexit2.o(.ARM.Collect$$rtexit$$00000002) for __rt_exit_prels_1
    rtexit.o(.ARM.exidx) refers (Special) to rtexit2.o(.ARM.Collect$$rtexit$$00000004) for __rt_exit_exit
    rtexit.o(.ARM.exidx) refers (Special) to rtexit2.o(.ARM.Collect$$rtexit$$00000003) for __rt_exit_ls
    rtexit.o(.ARM.exidx) refers (Special) to rtexit2.o(.ARM.Collect$$rtexit$$00000002) for __rt_exit_prels_1
    rtexit.o(.ARM.exidx) refers to rtexit.o(.ARM.Collect$$rtexit$$00000000) for .ARM.Collect$$rtexit$$00000000
    libinit2.o(.ARM.Collect$$libinit$$00000001) refers to fpinit.o(x$fpl$fpinit) for _fp_init
    libinit2.o(.ARM.Collect$$libinit$$00000010) refers to libinit2.o(.ARM.Collect$$libinit$$0000000F) for .ARM.Collect$$libinit$$0000000F
    libinit2.o(.ARM.Collect$$libinit$$00000012) refers to libinit2.o(.ARM.Collect$$libinit$$0000000F) for .ARM.Collect$$libinit$$0000000F
    libinit2.o(.ARM.Collect$$libinit$$00000014) refers to libinit2.o(.ARM.Collect$$libinit$$0000000F) for .ARM.Collect$$libinit$$0000000F
    libinit2.o(.ARM.Collect$$libinit$$00000016) refers to libinit2.o(.ARM.Collect$$libinit$$0000000F) for .ARM.Collect$$libinit$$0000000F
    libinit2.o(.ARM.Collect$$libinit$$00000018) refers to libinit2.o(.ARM.Collect$$libinit$$0000000F) for .ARM.Collect$$libinit$$0000000F
    libinit2.o(.ARM.Collect$$libinit$$00000026) refers to argv_veneer.o(.emb_text) for __ARM_argv_veneer
    libinit2.o(.ARM.Collect$$libinit$$00000027) refers to argv_veneer.o(.emb_text) for __ARM_argv_veneer
    rtexit2.o(.ARM.Collect$$rtexit$$00000003) refers to libshutdown.o(.ARM.Collect$$libshutdown$$00000000) for __rt_lib_shutdown
    rtexit2.o(.ARM.Collect$$rtexit$$00000004) refers to sys_exit.o(.text) for _sys_exit
    rtexit2.o(.ARM.exidx) refers to rtexit2.o(.ARM.Collect$$rtexit$$00000001) for .ARM.Collect$$rtexit$$00000001
    rtexit2.o(.ARM.exidx) refers to rtexit2.o(.ARM.Collect$$rtexit$$00000003) for .ARM.Collect$$rtexit$$00000003
    rtexit2.o(.ARM.exidx) refers to rtexit2.o(.ARM.Collect$$rtexit$$00000004) for .ARM.Collect$$rtexit$$00000004
    argv_veneer.o(.emb_text) refers to no_argv.o(.text) for __ARM_get_argv
    sys_exit.o(.text) refers (Special) to use_no_semi.o(.text) for __I$use$semihosting
    sys_exit.o(.text) refers (Special) to indicate_semi.o(.text) for __semihosting_library_function
    _get_argv_nomalloc.o(.text) refers (Special) to hrguard.o(.text) for __heap_region$guard
    _get_argv_nomalloc.o(.text) refers to defsig_rtmem_outer.o(.text) for __rt_SIGRTMEM
    _get_argv_nomalloc.o(.text) refers to sys_command.o(.text) for _sys_command_string
    libshutdown.o(.ARM.Collect$$libshutdown$$00000000) refers (Special) to libshutdown2.o(.ARM.Collect$$libshutdown$$00000004) for __rt_lib_shutdown_cpp_1
    libshutdown.o(.ARM.Collect$$libshutdown$$00000000) refers (Special) to libshutdown2.o(.ARM.Collect$$libshutdown$$00000002) for __rt_lib_shutdown_fini_1
    libshutdown.o(.ARM.Collect$$libshutdown$$00000000) refers (Special) to libshutdown2.o(.ARM.Collect$$libshutdown$$00000009) for __rt_lib_shutdown_fp_trap_1
    libshutdown.o(.ARM.Collect$$libshutdown$$00000000) refers (Special) to libshutdown2.o(.ARM.Collect$$libshutdown$$00000011) for __rt_lib_shutdown_heap_1
    libshutdown.o(.ARM.Collect$$libshutdown$$00000000) refers (Special) to libshutdown2.o(.ARM.Collect$$libshutdown$$00000012) for __rt_lib_shutdown_return
    libshutdown.o(.ARM.Collect$$libshutdown$$00000000) refers (Special) to libshutdown2.o(.ARM.Collect$$libshutdown$$0000000C) for __rt_lib_shutdown_signal_1
    libshutdown.o(.ARM.Collect$$libshutdown$$00000000) refers (Special) to libshutdown2.o(.ARM.Collect$$libshutdown$$00000006) for __rt_lib_shutdown_stdio_1
    libshutdown.o(.ARM.Collect$$libshutdown$$00000000) refers (Special) to libshutdown2.o(.ARM.Collect$$libshutdown$$0000000E) for __rt_lib_shutdown_user_alloc_1
    sys_command.o(.text) refers (Special) to use_no_semi.o(.text) for __I$use$semihosting
    sys_command.o(.text) refers (Special) to indicate_semi.o(.text) for __semihosting_library_function
    defsig_rtmem_outer.o(.text) refers to defsig_rtmem_inner.o(.text) for __rt_SIGRTMEM_inner
    defsig_rtmem_outer.o(.text) refers to defsig_exit.o(.text) for __sig_exit
    defsig_rtmem_formal.o(.text) refers to rt_raise.o(.text) for __rt_raise
    rt_raise.o(.text) refers to __raise.o(.text) for __raise
    rt_raise.o(.text) refers to sys_exit.o(.text) for _sys_exit
    defsig_exit.o(.text) refers to sys_exit.o(.text) for _sys_exit
    defsig_rtmem_inner.o(.text) refers to defsig_general.o(.text) for __default_signal_display
    __raise.o(.text) refers to defsig.o(CL$$defsig) for __default_signal_handler
    defsig_general.o(.text) refers to sys_wrch.o(.text) for _ttywrch
    sys_wrch.o(.text) refers (Special) to use_no_semi.o(.text) for __I$use$semihosting
    sys_wrch.o(.text) refers (Special) to indicate_semi.o(.text) for __semihosting_library_function
    defsig.o(CL$$defsig) refers to defsig_rtmem_inner.o(.text) for __rt_SIGRTMEM_inner
    defsig_abrt_inner.o(.text) refers to defsig_general.o(.text) for __default_signal_display
    defsig_fpe_inner.o(.text) refers to defsig_general.o(.text) for __default_signal_display
    defsig_rtred_inner.o(.text) refers to defsig_general.o(.text) for __default_signal_display
    defsig_stak_inner.o(.text) refers to defsig_general.o(.text) for __default_signal_display
    defsig_pvfn_inner.o(.text) refers to defsig_general.o(.text) for __default_signal_display
    defsig_cppl_inner.o(.text) refers to defsig_general.o(.text) for __default_signal_display
    defsig_segv_inner.o(.text) refers to defsig_general.o(.text) for __default_signal_display
    defsig_other.o(.text) refers to defsig_general.o(.text) for __default_signal_display


==============================================================================

Removing Unused input sections from the image.

    Removing adc.o(i.ADCBusy), (10 bytes).
    Removing adc.o(i.ADCClockConfigGet), (34 bytes).
    Removing adc.o(i.ADCClockConfigSet), (24 bytes).
    Removing adc.o(i.ADCComparatorConfigure), (10 bytes).
    Removing adc.o(i.ADCComparatorIntClear), (4 bytes).
    Removing adc.o(i.ADCComparatorIntDisable), (14 bytes).
    Removing adc.o(i.ADCComparatorIntEnable), (14 bytes).
    Removing adc.o(i.ADCComparatorIntStatus), (6 bytes).
    Removing adc.o(i.ADCComparatorRegionSet), (16 bytes).
    Removing adc.o(i.ADCComparatorReset), (34 bytes).
    Removing adc.o(i.ADCHardwareOversampleConfigure), (18 bytes).
    Removing adc.o(i.ADCIntClear), (8 bytes).
    Removing adc.o(i.ADCIntClearEx), (4 bytes).
    Removing adc.o(i.ADCIntDisable), (12 bytes).
    Removing adc.o(i.ADCIntDisableEx), (8 bytes).
    Removing adc.o(i.ADCIntEnable), (18 bytes).
    Removing adc.o(i.ADCIntEnableEx), (8 bytes).
    Removing adc.o(i.ADCIntRegister), (38 bytes).
    Removing adc.o(i.ADCIntStatus), (54 bytes).
    Removing adc.o(i.ADCIntStatusEx), (22 bytes).
    Removing adc.o(i.ADCIntUnregister), (30 bytes).
    Removing adc.o(i.ADCPhaseDelayGet), (6 bytes).
    Removing adc.o(i.ADCPhaseDelaySet), (4 bytes).
    Removing adc.o(i.ADCProcessorTrigger), (24 bytes).
    Removing adc.o(i.ADCReferenceGet), (10 bytes).
    Removing adc.o(i.ADCReferenceSet), (12 bytes).
    Removing adc.o(i.ADCSequenceConfigure), (78 bytes).
    Removing adc.o(i.ADCSequenceDMADisable), (14 bytes).
    Removing adc.o(i.ADCSequenceDMAEnable), (14 bytes).
    Removing adc.o(i.ADCSequenceDataGet), (34 bytes).
    Removing adc.o(i.ADCSequenceDisable), (12 bytes).
    Removing adc.o(i.ADCSequenceEnable), (12 bytes).
    Removing adc.o(i.ADCSequenceOverflow), (12 bytes).
    Removing adc.o(i.ADCSequenceOverflowClear), (8 bytes).
    Removing adc.o(i.ADCSequenceStepConfigure), (136 bytes).
    Removing adc.o(i.ADCSequenceUnderflow), (12 bytes).
    Removing adc.o(i.ADCSequenceUnderflowClear), (8 bytes).
    Removing adc.o(i.ADCSoftwareOversampleConfigure), (52 bytes).
    Removing adc.o(i.ADCSoftwareOversampleDataGet), (96 bytes).
    Removing adc.o(i.ADCSoftwareOversampleStepConfigure), (144 bytes).
    Removing adc.o(i._ADCIntNumberGet), (96 bytes).
    Removing adc.o(.data), (6 bytes).
    Removing aes.o(i.AESAuthLengthSet), (4 bytes).
    Removing aes.o(i.AESConfigSet), (16 bytes).
    Removing aes.o(i.AESDMADisable), (12 bytes).
    Removing aes.o(i.AESDMAEnable), (12 bytes).
    Removing aes.o(i.AESDataAuth), (58 bytes).
    Removing aes.o(i.AESDataProcess), (68 bytes).
    Removing aes.o(i.AESDataProcessAuth), (108 bytes).
    Removing aes.o(i.AESDataRead), (30 bytes).
    Removing aes.o(i.AESDataReadNonBlocking), (34 bytes).
    Removing aes.o(i.AESDataWrite), (30 bytes).
    Removing aes.o(i.AESDataWriteNonBlocking), (34 bytes).
    Removing aes.o(i.AESIVRead), (30 bytes).
    Removing aes.o(i.AESIVSet), (18 bytes).
    Removing aes.o(i.AESIntClear), (28 bytes).
    Removing aes.o(i.AESIntDisable), (48 bytes).
    Removing aes.o(i.AESIntEnable), (48 bytes).
    Removing aes.o(i.AESIntRegister), (22 bytes).
    Removing aes.o(i.AESIntStatus), (80 bytes).
    Removing aes.o(i.AESIntUnregister), (18 bytes).
    Removing aes.o(i.AESKey1Set), (42 bytes).
    Removing aes.o(i.AESKey2Set), (42 bytes).
    Removing aes.o(i.AESKey3Set), (18 bytes).
    Removing aes.o(i.AESLengthSet), (6 bytes).
    Removing aes.o(i.AESReset), (28 bytes).
    Removing aes.o(i.AESTagRead), (30 bytes).
    Removing can.o(i.CANBitRateSet), (120 bytes).
    Removing can.o(i.CANBitTimingGet), (48 bytes).
    Removing can.o(i.CANBitTimingSet), (88 bytes).
    Removing can.o(i.CANDisable), (10 bytes).
    Removing can.o(i.CANEnable), (10 bytes).
    Removing can.o(i.CANErrCntrGet), (32 bytes).
    Removing can.o(i.CANInit), (82 bytes).
    Removing can.o(i.CANIntClear), (46 bytes).
    Removing can.o(i.CANIntDisable), (8 bytes).
    Removing can.o(i.CANIntEnable), (8 bytes).
    Removing can.o(i.CANIntRegister), (30 bytes).
    Removing can.o(i.CANIntStatus), (38 bytes).
    Removing can.o(i.CANIntUnregister), (26 bytes).
    Removing can.o(i.CANMessageClear), (30 bytes).
    Removing can.o(i.CANMessageGet), (382 bytes).
    Removing can.o(i.CANMessageSet), (384 bytes).
    Removing can.o(i.CANRetryGet), (18 bytes).
    Removing can.o(i.CANRetrySet), (20 bytes).
    Removing can.o(i.CANStatusGet), (78 bytes).
    Removing can.o(i._CANDataRegRead), (36 bytes).
    Removing can.o(i._CANDataRegWrite), (36 bytes).
    Removing can.o(i._CANIntNumberGet), (96 bytes).
    Removing can.o(.constdata), (32 bytes).
    Removing comp.o(i.ComparatorConfigure), (8 bytes).
    Removing comp.o(i.ComparatorIntClear), (8 bytes).
    Removing comp.o(i.ComparatorIntDisable), (12 bytes).
    Removing comp.o(i.ComparatorIntEnable), (12 bytes).
    Removing comp.o(i.ComparatorIntRegister), (38 bytes).
    Removing comp.o(i.ComparatorIntStatus), (24 bytes).
    Removing comp.o(i.ComparatorIntUnregister), (34 bytes).
    Removing comp.o(i.ComparatorRefSet), (4 bytes).
    Removing comp.o(i.ComparatorValueGet), (22 bytes).
    Removing cpu.o(.emb_text), (38 bytes).
    Removing crc.o(i.CRCConfigSet), (6 bytes).
    Removing crc.o(i.CRCDataProcess), (68 bytes).
    Removing crc.o(i.CRCDataWrite), (6 bytes).
    Removing crc.o(i.CRCResultRead), (16 bytes).
    Removing crc.o(i.CRCSeedSet), (6 bytes).
    Removing des.o(i.DESConfigSet), (12 bytes).
    Removing des.o(i.DESDMADisable), (8 bytes).
    Removing des.o(i.DESDMAEnable), (8 bytes).
    Removing des.o(i.DESDataProcess), (76 bytes).
    Removing des.o(i.DESDataRead), (32 bytes).
    Removing des.o(i.DESDataReadNonBlocking), (36 bytes).
    Removing des.o(i.DESDataWrite), (28 bytes).
    Removing des.o(i.DESDataWriteNonBlocking), (32 bytes).
    Removing des.o(i.DESIVSet), (26 bytes).
    Removing des.o(i.DESIntClear), (12 bytes).
    Removing des.o(i.DESIntDisable), (28 bytes).
    Removing des.o(i.DESIntEnable), (28 bytes).
    Removing des.o(i.DESIntRegister), (22 bytes).
    Removing des.o(i.DESIntStatus), (38 bytes).
    Removing des.o(i.DESIntUnregister), (18 bytes).
    Removing des.o(i.DESKeySet), (34 bytes).
    Removing des.o(i.DESLengthSet), (4 bytes).
    Removing des.o(i.DESReset), (22 bytes).
    Removing eeprom.o(i.EEPROMBlockCountGet), (16 bytes).
    Removing eeprom.o(i.EEPROMBlockHide), (16 bytes).
    Removing eeprom.o(i.EEPROMBlockLock), (24 bytes).
    Removing eeprom.o(i.EEPROMBlockPasswordSet), (52 bytes).
    Removing eeprom.o(i.EEPROMBlockProtectGet), (16 bytes).
    Removing eeprom.o(i.EEPROMBlockProtectSet), (32 bytes).
    Removing eeprom.o(i.EEPROMBlockUnlock), (48 bytes).
    Removing eeprom.o(i.EEPROMInit), (68 bytes).
    Removing eeprom.o(i.EEPROMIntClear), (56 bytes).
    Removing eeprom.o(i.EEPROMIntDisable), (36 bytes).
    Removing eeprom.o(i.EEPROMIntEnable), (36 bytes).
    Removing eeprom.o(i.EEPROMIntStatus), (48 bytes).
    Removing eeprom.o(i.EEPROMMassErase), (88 bytes).
    Removing eeprom.o(i.EEPROMProgram), (208 bytes).
    Removing eeprom.o(i.EEPROMProgramNonBlocking), (72 bytes).
    Removing eeprom.o(i.EEPROMRead), (56 bytes).
    Removing eeprom.o(i.EEPROMSizeGet), (16 bytes).
    Removing eeprom.o(i.EEPROMStatusGet), (12 bytes).
    Removing eeprom.o(i._EEPROMSectorMaskClear), (56 bytes).
    Removing eeprom.o(i._EEPROMSectorMaskSet), (64 bytes).
    Removing eeprom.o(i._EEPROMWaitForDone), (20 bytes).
    Removing emac.o(i.EMACAddrFilterGet), (14 bytes).
    Removing emac.o(i.EMACAddrFilterSet), (32 bytes).
    Removing emac.o(i.EMACAddrGet), (38 bytes).
    Removing emac.o(i.EMACAddrSet), (56 bytes).
    Removing emac.o(i.EMACConfigGet), (64 bytes).
    Removing emac.o(i.EMACConfigSet), (52 bytes).
    Removing emac.o(i.EMACDMAStateGet), (16 bytes).
    Removing emac.o(i.EMACFrameFilterGet), (16 bytes).
    Removing emac.o(i.EMACFrameFilterSet), (16 bytes).
    Removing emac.o(i.EMACHashFilterBitCalculate), (48 bytes).
    Removing emac.o(i.EMACHashFilterGet), (10 bytes).
    Removing emac.o(i.EMACHashFilterSet), (6 bytes).
    Removing emac.o(i.EMACInit), (168 bytes).
    Removing emac.o(i.EMACIntClear), (58 bytes).
    Removing emac.o(i.EMACIntDisable), (60 bytes).
    Removing emac.o(i.EMACIntEnable), (64 bytes).
    Removing emac.o(i.EMACIntRegister), (22 bytes).
    Removing emac.o(i.EMACIntStatus), (52 bytes).
    Removing emac.o(i.EMACIntUnregister), (18 bytes).
    Removing emac.o(i.EMACLPIConfig), (36 bytes).
    Removing emac.o(i.EMACLPIEnter), (10 bytes).
    Removing emac.o(i.EMACLPILinkClear), (10 bytes).
    Removing emac.o(i.EMACLPILinkSet), (10 bytes).
    Removing emac.o(i.EMACLPIStatus), (8 bytes).
    Removing emac.o(i.EMACNumAddrGet), (6 bytes).
    Removing emac.o(i.EMACPHYConfigSet), (108 bytes).
    Removing emac.o(i.EMACPHYExtendedRead), (64 bytes).
    Removing emac.o(i.EMACPHYExtendedWrite), (68 bytes).
    Removing emac.o(i.EMACPHYMMDRead), (64 bytes).
    Removing emac.o(i.EMACPHYMMDWrite), (68 bytes).
    Removing emac.o(i.EMACPHYPowerOff), (38 bytes).
    Removing emac.o(i.EMACPHYPowerOn), (38 bytes).
    Removing emac.o(i.EMACPHYRead), (50 bytes).
    Removing emac.o(i.EMACPHYWrite), (48 bytes).
    Removing emac.o(i.EMACPowerManagementControlGet), (12 bytes).
    Removing emac.o(i.EMACPowerManagementControlSet), (16 bytes).
    Removing emac.o(i.EMACPowerManagementStatusGet), (10 bytes).
    Removing emac.o(i.EMACRemoteWakeUpFrameFilterGet), (32 bytes).
    Removing emac.o(i.EMACRemoteWakeUpFrameFilterSet), (32 bytes).
    Removing emac.o(i.EMACReset), (28 bytes).
    Removing emac.o(i.EMACRxDMACurrentBufferGet), (8 bytes).
    Removing emac.o(i.EMACRxDMACurrentDescriptorGet), (8 bytes).
    Removing emac.o(i.EMACRxDMADescriptorListGet), (8 bytes).
    Removing emac.o(i.EMACRxDMADescriptorListSet), (6 bytes).
    Removing emac.o(i.EMACRxDMAPollDemand), (8 bytes).
    Removing emac.o(i.EMACRxDisable), (22 bytes).
    Removing emac.o(i.EMACRxEnable), (22 bytes).
    Removing emac.o(i.EMACRxWatchdogTimerSet), (6 bytes).
    Removing emac.o(i.EMACStatusGet), (6 bytes).
    Removing emac.o(i.EMACTimestampAddendSet), (32 bytes).
    Removing emac.o(i.EMACTimestampConfigGet), (16 bytes).
    Removing emac.o(i.EMACTimestampConfigSet), (24 bytes).
    Removing emac.o(i.EMACTimestampDisable), (14 bytes).
    Removing emac.o(i.EMACTimestampEnable), (36 bytes).
    Removing emac.o(i.EMACTimestampIntStatus), (8 bytes).
    Removing emac.o(i.EMACTimestampPPSCommand), (24 bytes).
    Removing emac.o(i.EMACTimestampPPSCommandModeSet), (24 bytes).
    Removing emac.o(i.EMACTimestampPPSPeriodSet), (10 bytes).
    Removing emac.o(i.EMACTimestampPPSSimpleModeSet), (20 bytes).
    Removing emac.o(i.EMACTimestampSysTimeGet), (28 bytes).
    Removing emac.o(i.EMACTimestampSysTimeSet), (36 bytes).
    Removing emac.o(i.EMACTimestampSysTimeUpdate), (50 bytes).
    Removing emac.o(i.EMACTimestampTargetIntDisable), (14 bytes).
    Removing emac.o(i.EMACTimestampTargetIntEnable), (14 bytes).
    Removing emac.o(i.EMACTimestampTargetSet), (24 bytes).
    Removing emac.o(i.EMACTxDMACurrentBufferGet), (8 bytes).
    Removing emac.o(i.EMACTxDMACurrentDescriptorGet), (8 bytes).
    Removing emac.o(i.EMACTxDMADescriptorListGet), (8 bytes).
    Removing emac.o(i.EMACTxDMADescriptorListSet), (6 bytes).
    Removing emac.o(i.EMACTxDMAPollDemand), (8 bytes).
    Removing emac.o(i.EMACTxDisable), (22 bytes).
    Removing emac.o(i.EMACTxEnable), (22 bytes).
    Removing emac.o(i.EMACTxFlush), (36 bytes).
    Removing emac.o(i.EMACVLANHashFilterBitCalculate), (42 bytes).
    Removing emac.o(i.EMACVLANHashFilterGet), (8 bytes).
    Removing emac.o(i.EMACVLANHashFilterSet), (6 bytes).
    Removing emac.o(i.EMACVLANRxConfigGet), (12 bytes).
    Removing emac.o(i.EMACVLANRxConfigSet), (8 bytes).
    Removing emac.o(i.EMACVLANTxConfigGet), (14 bytes).
    Removing emac.o(i.EMACVLANTxConfigSet), (10 bytes).
    Removing emac.o(i.EMACWoLEnter), (56 bytes).
    Removing emac.o(.constdata), (24 bytes).
    Removing epi.o(i.EPIAddressMapSet), (4 bytes).
    Removing epi.o(i.EPIConfigGPModeSet), (14 bytes).
    Removing epi.o(i.EPIConfigHB16CSSet), (48 bytes).
    Removing epi.o(i.EPIConfigHB16Set), (38 bytes).
    Removing epi.o(i.EPIConfigHB16TimingSet), (12 bytes).
    Removing epi.o(i.EPIConfigHB8CSSet), (48 bytes).
    Removing epi.o(i.EPIConfigHB8Set), (38 bytes).
    Removing epi.o(i.EPIConfigHB8TimingSet), (12 bytes).
    Removing epi.o(i.EPIConfigSDRAMSet), (16 bytes).
    Removing epi.o(i.EPIDMATxCount), (8 bytes).
    Removing epi.o(i.EPIDividerCSSet), (64 bytes).
    Removing epi.o(i.EPIDividerSet), (4 bytes).
    Removing epi.o(i.EPIFIFOConfig), (6 bytes).
    Removing epi.o(i.EPIIntDisable), (12 bytes).
    Removing epi.o(i.EPIIntEnable), (12 bytes).
    Removing epi.o(i.EPIIntErrorClear), (6 bytes).
    Removing epi.o(i.EPIIntErrorStatus), (8 bytes).
    Removing epi.o(i.EPIIntRegister), (30 bytes).
    Removing epi.o(i.EPIIntStatus), (16 bytes).
    Removing epi.o(i.EPIIntUnregister), (26 bytes).
    Removing epi.o(i.EPIModeSet), (4 bytes).
    Removing epi.o(i.EPINonBlockingReadAvail), (6 bytes).
    Removing epi.o(i.EPINonBlockingReadConfigure), (16 bytes).
    Removing epi.o(i.EPINonBlockingReadCount), (12 bytes).
    Removing epi.o(i.EPINonBlockingReadGet16), (30 bytes).
    Removing epi.o(i.EPINonBlockingReadGet32), (30 bytes).
    Removing epi.o(i.EPINonBlockingReadGet8), (30 bytes).
    Removing epi.o(i.EPINonBlockingReadStart), (12 bytes).
    Removing epi.o(i.EPINonBlockingReadStop), (14 bytes).
    Removing epi.o(i.EPIPSRAMConfigRegGet), (46 bytes).
    Removing epi.o(i.EPIPSRAMConfigRegGetNonBlocking), (52 bytes).
    Removing epi.o(i.EPIPSRAMConfigRegRead), (36 bytes).
    Removing epi.o(i.EPIPSRAMConfigRegSet), (44 bytes).
    Removing epi.o(i.EPIWriteFIFOCountGet), (8 bytes).
    Removing epi.o(i._EPIIntNumberGet), (36 bytes).
    Removing flash.o(i.FlashAllUserRegisterGet), (44 bytes).
    Removing flash.o(i.FlashAllUserRegisterSave), (48 bytes).
    Removing flash.o(i.FlashAllUserRegisterSet), (36 bytes).
    Removing flash.o(i.FlashErase), (64 bytes).
    Removing flash.o(i.FlashIntClear), (12 bytes).
    Removing flash.o(i.FlashIntDisable), (16 bytes).
    Removing flash.o(i.FlashIntEnable), (16 bytes).
    Removing flash.o(i.FlashIntRegister), (20 bytes).
    Removing flash.o(i.FlashIntStatus), (20 bytes).
    Removing flash.o(i.FlashIntUnregister), (16 bytes).
    Removing flash.o(i.FlashProgram), (112 bytes).
    Removing flash.o(i.FlashProtectGet), (88 bytes).
    Removing flash.o(i.FlashProtectSave), (48 bytes).
    Removing flash.o(i.FlashProtectSet), (144 bytes).
    Removing flash.o(i.FlashUserGet), (28 bytes).
    Removing flash.o(i.FlashUserSave), (64 bytes).
    Removing flash.o(i.FlashUserSet), (24 bytes).
    Removing flash.o(.constdata), (128 bytes).
    Removing fpu.o(i.FPUDisable), (20 bytes).
    Removing fpu.o(i.FPUEnable), (20 bytes).
    Removing fpu.o(i.FPUFlushToZeroModeSet), (20 bytes).
    Removing fpu.o(i.FPUHalfPrecisionModeSet), (20 bytes).
    Removing fpu.o(i.FPULazyStackingEnable), (20 bytes).
    Removing fpu.o(i.FPUNaNModeSet), (20 bytes).
    Removing fpu.o(i.FPURoundingModeSet), (20 bytes).
    Removing fpu.o(i.FPUStackingDisable), (20 bytes).
    Removing fpu.o(i.FPUStackingEnable), (24 bytes).
    Removing gpio.o(i.GPIOADCTriggerDisable), (12 bytes).
    Removing gpio.o(i.GPIOADCTriggerEnable), (12 bytes).
    Removing gpio.o(i.GPIODMATriggerDisable), (12 bytes).
    Removing gpio.o(i.GPIODMATriggerEnable), (12 bytes).
    Removing gpio.o(i.GPIODirModeGet), (46 bytes).
    Removing gpio.o(i.GPIODirModeSet), (50 bytes).
    Removing gpio.o(i.GPIOIntClear), (6 bytes).
    Removing gpio.o(i.GPIOIntDisable), (12 bytes).
    Removing gpio.o(i.GPIOIntEnable), (12 bytes).
    Removing gpio.o(i.GPIOIntRegister), (30 bytes).
    Removing gpio.o(i.GPIOIntRegisterPin), (36 bytes).
    Removing gpio.o(i.GPIOIntStatus), (16 bytes).
    Removing gpio.o(i.GPIOIntTypeGet), (84 bytes).
    Removing gpio.o(i.GPIOIntTypeSet), (102 bytes).
    Removing gpio.o(i.GPIOIntUnregister), (26 bytes).
    Removing gpio.o(i.GPIOIntUnregisterPin), (28 bytes).
    Removing gpio.o(i.GPIOPadConfigGet), (206 bytes).
    Removing gpio.o(i.GPIOPadConfigSet), (342 bytes).
    Removing gpio.o(i.GPIOPinConfigure), (80 bytes).
    Removing gpio.o(i.GPIOPinRead), (12 bytes).
    Removing gpio.o(i.GPIOPinTypeADC), (30 bytes).
    Removing gpio.o(i.GPIOPinTypeCAN), (30 bytes).
    Removing gpio.o(i.GPIOPinTypeComparator), (30 bytes).
    Removing gpio.o(i.GPIOPinTypeComparatorOutput), (30 bytes).
    Removing gpio.o(i.GPIOPinTypeDIVSCLK), (30 bytes).
    Removing gpio.o(i.GPIOPinTypeEPI), (30 bytes).
    Removing gpio.o(i.GPIOPinTypeEthernetLED), (30 bytes).
    Removing gpio.o(i.GPIOPinTypeEthernetMII), (30 bytes).
    Removing gpio.o(i.GPIOPinTypeGPIOInput), (30 bytes).
    Removing gpio.o(i.GPIOPinTypeGPIOOutput), (30 bytes).
    Removing gpio.o(i.GPIOPinTypeGPIOOutputOD), (30 bytes).
    Removing gpio.o(i.GPIOPinTypeHibernateRTCCLK), (30 bytes).
    Removing gpio.o(i.GPIOPinTypeI2C), (30 bytes).
    Removing gpio.o(i.GPIOPinTypeI2CSCL), (30 bytes).
    Removing gpio.o(i.GPIOPinTypeLCD), (30 bytes).
    Removing gpio.o(i.GPIOPinTypeOneWire), (30 bytes).
    Removing gpio.o(i.GPIOPinTypePWM), (30 bytes).
    Removing gpio.o(i.GPIOPinTypeQEI), (30 bytes).
    Removing gpio.o(i.GPIOPinTypeSSI), (30 bytes).
    Removing gpio.o(i.GPIOPinTypeTimer), (30 bytes).
    Removing gpio.o(i.GPIOPinTypeTrace), (30 bytes).
    Removing gpio.o(i.GPIOPinTypeUART), (30 bytes).
    Removing gpio.o(i.GPIOPinTypeUSBAnalog), (30 bytes).
    Removing gpio.o(i.GPIOPinTypeUSBDigital), (30 bytes).
    Removing gpio.o(i.GPIOPinTypeWakeHigh), (32 bytes).
    Removing gpio.o(i.GPIOPinTypeWakeLow), (32 bytes).
    Removing gpio.o(i.GPIOPinWakeStatus), (8 bytes).
    Removing gpio.o(i.GPIOPinWrite), (10 bytes).
    Removing gpio.o(i._GPIOIntNumberGet), (76 bytes).
    Removing gpio.o(.constdata), (552 bytes).
    Removing hibernate.o(i.HibernateBatCheckDone), (16 bytes).
    Removing hibernate.o(i.HibernateBatCheckStart), (24 bytes).
    Removing hibernate.o(i.HibernateCalendarGet), (124 bytes).
    Removing hibernate.o(i.HibernateCalendarMatchGet), (132 bytes).
    Removing hibernate.o(i.HibernateCalendarMatchSet), (20 bytes).
    Removing hibernate.o(i.HibernateCalendarSet), (20 bytes).
    Removing hibernate.o(i.HibernateClockConfig), (80 bytes).
    Removing hibernate.o(i.HibernateCounterMode), (20 bytes).
    Removing hibernate.o(i.HibernateDataGet), (32 bytes).
    Removing hibernate.o(i.HibernateDataSet), (40 bytes).
    Removing hibernate.o(i.HibernateDisable), (24 bytes).
    Removing hibernate.o(i.HibernateEnableExpClk), (28 bytes).
    Removing hibernate.o(i.HibernateGPIORetentionDisable), (28 bytes).
    Removing hibernate.o(i.HibernateGPIORetentionEnable), (28 bytes).
    Removing hibernate.o(i.HibernateGPIORetentionGet), (28 bytes).
    Removing hibernate.o(i.HibernateIntClear), (24 bytes).
    Removing hibernate.o(i.HibernateIntDisable), (24 bytes).
    Removing hibernate.o(i.HibernateIntEnable), (24 bytes).
    Removing hibernate.o(i.HibernateIntRegister), (26 bytes).
    Removing hibernate.o(i.HibernateIntStatus), (24 bytes).
    Removing hibernate.o(i.HibernateIntUnregister), (22 bytes).
    Removing hibernate.o(i.HibernateIsActive), (16 bytes).
    Removing hibernate.o(i.HibernateLowBatGet), (16 bytes).
    Removing hibernate.o(i.HibernateLowBatSet), (32 bytes).
    Removing hibernate.o(i.HibernateRTCDisable), (24 bytes).
    Removing hibernate.o(i.HibernateRTCEnable), (24 bytes).
    Removing hibernate.o(i.HibernateRTCGet), (12 bytes).
    Removing hibernate.o(i.HibernateRTCMatchGet), (12 bytes).
    Removing hibernate.o(i.HibernateRTCMatchSet), (20 bytes).
    Removing hibernate.o(i.HibernateRTCSSGet), (16 bytes).
    Removing hibernate.o(i.HibernateRTCSSMatchGet), (16 bytes).
    Removing hibernate.o(i.HibernateRTCSSMatchSet), (24 bytes).
    Removing hibernate.o(i.HibernateRTCSet), (48 bytes).
    Removing hibernate.o(i.HibernateRTCTrimGet), (12 bytes).
    Removing hibernate.o(i.HibernateRTCTrimSet), (20 bytes).
    Removing hibernate.o(i.HibernateRequest), (24 bytes).
    Removing hibernate.o(i.HibernateTamperDisable), (60 bytes).
    Removing hibernate.o(i.HibernateTamperEnable), (60 bytes).
    Removing hibernate.o(i.HibernateTamperEventsClear), (60 bytes).
    Removing hibernate.o(i.HibernateTamperEventsClearNoLock), (24 bytes).
    Removing hibernate.o(i.HibernateTamperEventsConfig), (64 bytes).
    Removing hibernate.o(i.HibernateTamperEventsGet), (104 bytes).
    Removing hibernate.o(i.HibernateTamperExtOscRecover), (60 bytes).
    Removing hibernate.o(i.HibernateTamperExtOscValid), (20 bytes).
    Removing hibernate.o(i.HibernateTamperIODisable), (68 bytes).
    Removing hibernate.o(i.HibernateTamperIOEnable), (84 bytes).
    Removing hibernate.o(i.HibernateTamperLock), (24 bytes).
    Removing hibernate.o(i.HibernateTamperStatusGet), (60 bytes).
    Removing hibernate.o(i.HibernateTamperUnLock), (24 bytes).
    Removing hibernate.o(i.HibernateWakeGet), (64 bytes).
    Removing hibernate.o(i.HibernateWakeSet), (124 bytes).
    Removing hibernate.o(i._HibernateCalendarSet), (256 bytes).
    Removing hibernate.o(i._HibernateIntNumberGet), (36 bytes).
    Removing hibernate.o(i._HibernateWriteComplete), (20 bytes).
    Removing i2c.o(i.I2CFIFODataGet), (22 bytes).
    Removing i2c.o(i.I2CFIFODataGetNonBlocking), (26 bytes).
    Removing i2c.o(i.I2CFIFODataPut), (20 bytes).
    Removing i2c.o(i.I2CFIFODataPutNonBlocking), (24 bytes).
    Removing i2c.o(i.I2CFIFOStatus), (8 bytes).
    Removing i2c.o(i.I2CIntRegister), (30 bytes).
    Removing i2c.o(i.I2CIntUnregister), (26 bytes).
    Removing i2c.o(i.I2CLoopbackEnable), (10 bytes).
    Removing i2c.o(i.I2CMasterBurstCountGet), (6 bytes).
    Removing i2c.o(i.I2CMasterBurstLengthSet), (4 bytes).
    Removing i2c.o(i.I2CMasterBusBusy), (18 bytes).
    Removing i2c.o(i.I2CMasterBusy), (18 bytes).
    Removing i2c.o(i.I2CMasterControl), (4 bytes).
    Removing i2c.o(i.I2CMasterDataGet), (6 bytes).
    Removing i2c.o(i.I2CMasterDataPut), (4 bytes).
    Removing i2c.o(i.I2CMasterDisable), (10 bytes).
    Removing i2c.o(i.I2CMasterEnable), (10 bytes).
    Removing i2c.o(i.I2CMasterErr), (30 bytes).
    Removing i2c.o(i.I2CMasterGlitchFilterConfigSet), (68 bytes).
    Removing i2c.o(i.I2CMasterInitExpClk), (92 bytes).
    Removing i2c.o(i.I2CMasterIntClear), (8 bytes).
    Removing i2c.o(i.I2CMasterIntClearEx), (4 bytes).
    Removing i2c.o(i.I2CMasterIntDisable), (6 bytes).
    Removing i2c.o(i.I2CMasterIntDisableEx), (8 bytes).
    Removing i2c.o(i.I2CMasterIntEnable), (6 bytes).
    Removing i2c.o(i.I2CMasterIntEnableEx), (8 bytes).
    Removing i2c.o(i.I2CMasterIntStatus), (28 bytes).
    Removing i2c.o(i.I2CMasterIntStatusEx), (12 bytes).
    Removing i2c.o(i.I2CMasterLineStateGet), (6 bytes).
    Removing i2c.o(i.I2CMasterSlaveAddrSet), (8 bytes).
    Removing i2c.o(i.I2CMasterTimeoutSet), (4 bytes).
    Removing i2c.o(i.I2CRxFIFOConfigSet), (22 bytes).
    Removing i2c.o(i.I2CRxFIFOFlush), (14 bytes).
    Removing i2c.o(i.I2CSlaveACKOverride), (30 bytes).
    Removing i2c.o(i.I2CSlaveACKValueSet), (30 bytes).
    Removing i2c.o(i.I2CSlaveAddressSet), (28 bytes).
    Removing i2c.o(i.I2CSlaveDataGet), (8 bytes).
    Removing i2c.o(i.I2CSlaveDataPut), (6 bytes).
    Removing i2c.o(i.I2CSlaveDisable), (16 bytes).
    Removing i2c.o(i.I2CSlaveEnable), (16 bytes).
    Removing i2c.o(i.I2CSlaveFIFODisable), (8 bytes).
    Removing i2c.o(i.I2CSlaveFIFOEnable), (10 bytes).
    Removing i2c.o(i.I2CSlaveInit), (18 bytes).
    Removing i2c.o(i.I2CSlaveIntClear), (8 bytes).
    Removing i2c.o(i.I2CSlaveIntClearEx), (6 bytes).
    Removing i2c.o(i.I2CSlaveIntDisable), (14 bytes).
    Removing i2c.o(i.I2CSlaveIntDisableEx), (12 bytes).
    Removing i2c.o(i.I2CSlaveIntEnable), (14 bytes).
    Removing i2c.o(i.I2CSlaveIntEnableEx), (12 bytes).
    Removing i2c.o(i.I2CSlaveIntStatus), (32 bytes).
    Removing i2c.o(i.I2CSlaveIntStatusEx), (16 bytes).
    Removing i2c.o(i.I2CSlaveStatus), (8 bytes).
    Removing i2c.o(i.I2CTxFIFOConfigSet), (24 bytes).
    Removing i2c.o(i.I2CTxFIFOFlush), (14 bytes).
    Removing i2c.o(i._I2CIntNumberGet), (76 bytes).
    Removing i2c.o(.constdata), (128 bytes).
    Removing interrupt.o(i.IntDisable), (116 bytes).
    Removing interrupt.o(i.IntEnable), (116 bytes).
    Removing interrupt.o(i.IntIsEnabled), (108 bytes).
    Removing interrupt.o(i.IntMasterDisable), (16 bytes).
    Removing interrupt.o(i.IntMasterEnable), (16 bytes).
    Removing interrupt.o(i.IntPendClear), (76 bytes).
    Removing interrupt.o(i.IntPendSet), (96 bytes).
    Removing interrupt.o(i.IntPriorityGet), (28 bytes).
    Removing interrupt.o(i.IntPriorityGroupingGet), (44 bytes).
    Removing interrupt.o(i.IntPriorityGroupingSet), (28 bytes).
    Removing interrupt.o(i.IntPriorityMaskGet), (8 bytes).
    Removing interrupt.o(i.IntPriorityMaskSet), (12 bytes).
    Removing interrupt.o(i.IntPrioritySet), (52 bytes).
    Removing interrupt.o(i.IntRegister), (60 bytes).
    Removing interrupt.o(i.IntTrigger), (16 bytes).
    Removing interrupt.o(i.IntUnregister), (20 bytes).
    Removing interrupt.o(i._IntDefaultHandler), (4 bytes).
    Removing interrupt.o(.constdata), (268 bytes).
    Removing interrupt.o(vtable), (620 bytes).
    Removing lcd.o(i.LCDClockReset), (36 bytes).
    Removing lcd.o(i.LCDDMAConfigSet), (4 bytes).
    Removing lcd.o(i.LCDIDDCommandWrite), (16 bytes).
    Removing lcd.o(i.LCDIDDConfigSet), (4 bytes).
    Removing lcd.o(i.LCDIDDDMADisable), (10 bytes).
    Removing lcd.o(i.LCDIDDDMAWrite), (50 bytes).
    Removing lcd.o(i.LCDIDDDataRead), (18 bytes).
    Removing lcd.o(i.LCDIDDDataWrite), (16 bytes).
    Removing lcd.o(i.LCDIDDIndexedRead), (32 bytes).
    Removing lcd.o(i.LCDIDDIndexedWrite), (28 bytes).
    Removing lcd.o(i.LCDIDDStatusRead), (18 bytes).
    Removing lcd.o(i.LCDIDDTimingSet), (54 bytes).
    Removing lcd.o(i.LCDIntClear), (4 bytes).
    Removing lcd.o(i.LCDIntDisable), (4 bytes).
    Removing lcd.o(i.LCDIntEnable), (4 bytes).
    Removing lcd.o(i.LCDIntRegister), (22 bytes).
    Removing lcd.o(i.LCDIntStatus), (12 bytes).
    Removing lcd.o(i.LCDIntUnregister), (18 bytes).
    Removing lcd.o(i.LCDModeSet), (36 bytes).
    Removing lcd.o(i.LCDRasterACBiasIntCountSet), (22 bytes).
    Removing lcd.o(i.LCDRasterConfigSet), (8 bytes).
    Removing lcd.o(i.LCDRasterDisable), (10 bytes).
    Removing lcd.o(i.LCDRasterEnable), (22 bytes).
    Removing lcd.o(i.LCDRasterEnabled), (10 bytes).
    Removing lcd.o(i.LCDRasterFrameBufferSet), (24 bytes).
    Removing lcd.o(i.LCDRasterPaletteSet), (126 bytes).
    Removing lcd.o(i.LCDRasterSubPanelConfigSet), (48 bytes).
    Removing lcd.o(i.LCDRasterSubPanelDisable), (10 bytes).
    Removing lcd.o(i.LCDRasterSubPanelEnable), (10 bytes).
    Removing lcd.o(i.LCDRasterTimingSet), (158 bytes).
    Removing mpu.o(i.MPUDisable), (20 bytes).
    Removing mpu.o(i.MPUEnable), (16 bytes).
    Removing mpu.o(i.MPUIntRegister), (20 bytes).
    Removing mpu.o(i.MPUIntUnregister), (16 bytes).
    Removing mpu.o(i.MPURegionCountGet), (16 bytes).
    Removing mpu.o(i.MPURegionDisable), (28 bytes).
    Removing mpu.o(i.MPURegionEnable), (28 bytes).
    Removing mpu.o(i.MPURegionGet), (28 bytes).
    Removing mpu.o(i.MPURegionSet), (32 bytes).
    Removing onewire.o(i.OneWireBusReset), (10 bytes).
    Removing onewire.o(i.OneWireBusStatus), (10 bytes).
    Removing onewire.o(i.OneWireDMADisable), (28 bytes).
    Removing onewire.o(i.OneWireDMAEnable), (84 bytes).
    Removing onewire.o(i.OneWireDataGet), (18 bytes).
    Removing onewire.o(i.OneWireDataGetNonBlocking), (22 bytes).
    Removing onewire.o(i.OneWireInit), (4 bytes).
    Removing onewire.o(i.OneWireIntClear), (6 bytes).
    Removing onewire.o(i.OneWireIntDisable), (12 bytes).
    Removing onewire.o(i.OneWireIntEnable), (12 bytes).
    Removing onewire.o(i.OneWireIntRegister), (30 bytes).
    Removing onewire.o(i.OneWireIntStatus), (16 bytes).
    Removing onewire.o(i.OneWireIntUnregister), (26 bytes).
    Removing onewire.o(i.OneWireTransaction), (68 bytes).
    Removing onewire.o(i._OneWireIntNumberGet), (36 bytes).
    Removing pwm.o(i.PWMClockGet), (28 bytes).
    Removing pwm.o(i.PWMClockSet), (18 bytes).
    Removing pwm.o(i.PWMDeadBandDisable), (14 bytes).
    Removing pwm.o(i.PWMDeadBandEnable), (18 bytes).
    Removing pwm.o(i.PWMFaultIntClear), (8 bytes).
    Removing pwm.o(i.PWMFaultIntClearExt), (4 bytes).
    Removing pwm.o(i.PWMFaultIntRegister), (30 bytes).
    Removing pwm.o(i.PWMFaultIntUnregister), (26 bytes).
    Removing pwm.o(i.PWMGenConfigure), (48 bytes).
    Removing pwm.o(i.PWMGenDisable), (10 bytes).
    Removing pwm.o(i.PWMGenEnable), (10 bytes).
    Removing pwm.o(i.PWMGenFaultClear), (36 bytes).
    Removing pwm.o(i.PWMGenFaultConfigure), (20 bytes).
    Removing pwm.o(i.PWMGenFaultStatus), (38 bytes).
    Removing pwm.o(i.PWMGenFaultTriggerGet), (16 bytes).
    Removing pwm.o(i.PWMGenFaultTriggerSet), (16 bytes).
    Removing pwm.o(i.PWMGenIntClear), (6 bytes).
    Removing pwm.o(i.PWMGenIntRegister), (38 bytes).
    Removing pwm.o(i.PWMGenIntStatus), (16 bytes).
    Removing pwm.o(i.PWMGenIntTrigDisable), (14 bytes).
    Removing pwm.o(i.PWMGenIntTrigEnable), (14 bytes).
    Removing pwm.o(i.PWMGenIntUnregister), (30 bytes).
    Removing pwm.o(i.PWMGenPeriodGet), (24 bytes).
    Removing pwm.o(i.PWMGenPeriodSet), (22 bytes).
    Removing pwm.o(i.PWMIntDisable), (8 bytes).
    Removing pwm.o(i.PWMIntEnable), (8 bytes).
    Removing pwm.o(i.PWMIntStatus), (14 bytes).
    Removing pwm.o(i.PWMOutputFault), (20 bytes).
    Removing pwm.o(i.PWMOutputFaultLevel), (20 bytes).
    Removing pwm.o(i.PWMOutputInvert), (20 bytes).
    Removing pwm.o(i.PWMOutputState), (20 bytes).
    Removing pwm.o(i.PWMOutputUpdateMode), (82 bytes).
    Removing pwm.o(i.PWMPulseWidthGet), (40 bytes).
    Removing pwm.o(i.PWMPulseWidthSet), (38 bytes).
    Removing pwm.o(i.PWMSyncTimeBase), (4 bytes).
    Removing pwm.o(i.PWMSyncUpdate), (4 bytes).
    Removing pwm.o(i._PWMFaultIntNumberGet), (84 bytes).
    Removing pwm.o(i._PWMGenIntNumberGet), (272 bytes).
    Removing qei.o(i.QEIConfigure), (14 bytes).
    Removing qei.o(i.QEIDirectionGet), (20 bytes).
    Removing qei.o(i.QEIDisable), (10 bytes).
    Removing qei.o(i.QEIEnable), (10 bytes).
    Removing qei.o(i.QEIErrorGet), (10 bytes).
    Removing qei.o(i.QEIFilterConfigure), (12 bytes).
    Removing qei.o(i.QEIFilterDisable), (10 bytes).
    Removing qei.o(i.QEIFilterEnable), (10 bytes).
    Removing qei.o(i.QEIIntClear), (4 bytes).
    Removing qei.o(i.QEIIntDisable), (8 bytes).
    Removing qei.o(i.QEIIntEnable), (8 bytes).
    Removing qei.o(i.QEIIntRegister), (30 bytes).
    Removing qei.o(i.QEIIntStatus), (12 bytes).
    Removing qei.o(i.QEIIntUnregister), (26 bytes).
    Removing qei.o(i.QEIPositionGet), (6 bytes).
    Removing qei.o(i.QEIPositionSet), (4 bytes).
    Removing qei.o(i.QEIVelocityConfigure), (16 bytes).
    Removing qei.o(i.QEIVelocityDisable), (10 bytes).
    Removing qei.o(i.QEIVelocityEnable), (10 bytes).
    Removing qei.o(i.QEIVelocityGet), (6 bytes).
    Removing qei.o(i._QEIIntNumberGet), (84 bytes).
    Removing shamd5.o(i.SHAMD5ConfigSet), (4 bytes).
    Removing shamd5.o(i.SHAMD5DMADisable), (14 bytes).
    Removing shamd5.o(i.SHAMD5DMAEnable), (14 bytes).
    Removing shamd5.o(i.SHAMD5DataProcess), (70 bytes).
    Removing shamd5.o(i.SHAMD5DataWrite), (38 bytes).
    Removing shamd5.o(i.SHAMD5DataWriteNonBlocking), (42 bytes).
    Removing shamd5.o(i.SHAMD5HMACKeySet), (24 bytes).
    Removing shamd5.o(i.SHAMD5HMACPPKeyGenerate), (74 bytes).
    Removing shamd5.o(i.SHAMD5HMACPPKeySet), (28 bytes).
    Removing shamd5.o(i.SHAMD5HMACProcess), (70 bytes).
    Removing shamd5.o(i.SHAMD5HashLengthSet), (4 bytes).
    Removing shamd5.o(i.SHAMD5IntClear), (22 bytes).
    Removing shamd5.o(i.SHAMD5IntDisable), (60 bytes).
    Removing shamd5.o(i.SHAMD5IntEnable), (54 bytes).
    Removing shamd5.o(i.SHAMD5IntRegister), (22 bytes).
    Removing shamd5.o(i.SHAMD5IntStatus), (84 bytes).
    Removing shamd5.o(i.SHAMD5IntUnregister), (18 bytes).
    Removing shamd5.o(i.SHAMD5Reset), (40 bytes).
    Removing shamd5.o(i.SHAMD5ResultRead), (70 bytes).
    Removing shamd5.o(i._SHAMD5DataWriteMultiple), (80 bytes).
    Removing ssi.o(i.SSIAdvDataPutFrameEnd), (24 bytes).
    Removing ssi.o(i.SSIAdvDataPutFrameEndNonBlocking), (28 bytes).
    Removing ssi.o(i.SSIAdvFrameHoldDisable), (10 bytes).
    Removing ssi.o(i.SSIAdvFrameHoldEnable), (10 bytes).
    Removing ssi.o(i.SSIAdvModeSet), (12 bytes).
    Removing ssi.o(i.SSIBusy), (10 bytes).
    Removing ssi.o(i.SSIClockSourceGet), (8 bytes).
    Removing ssi.o(i.SSIClockSourceSet), (6 bytes).
    Removing ssi.o(i.SSIConfigSetExpClk), (86 bytes).
    Removing ssi.o(i.SSIDMADisable), (8 bytes).
    Removing ssi.o(i.SSIDMAEnable), (8 bytes).
    Removing ssi.o(i.SSIDataGet), (18 bytes).
    Removing ssi.o(i.SSIDataGetNonBlocking), (22 bytes).
    Removing ssi.o(i.SSIDataPut), (16 bytes).
    Removing ssi.o(i.SSIDataPutNonBlocking), (20 bytes).
    Removing ssi.o(i.SSIDisable), (10 bytes).
    Removing ssi.o(i.SSIEnable), (10 bytes).
    Removing ssi.o(i.SSIIntClear), (4 bytes).
    Removing ssi.o(i.SSIIntDisable), (8 bytes).
    Removing ssi.o(i.SSIIntEnable), (8 bytes).
    Removing ssi.o(i.SSIIntRegister), (30 bytes).
    Removing ssi.o(i.SSIIntStatus), (12 bytes).
    Removing ssi.o(i.SSIIntUnregister), (26 bytes).
    Removing ssi.o(i._SSIIntNumberGet), (76 bytes).
    Removing ssi.o(.constdata), (64 bytes).
    Removing sw_crc.o(i.Crc16), (208 bytes).
    Removing sw_crc.o(i.Crc16Array), (18 bytes).
    Removing sw_crc.o(i.Crc16Array3), (156 bytes).
    Removing sw_crc.o(i.Crc32), (208 bytes).
    Removing sw_crc.o(i.Crc8CCITT), (140 bytes).
    Removing sw_crc.o(.constdata), (1792 bytes).
    Removing sysctl.o(i.SysCtlAltClkConfig), (12 bytes).
    Removing sysctl.o(i.SysCtlClockFreqSet), (708 bytes).
    Removing sysctl.o(i.SysCtlClockGet), (364 bytes).
    Removing sysctl.o(i.SysCtlClockOutConfig), (16 bytes).
    Removing sysctl.o(i.SysCtlDeepSleep), (36 bytes).
    Removing sysctl.o(i.SysCtlDeepSleepClockConfigSet), (124 bytes).
    Removing sysctl.o(i.SysCtlDeepSleepClockSet), (12 bytes).
    Removing sysctl.o(i.SysCtlDeepSleepPowerSet), (12 bytes).
    Removing sysctl.o(i.SysCtlFlashSectorSizeGet), (52 bytes).
    Removing sysctl.o(i.SysCtlFlashSizeGet), (56 bytes).
    Removing sysctl.o(i.SysCtlGPIOAHBDisable), (24 bytes).
    Removing sysctl.o(i.SysCtlGPIOAHBEnable), (24 bytes).
    Removing sysctl.o(i.SysCtlIntClear), (12 bytes).
    Removing sysctl.o(i.SysCtlIntDisable), (16 bytes).
    Removing sysctl.o(i.SysCtlIntEnable), (16 bytes).
    Removing sysctl.o(i.SysCtlIntRegister), (20 bytes).
    Removing sysctl.o(i.SysCtlIntStatus), (20 bytes).
    Removing sysctl.o(i.SysCtlIntUnregister), (16 bytes).
    Removing sysctl.o(i.SysCtlLDODeepSleepGet), (12 bytes).
    Removing sysctl.o(i.SysCtlLDODeepSleepSet), (12 bytes).
    Removing sysctl.o(i.SysCtlLDOSleepGet), (12 bytes).
    Removing sysctl.o(i.SysCtlLDOSleepSet), (12 bytes).
    Removing sysctl.o(i.SysCtlMOSCConfigSet), (12 bytes).
    Removing sysctl.o(i.SysCtlNMIClear), (16 bytes).
    Removing sysctl.o(i.SysCtlNMIStatus), (12 bytes).
    Removing sysctl.o(i.SysCtlPIOSCCalibrate), (92 bytes).
    Removing sysctl.o(i.SysCtlPWMClockGet), (28 bytes).
    Removing sysctl.o(i.SysCtlPWMClockSet), (20 bytes).
    Removing sysctl.o(i.SysCtlPeripheralClockGating), (96 bytes).
    Removing sysctl.o(i.SysCtlPeripheralDeepSleepDisable), (52 bytes).
    Removing sysctl.o(i.SysCtlPeripheralDeepSleepEnable), (52 bytes).
    Removing sysctl.o(i.SysCtlPeripheralDisable), (52 bytes).
    Removing sysctl.o(i.SysCtlPeripheralEnable), (52 bytes).
    Removing sysctl.o(i.SysCtlPeripheralPowerOff), (52 bytes).
    Removing sysctl.o(i.SysCtlPeripheralPowerOn), (52 bytes).
    Removing sysctl.o(i.SysCtlPeripheralPresent), (56 bytes).
    Removing sysctl.o(i.SysCtlPeripheralReady), (56 bytes).
    Removing sysctl.o(i.SysCtlPeripheralReset), (112 bytes).
    Removing sysctl.o(i.SysCtlPeripheralSleepDisable), (52 bytes).
    Removing sysctl.o(i.SysCtlPeripheralSleepEnable), (52 bytes).
    Removing sysctl.o(i.SysCtlReset), (20 bytes).
    Removing sysctl.o(i.SysCtlResetBehaviorGet), (12 bytes).
    Removing sysctl.o(i.SysCtlResetBehaviorSet), (12 bytes).
    Removing sysctl.o(i.SysCtlResetCauseClear), (16 bytes).
    Removing sysctl.o(i.SysCtlResetCauseGet), (12 bytes).
    Removing sysctl.o(i.SysCtlSRAMSizeGet), (16 bytes).
    Removing sysctl.o(i.SysCtlSleep), (8 bytes).
    Removing sysctl.o(i.SysCtlSleepPowerSet), (12 bytes).
    Removing sysctl.o(i.SysCtlUSBPLLDisable), (20 bytes).
    Removing sysctl.o(i.SysCtlUSBPLLEnable), (20 bytes).
    Removing sysctl.o(i.SysCtlVCOGet), (148 bytes).
    Removing sysctl.o(i.SysCtlVoltageEventClear), (16 bytes).
    Removing sysctl.o(i.SysCtlVoltageEventConfig), (12 bytes).
    Removing sysctl.o(i.SysCtlVoltageEventStatus), (12 bytes).
    Removing sysctl.o(i._SysCtlFrequencyGet), (100 bytes).
    Removing sysctl.o(i._SysCtlMemTimingGet), (40 bytes).
    Removing sysctl.o(.constdata), (596 bytes).
    Removing sysexc.o(i.SysExcIntClear), (12 bytes).
    Removing sysexc.o(i.SysExcIntDisable), (16 bytes).
    Removing sysexc.o(i.SysExcIntEnable), (16 bytes).
    Removing sysexc.o(i.SysExcIntRegister), (26 bytes).
    Removing sysexc.o(i.SysExcIntStatus), (20 bytes).
    Removing sysexc.o(i.SysExcIntUnregister), (22 bytes).
    Removing sysexc.o(i._SysExcIntNumberGet), (56 bytes).
    Removing systick.o(i.SysTickDisable), (18 bytes).
    Removing systick.o(i.SysTickEnable), (18 bytes).
    Removing systick.o(i.SysTickIntDisable), (18 bytes).
    Removing systick.o(i.SysTickIntEnable), (18 bytes).
    Removing systick.o(i.SysTickIntRegister), (30 bytes).
    Removing systick.o(i.SysTickIntUnregister), (26 bytes).
    Removing systick.o(i.SysTickPeriodGet), (10 bytes).
    Removing systick.o(i.SysTickPeriodSet), (10 bytes).
    Removing systick.o(i.SysTickValueGet), (8 bytes).
    Removing timer.o(i.TimerADCEventGet), (6 bytes).
    Removing timer.o(i.TimerADCEventSet), (4 bytes).
    Removing timer.o(i.TimerClockSourceGet), (8 bytes).
    Removing timer.o(i.TimerClockSourceSet), (6 bytes).
    Removing timer.o(i.TimerConfigure), (96 bytes).
    Removing timer.o(i.TimerControlEvent), (22 bytes).
    Removing timer.o(i.TimerControlLevel), (22 bytes).
    Removing timer.o(i.TimerControlStall), (22 bytes).
    Removing timer.o(i.TimerControlTrigger), (72 bytes).
    Removing timer.o(i.TimerControlWaitOnTrigger), (52 bytes).
    Removing timer.o(i.TimerDMAEventGet), (6 bytes).
    Removing timer.o(i.TimerDMAEventSet), (4 bytes).
    Removing timer.o(i.TimerDisable), (14 bytes).
    Removing timer.o(i.TimerEnable), (14 bytes).
    Removing timer.o(i.TimerIntClear), (4 bytes).
    Removing timer.o(i.TimerIntDisable), (8 bytes).
    Removing timer.o(i.TimerIntEnable), (8 bytes).
    Removing timer.o(i.TimerIntRegister), (38 bytes).
    Removing timer.o(i.TimerIntStatus), (12 bytes).
    Removing timer.o(i.TimerIntUnregister), (30 bytes).
    Removing timer.o(i.TimerLoadGet), (14 bytes).
    Removing timer.o(i.TimerLoadGet64), (26 bytes).
    Removing timer.o(i.TimerLoadSet), (16 bytes).
    Removing timer.o(i.TimerLoadSet64), (6 bytes).
    Removing timer.o(i.TimerMatchGet), (14 bytes).
    Removing timer.o(i.TimerMatchGet64), (26 bytes).
    Removing timer.o(i.TimerMatchSet), (16 bytes).
    Removing timer.o(i.TimerMatchSet64), (6 bytes).
    Removing timer.o(i.TimerPrescaleGet), (14 bytes).
    Removing timer.o(i.TimerPrescaleMatchGet), (14 bytes).
    Removing timer.o(i.TimerPrescaleMatchSet), (16 bytes).
    Removing timer.o(i.TimerPrescaleSet), (16 bytes).
    Removing timer.o(i.TimerRTCDisable), (10 bytes).
    Removing timer.o(i.TimerRTCEnable), (10 bytes).
    Removing timer.o(i.TimerSynchronize), (4 bytes).
    Removing timer.o(i.TimerUpdateMode), (42 bytes).
    Removing timer.o(i.TimerValueGet), (14 bytes).
    Removing timer.o(i.TimerValueGet64), (26 bytes).
    Removing timer.o(i._TimerIntNumberGet), (88 bytes).
    Removing timer.o(.constdata), (160 bytes).
    Removing uart.o(i.UART9BitAddrSend), (44 bytes).
    Removing uart.o(i.UART9BitAddrSet), (10 bytes).
    Removing uart.o(i.UART9BitDisable), (14 bytes).
    Removing uart.o(i.UART9BitEnable), (14 bytes).
    Removing uart.o(i.UARTBreakCtl), (20 bytes).
    Removing uart.o(i.UARTBusy), (10 bytes).
    Removing uart.o(i.UARTCharGet), (18 bytes).
    Removing uart.o(i.UARTCharGetNonBlocking), (20 bytes).
    Removing uart.o(i.UARTCharPut), (16 bytes).
    Removing uart.o(i.UARTCharPutNonBlocking), (20 bytes).
    Removing uart.o(i.UARTCharsAvail), (12 bytes).
    Removing uart.o(i.UARTClockSourceGet), (8 bytes).
    Removing uart.o(i.UARTClockSourceSet), (6 bytes).
    Removing uart.o(i.UARTConfigGetExpClk), (44 bytes).
    Removing uart.o(i.UARTConfigSetExpClk), (76 bytes).
    Removing uart.o(i.UARTDMADisable), (8 bytes).
    Removing uart.o(i.UARTDMAEnable), (8 bytes).
    Removing uart.o(i.UARTDisable), (32 bytes).
    Removing uart.o(i.UARTDisableSIR), (10 bytes).
    Removing uart.o(i.UARTEnable), (20 bytes).
    Removing uart.o(i.UARTEnableSIR), (22 bytes).
    Removing uart.o(i.UARTFIFODisable), (10 bytes).
    Removing uart.o(i.UARTFIFOEnable), (10 bytes).
    Removing uart.o(i.UARTFIFOLevelGet), (18 bytes).
    Removing uart.o(i.UARTFIFOLevelSet), (8 bytes).
    Removing uart.o(i.UARTFlowControlGet), (10 bytes).
    Removing uart.o(i.UARTFlowControlSet), (12 bytes).
    Removing uart.o(i.UARTIntClear), (4 bytes).
    Removing uart.o(i.UARTIntDisable), (8 bytes).
    Removing uart.o(i.UARTIntEnable), (8 bytes).
    Removing uart.o(i.UARTIntRegister), (30 bytes).
    Removing uart.o(i.UARTIntStatus), (12 bytes).
    Removing uart.o(i.UARTIntUnregister), (26 bytes).
    Removing uart.o(i.UARTLoopbackEnable), (10 bytes).
    Removing uart.o(i.UARTModemControlClear), (12 bytes).
    Removing uart.o(i.UARTModemControlGet), (10 bytes).
    Removing uart.o(i.UARTModemControlSet), (12 bytes).
    Removing uart.o(i.UARTModemStatusGet), (12 bytes).
    Removing uart.o(i.UARTParityModeGet), (10 bytes).
    Removing uart.o(i.UARTParityModeSet), (12 bytes).
    Removing uart.o(i.UARTRxErrorClear), (6 bytes).
    Removing uart.o(i.UARTRxErrorGet), (10 bytes).
    Removing uart.o(i.UARTSmartCardDisable), (10 bytes).
    Removing uart.o(i.UARTSmartCardEnable), (22 bytes).
    Removing uart.o(i.UARTSpaceAvail), (12 bytes).
    Removing uart.o(i.UARTTxIntModeGet), (10 bytes).
    Removing uart.o(i.UARTTxIntModeSet), (12 bytes).
    Removing uart.o(i._UARTIntNumberGet), (76 bytes).
    Removing uart.o(.constdata), (128 bytes).
    Removing udma.o(i.uDMAChannelAssign), (40 bytes).
    Removing udma.o(i.uDMAChannelAttributeDisable), (68 bytes).
    Removing udma.o(i.uDMAChannelAttributeEnable), (68 bytes).
    Removing udma.o(i.uDMAChannelAttributeGet), (80 bytes).
    Removing udma.o(i.uDMAChannelControlSet), (40 bytes).
    Removing udma.o(i.uDMAChannelDisable), (20 bytes).
    Removing udma.o(i.uDMAChannelEnable), (20 bytes).
    Removing udma.o(i.uDMAChannelIsEnabled), (32 bytes).
    Removing udma.o(i.uDMAChannelModeGet), (48 bytes).
    Removing udma.o(i.uDMAChannelRequest), (20 bytes).
    Removing udma.o(i.uDMAChannelScatterGatherSet), (92 bytes).
    Removing udma.o(i.uDMAChannelSelectDefault), (16 bytes).
    Removing udma.o(i.uDMAChannelSelectSecondary), (16 bytes).
    Removing udma.o(i.uDMAChannelSizeGet), (44 bytes).
    Removing udma.o(i.uDMAChannelTransferSet), (176 bytes).
    Removing udma.o(i.uDMAControlAlternateBaseGet), (12 bytes).
    Removing udma.o(i.uDMAControlBaseGet), (12 bytes).
    Removing udma.o(i.uDMAControlBaseSet), (12 bytes).
    Removing udma.o(i.uDMADisable), (12 bytes).
    Removing udma.o(i.uDMAEnable), (12 bytes).
    Removing udma.o(i.uDMAErrorStatusClear), (12 bytes).
    Removing udma.o(i.uDMAErrorStatusGet), (12 bytes).
    Removing udma.o(i.uDMAIntClear), (12 bytes).
    Removing udma.o(i.uDMAIntRegister), (22 bytes).
    Removing udma.o(i.uDMAIntStatus), (12 bytes).
    Removing udma.o(i.uDMAIntUnregister), (18 bytes).
    Removing usb.o(i.USBClockDisable), (8 bytes).
    Removing usb.o(i.USBClockEnable), (10 bytes).
    Removing usb.o(i.USBControllerVersion), (12 bytes).
    Removing usb.o(i.USBDMAChannelAddressGet), (12 bytes).
    Removing usb.o(i.USBDMAChannelAddressSet), (12 bytes).
    Removing usb.o(i.USBDMAChannelConfigSet), (26 bytes).
    Removing usb.o(i.USBDMAChannelCountGet), (12 bytes).
    Removing usb.o(i.USBDMAChannelCountSet), (12 bytes).
    Removing usb.o(i.USBDMAChannelDisable), (24 bytes).
    Removing usb.o(i.USBDMAChannelEnable), (24 bytes).
    Removing usb.o(i.USBDMAChannelIntDisable), (24 bytes).
    Removing usb.o(i.USBDMAChannelIntEnable), (24 bytes).
    Removing usb.o(i.USBDMAChannelIntStatus), (8 bytes).
    Removing usb.o(i.USBDMAChannelStatus), (16 bytes).
    Removing usb.o(i.USBDMAChannelStatusClear), (26 bytes).
    Removing usb.o(i.USBDMANumChannels), (10 bytes).
    Removing usb.o(i.USBDevAddrGet), (6 bytes).
    Removing usb.o(i.USBDevAddrSet), (4 bytes).
    Removing usb.o(i.USBDevConnect), (10 bytes).
    Removing usb.o(i.USBDevDisconnect), (10 bytes).
    Removing usb.o(i.USBDevEndpointConfigGet), (200 bytes).
    Removing usb.o(i.USBDevEndpointConfigSet), (174 bytes).
    Removing usb.o(i.USBDevEndpointDataAck), (44 bytes).
    Removing usb.o(i.USBDevEndpointStall), (68 bytes).
    Removing usb.o(i.USBDevEndpointStallClear), (92 bytes).
    Removing usb.o(i.USBDevEndpointStatusClear), (112 bytes).
    Removing usb.o(i.USBDevLPMConfig), (6 bytes).
    Removing usb.o(i.USBDevLPMDisable), (14 bytes).
    Removing usb.o(i.USBDevLPMEnable), (14 bytes).
    Removing usb.o(i.USBDevLPMRemoteWake), (14 bytes).
    Removing usb.o(i.USBDevMode), (8 bytes).
    Removing usb.o(i.USBDevSpeedGet), (18 bytes).
    Removing usb.o(i.USBEndpointDMAChannel), (34 bytes).
    Removing usb.o(i.USBEndpointDMAConfigSet), (112 bytes).
    Removing usb.o(i.USBEndpointDMADisable), (60 bytes).
    Removing usb.o(i.USBEndpointDMAEnable), (60 bytes).
    Removing usb.o(i.USBEndpointDataAvail), (34 bytes).
    Removing usb.o(i.USBEndpointDataGet), (82 bytes).
    Removing usb.o(i.USBEndpointDataPut), (54 bytes).
    Removing usb.o(i.USBEndpointDataSend), (58 bytes).
    Removing usb.o(i.USBEndpointDataToggleClear), (52 bytes).
    Removing usb.o(i.USBEndpointPacketCountSet), (18 bytes).
    Removing usb.o(i.USBEndpointStatus), (28 bytes).
    Removing usb.o(i.USBFIFOAddrGet), (12 bytes).
    Removing usb.o(i.USBFIFOConfigGet), (88 bytes).
    Removing usb.o(i.USBFIFOConfigSet), (92 bytes).
    Removing usb.o(i.USBFIFOFlush), (96 bytes).
    Removing usb.o(i.USBFrameNumberGet), (6 bytes).
    Removing usb.o(i.USBHighSpeed), (22 bytes).
    Removing usb.o(i.USBHostAddrGet), (32 bytes).
    Removing usb.o(i.USBHostAddrSet), (32 bytes).
    Removing usb.o(i.USBHostEndpointConfig), (298 bytes).
    Removing usb.o(i.USBHostEndpointDataAck), (40 bytes).
    Removing usb.o(i.USBHostEndpointDataToggle), (114 bytes).
    Removing usb.o(i.USBHostEndpointPing), (44 bytes).
    Removing usb.o(i.USBHostEndpointSpeed), (124 bytes).
    Removing usb.o(i.USBHostEndpointStatusClear), (56 bytes).
    Removing usb.o(i.USBHostHubAddrGet), (32 bytes).
    Removing usb.o(i.USBHostHubAddrSet), (68 bytes).
    Removing usb.o(i.USBHostLPMConfig), (22 bytes).
    Removing usb.o(i.USBHostLPMResume), (14 bytes).
    Removing usb.o(i.USBHostLPMSend), (36 bytes).
    Removing usb.o(i.USBHostMode), (8 bytes).
    Removing usb.o(i.USBHostPwrConfig), (24 bytes).
    Removing usb.o(i.USBHostPwrDisable), (14 bytes).
    Removing usb.o(i.USBHostPwrEnable), (14 bytes).
    Removing usb.o(i.USBHostPwrFaultDisable), (14 bytes).
    Removing usb.o(i.USBHostPwrFaultEnable), (14 bytes).
    Removing usb.o(i.USBHostRequestIN), (20 bytes).
    Removing usb.o(i.USBHostRequestINClear), (24 bytes).
    Removing usb.o(i.USBHostRequestStatus), (8 bytes).
    Removing usb.o(i.USBHostReset), (22 bytes).
    Removing usb.o(i.USBHostResume), (22 bytes).
    Removing usb.o(i.USBHostSpeedGet), (48 bytes).
    Removing usb.o(i.USBHostSuspend), (10 bytes).
    Removing usb.o(i.USBIntDisableControl), (40 bytes).
    Removing usb.o(i.USBIntDisableEndpoint), (20 bytes).
    Removing usb.o(i.USBIntEnableControl), (40 bytes).
    Removing usb.o(i.USBIntEnableEndpoint), (22 bytes).
    Removing usb.o(i.USBIntRegister), (30 bytes).
    Removing usb.o(i.USBIntStatusControl), (64 bytes).
    Removing usb.o(i.USBIntStatusEndpoint), (12 bytes).
    Removing usb.o(i.USBIntUnregister), (26 bytes).
    Removing usb.o(i.USBLPMEndpointGet), (12 bytes).
    Removing usb.o(i.USBLPMIntDisable), (12 bytes).
    Removing usb.o(i.USBLPMIntEnable), (12 bytes).
    Removing usb.o(i.USBLPMIntStatus), (8 bytes).
    Removing usb.o(i.USBLPMLinkStateGet), (12 bytes).
    Removing usb.o(i.USBLPMRemoteWakeEnabled), (20 bytes).
    Removing usb.o(i.USBModeConfig), (6 bytes).
    Removing usb.o(i.USBModeGet), (12 bytes).
    Removing usb.o(i.USBNumEndpointsGet), (12 bytes).
    Removing usb.o(i.USBOTGMode), (8 bytes).
    Removing usb.o(i.USBOTGSessionRequest), (30 bytes).
    Removing usb.o(i.USBPHYPowerOff), (10 bytes).
    Removing usb.o(i.USBPHYPowerOn), (10 bytes).
    Removing usb.o(i.USBULPIConfig), (6 bytes).
    Removing usb.o(i.USBULPIDisable), (14 bytes).
    Removing usb.o(i.USBULPIEnable), (14 bytes).
    Removing usb.o(i.USBULPIRegRead), (38 bytes).
    Removing usb.o(i.USBULPIRegWrite), (34 bytes).
    Removing usb.o(i._USBIndexRead), (22 bytes).
    Removing usb.o(i._USBIndexWrite), (22 bytes).
    Removing usb.o(i._USBIntNumberGet), (60 bytes).
    Removing watchdog.o(i.WatchdogEnable), (10 bytes).
    Removing watchdog.o(i.WatchdogIntClear), (6 bytes).
    Removing watchdog.o(i.WatchdogIntEnable), (10 bytes).
    Removing watchdog.o(i.WatchdogIntRegister), (22 bytes).
    Removing watchdog.o(i.WatchdogIntStatus), (12 bytes).
    Removing watchdog.o(i.WatchdogIntTypeSet), (12 bytes).
    Removing watchdog.o(i.WatchdogIntUnregister), (18 bytes).
    Removing watchdog.o(i.WatchdogLock), (8 bytes).
    Removing watchdog.o(i.WatchdogLockState), (16 bytes).
    Removing watchdog.o(i.WatchdogReloadGet), (6 bytes).
    Removing watchdog.o(i.WatchdogReloadSet), (4 bytes).
    Removing watchdog.o(i.WatchdogResetDisable), (10 bytes).
    Removing watchdog.o(i.WatchdogResetEnable), (10 bytes).
    Removing watchdog.o(i.WatchdogRunning), (10 bytes).
    Removing watchdog.o(i.WatchdogStallDisable), (14 bytes).
    Removing watchdog.o(i.WatchdogStallEnable), (14 bytes).
    Removing watchdog.o(i.WatchdogUnlock), (12 bytes).
    Removing watchdog.o(i.WatchdogValueGet), (6 bytes).
    Removing bsp_encoder.o(i.Timer0AIntHandler), (44 bytes).
    Removing bsp_encoder.o(i.Timer0Init), (132 bytes).
    Removing bsp_encoder.o(.data), (4 bytes).
    Removing system_tm4c123.o(.rev16_text), (4 bytes).
    Removing system_tm4c123.o(.revsh_text), (4 bytes).
    Removing system_tm4c123.o(.rrx_text), (6 bytes).
    Removing system_tm4c123.o(i.SystemCoreClockUpdate), (196 bytes).
    Removing system_tm4c123.o(i.getOscClk), (244 bytes).
    Removing system_tm4c123.o(.data), (4 bytes).
    Removing epi.o(i.EPIWorkaroundWordWrite), (12 bytes).
    Removing epi.o(i.EPIWorkaroundWordRead), (14 bytes).
    Removing epi.o(i.EPIWorkaroundHWordWrite), (12 bytes).
    Removing epi.o(i.EPIWorkaroundHWordRead), (14 bytes).
    Removing epi.o(i.EPIWorkaroundByteWrite), (12 bytes).
    Removing epi.o(i.EPIWorkaroundByteRead), (14 bytes).

956 unused section(s) (total 35628 bytes) removed from the image.
