<html>
<body>
<pre>
<h1>礦ision Build Log</h1>
<h2>Tool Versions:</h2>
IDE-Version: μVision V5.36.0.0
Copyright (C) 2021 ARM Ltd and ARM Germany GmbH. All rights reserved.
License Information: s songy, ssongy, LIC=YA39H-WF5R0-9UM4U-SYV52-GJ9CP-LY6Z6
 
Tool Versions:
Toolchain:       MDK-ARM Plus  Version: 5.36.0.0
Toolchain Path:  C:\Keil_v5\ARM\ARMCC\Bin
C Compiler:      Armcc.exe V5.06 update 7 (build 960)
Assembler:       Armasm.exe V5.06 update 7 (build 960)
Linker/Locator:  ArmLink.exe V5.06 update 7 (build 960)
Library Manager: ArmAr.exe V5.06 update 7 (build 960)
Hex Converter:   FromElf.exe V5.06 update 7 (build 960)
CPU DLL:         SARMCM3.DLL V5.36.0.0
Dialog DLL:      DCM.DLL V1.17.3.0
Target DLL:      STLink\ST-LINKIII-KEIL_SWO.dll V3.0.9.0
Dialog DLL:      TCM.DLL V1.53.0.0
 
<h2>Project:</h2>
E:\Github_Source\小车驱动-TM4C123G-完美版\Myself\QEI - interrupt-OK\qei.uvprojx
Project File Date:  07/19/2023

<h2>Output:</h2>
*** Using Compiler 'V5.06 update 7 (build 960)', folder: 'C:\Keil_v5\ARM\ARMCC\Bin'
Rebuild target 'Target 1'
compiling des.c...
compiling interrupt.c...
compiling eeprom.c...
compiling crc.c...
compiling comp.c...
compiling fpu.c...
compiling hibernate.c...
compiling flash.c...
compiling gpio.c...
compiling epi.c...
compiling emac.c...
compiling i2c.c...
compiling aes.c...
compiling adc.c...
compiling can.c...
compiling cpu.c...
compiling lcd.c...
compiling mpu.c...
compiling onewire.c...
compiling pwm.c...
compiling qei.c...
compiling shamd5.c...
compiling sysexc.c...
compiling systick.c...
compiling sw_crc.c...
compiling watchdog.c...
assembling startup_TM4C123.s...
compiling ssi.c...
compiling udma.c...
compiling uart.c...
compiling main.c...
compiling timer.c...
compiling bsp_qei.c...
compiling bsp_usart.c...
compiling sysctl.c...
compiling usb.c...
compiling system_TM4C123.c...
linking...
Program Size: Code=3552 RO-data=2356 RW-data=1644 ZI-data=612  
FromELF: creating hex file...
".\Objects\qei.axf" - 0 Error(s), 0 Warning(s).

<h2>Software Packages used:</h2>

Package Vendor: ARM
                http://www.keil.com/pack/ARM.CMSIS.5.9.0.pack
                ARM.CMSIS.5.9.0
                CMSIS (Common Microcontroller Software Interface Standard)
   * Component: CORE Version: 5.6.0

Package Vendor: Keil
                http://www.keil.com/pack/Keil.TM4C_DFP.1.1.0.pack
                Keil.TM4C_DFP.1.1.0
                Texas Instruments Tiva C Series Device Support and Examples
   * Component: Startup Version: 1.0.1

<h2>Collection of Component include folders:</h2>
  .\RTE\_Target_1
  C:\Users\songy\AppData\Local\Arm\Packs\ARM\CMSIS\5.9.0\CMSIS\Core\Include
  C:\Users\songy\AppData\Local\Arm\Packs\Keil\TM4C_DFP\1.1.0\Device\Include\TM4C123

<h2>Collection of Component Files used:</h2>

   * Component: ARM::CMSIS:CORE:5.6.0

   * Component: Keil::Device:Startup:1.0.1
      Source file:   Device\Source\system_TM4C123.c
      Source file:   Device\Source\ARM\startup_TM4C123.s
      Include file:  Device\Include\TM4C123\TM4C123.h
Build Time Elapsed:  00:00:03
</pre>
</body>
</html>
